<?xml version="1.0" encoding="ISO-8859-1" ?>
<link_info>
   <banner>TI ARM Linker Unix v18.1.3.LTS</banner>
   <copyright>Copyright (c) 1996-2017 Texas Instruments Incorporated</copyright>
   <link_time>0x5ba73d4c</link_time>
   <link_errors>0x0</link_errors>
   <output_file>lcd_tiva.out</output_file>
   <entry_point>
      <name>_c_int00_noargs</name>
      <address>0x2f95</address>
   </entry_point>
   <input_file_list>
      <input_file id="fl-2">
         <path>./</path>
         <kind>object</kind>
         <file>tm4c123gh6pm_startup_ccs.obj</file>
         <name>tm4c123gh6pm_startup_ccs.obj</name>
      </input_file>
      <input_file id="fl-3">
         <path>./Tivaware_Dep/driverlib/</path>
         <kind>object</kind>
         <file>epi_workaround_ccs.obj</file>
         <name>epi_workaround_ccs.obj</name>
      </input_file>
      <input_file id="fl-4">
         <path>./Tivaware_Dep/drivers/</path>
         <kind>object</kind>
         <file>buttons.obj</file>
         <name>buttons.obj</name>
      </input_file>
      <input_file id="fl-5">
         <path>./Tivaware_Dep/drivers/</path>
         <kind>object</kind>
         <file>rgb.obj</file>
         <name>rgb.obj</name>
      </input_file>
      <input_file id="fl-6">
         <path>./Tivaware_Dep/utils/</path>
         <kind>object</kind>
         <file>softuart.obj</file>
         <name>softuart.obj</name>
      </input_file>
      <input_file id="fl-7">
         <path>./Tivaware_Dep/utils/</path>
         <kind>object</kind>
         <file>uartstdio.obj</file>
         <name>uartstdio.obj</name>
      </input_file>
      <input_file id="fl-8">
         <path>./Tivaware_Dep/utils/</path>
         <kind>object</kind>
         <file>ustdlib.obj</file>
         <name>ustdlib.obj</name>
      </input_file>
      <input_file id="fl-9">
         <path>./general_timer/</path>
         <kind>object</kind>
         <file>general_timer.obj</file>
         <name>general_timer.obj</name>
      </input_file>
      <input_file id="fl-a">
         <path>./src/</path>
         <kind>object</kind>
         <file>lcd_driver.obj</file>
         <name>lcd_driver.obj</name>
      </input_file>
      <input_file id="fl-b">
         <path>./src/</path>
         <kind>object</kind>
         <file>lcd_utils.obj</file>
         <name>lcd_utils.obj</name>
      </input_file>
      <input_file id="fl-c">
         <path>./src/</path>
         <kind>object</kind>
         <file>main.obj</file>
         <name>main.obj</name>
      </input_file>
      <input_file id="fl-15">
         <kind>object</kind>
         <file>&lt;internal&gt;</file>
         <name>&lt;internal&gt;</name>
      </input_file>
      <input_file id="fl-16">
         <path>../Tivaware_Dep/driverlib/ccs/Debug/</path>
         <kind>archive</kind>
         <file>driverlib.lib</file>
         <name>gpio.obj</name>
      </input_file>
      <input_file id="fl-17">
         <path>../Tivaware_Dep/driverlib/ccs/Debug/</path>
         <kind>archive</kind>
         <file>driverlib.lib</file>
         <name>interrupt.obj</name>
      </input_file>
      <input_file id="fl-18">
         <path>../Tivaware_Dep/driverlib/ccs/Debug/</path>
         <kind>archive</kind>
         <file>driverlib.lib</file>
         <name>sysctl.obj</name>
      </input_file>
      <input_file id="fl-19">
         <path>../Tivaware_Dep/driverlib/ccs/Debug/</path>
         <kind>archive</kind>
         <file>driverlib.lib</file>
         <name>timer.obj</name>
      </input_file>
      <input_file id="fl-1a">
         <path>../Tivaware_Dep/driverlib/ccs/Debug/</path>
         <kind>archive</kind>
         <file>driverlib.lib</file>
         <name>cpu.obj</name>
      </input_file>
      <input_file id="fl-d0">
         <path>/home/kd/ti/ccsv8/tools/compiler/ti-cgt-arm_18.1.3.LTS/lib/</path>
         <kind>archive</kind>
         <file>rtsv7M4_T_le_v4SPD16_eabi.lib</file>
         <name>memset_t2.asm.obj</name>
      </input_file>
      <input_file id="fl-d1">
         <path>/home/kd/ti/ccsv8/tools/compiler/ti-cgt-arm_18.1.3.LTS/lib/</path>
         <kind>archive</kind>
         <file>rtsv7M4_T_le_v4SPD16_eabi.lib</file>
         <name>u_divt2.asm.obj</name>
      </input_file>
      <input_file id="fl-d2">
         <path>/home/kd/ti/ccsv8/tools/compiler/ti-cgt-arm_18.1.3.LTS/lib/</path>
         <kind>archive</kind>
         <file>rtsv7M4_T_le_v4SPD16_eabi.lib</file>
         <name>fd_cmp_t2.asm.obj</name>
      </input_file>
      <input_file id="fl-d3">
         <path>/home/kd/ti/ccsv8/tools/compiler/ti-cgt-arm_18.1.3.LTS/lib/</path>
         <kind>archive</kind>
         <file>rtsv7M4_T_le_v4SPD16_eabi.lib</file>
         <name>fd_div_t2.asm.obj</name>
      </input_file>
      <input_file id="fl-d4">
         <path>/home/kd/ti/ccsv8/tools/compiler/ti-cgt-arm_18.1.3.LTS/lib/</path>
         <kind>archive</kind>
         <file>rtsv7M4_T_le_v4SPD16_eabi.lib</file>
         <name>fd_mul_t2.asm.obj</name>
      </input_file>
      <input_file id="fl-d5">
         <path>/home/kd/ti/ccsv8/tools/compiler/ti-cgt-arm_18.1.3.LTS/lib/</path>
         <kind>archive</kind>
         <file>rtsv7M4_T_le_v4SPD16_eabi.lib</file>
         <name>fd_toull_t2.asm.obj</name>
      </input_file>
      <input_file id="fl-d6">
         <path>/home/kd/ti/ccsv8/tools/compiler/ti-cgt-arm_18.1.3.LTS/lib/</path>
         <kind>archive</kind>
         <file>rtsv7M4_T_le_v4SPD16_eabi.lib</file>
         <name>fs_toull_t2.asm.obj</name>
      </input_file>
      <input_file id="fl-d7">
         <path>/home/kd/ti/ccsv8/tools/compiler/ti-cgt-arm_18.1.3.LTS/lib/</path>
         <kind>archive</kind>
         <file>rtsv7M4_T_le_v4SPD16_eabi.lib</file>
         <name>memcpy_t2.asm.obj</name>
      </input_file>
      <input_file id="fl-d8">
         <path>/home/kd/ti/ccsv8/tools/compiler/ti-cgt-arm_18.1.3.LTS/lib/</path>
         <kind>archive</kind>
         <file>rtsv7M4_T_le_v4SPD16_eabi.lib</file>
         <name>u_tofd_t2.asm.obj</name>
      </input_file>
      <input_file id="fl-d9">
         <path>/home/kd/ti/ccsv8/tools/compiler/ti-cgt-arm_18.1.3.LTS/lib/</path>
         <kind>archive</kind>
         <file>rtsv7M4_T_le_v4SPD16_eabi.lib</file>
         <name>ull_tofd_t2.asm.obj</name>
      </input_file>
      <input_file id="fl-da">
         <path>/home/kd/ti/ccsv8/tools/compiler/ti-cgt-arm_18.1.3.LTS/lib/</path>
         <kind>archive</kind>
         <file>rtsv7M4_T_le_v4SPD16_eabi.lib</file>
         <name>copy_zero_init.c.obj</name>
      </input_file>
      <input_file id="fl-db">
         <path>/home/kd/ti/ccsv8/tools/compiler/ti-cgt-arm_18.1.3.LTS/lib/</path>
         <kind>archive</kind>
         <file>rtsv7M4_T_le_v4SPD16_eabi.lib</file>
         <name>copy_decompress_none.c.obj</name>
      </input_file>
      <input_file id="fl-dc">
         <path>/home/kd/ti/ccsv8/tools/compiler/ti-cgt-arm_18.1.3.LTS/lib/</path>
         <kind>archive</kind>
         <file>rtsv7M4_T_le_v4SPD16_eabi.lib</file>
         <name>copy_decompress_lzss.c.obj</name>
      </input_file>
      <input_file id="fl-dd">
         <path>/home/kd/ti/ccsv8/tools/compiler/ti-cgt-arm_18.1.3.LTS/lib/</path>
         <kind>archive</kind>
         <file>rtsv7M4_T_le_v4SPD16_eabi.lib</file>
         <name>assert.c.obj</name>
      </input_file>
      <input_file id="fl-de">
         <path>/home/kd/ti/ccsv8/tools/compiler/ti-cgt-arm_18.1.3.LTS/lib/</path>
         <kind>archive</kind>
         <file>rtsv7M4_T_le_v4SPD16_eabi.lib</file>
         <name>defs.c.obj</name>
      </input_file>
      <input_file id="fl-df">
         <path>/home/kd/ti/ccsv8/tools/compiler/ti-cgt-arm_18.1.3.LTS/lib/</path>
         <kind>archive</kind>
         <file>rtsv7M4_T_le_v4SPD16_eabi.lib</file>
         <name>fflush.c.obj</name>
      </input_file>
      <input_file id="fl-e0">
         <path>/home/kd/ti/ccsv8/tools/compiler/ti-cgt-arm_18.1.3.LTS/lib/</path>
         <kind>archive</kind>
         <file>rtsv7M4_T_le_v4SPD16_eabi.lib</file>
         <name>fputs.c.obj</name>
      </input_file>
      <input_file id="fl-e1">
         <path>/home/kd/ti/ccsv8/tools/compiler/ti-cgt-arm_18.1.3.LTS/lib/</path>
         <kind>archive</kind>
         <file>rtsv7M4_T_le_v4SPD16_eabi.lib</file>
         <name>isdigit.c.obj</name>
      </input_file>
      <input_file id="fl-e2">
         <path>/home/kd/ti/ccsv8/tools/compiler/ti-cgt-arm_18.1.3.LTS/lib/</path>
         <kind>archive</kind>
         <file>rtsv7M4_T_le_v4SPD16_eabi.lib</file>
         <name>isspace.c.obj</name>
      </input_file>
      <input_file id="fl-e3">
         <path>/home/kd/ti/ccsv8/tools/compiler/ti-cgt-arm_18.1.3.LTS/lib/</path>
         <kind>archive</kind>
         <file>rtsv7M4_T_le_v4SPD16_eabi.lib</file>
         <name>memchr.c.obj</name>
      </input_file>
      <input_file id="fl-e4">
         <path>/home/kd/ti/ccsv8/tools/compiler/ti-cgt-arm_18.1.3.LTS/lib/</path>
         <kind>archive</kind>
         <file>rtsv7M4_T_le_v4SPD16_eabi.lib</file>
         <name>strlen.c.obj</name>
      </input_file>
      <input_file id="fl-e5">
         <path>/home/kd/ti/ccsv8/tools/compiler/ti-cgt-arm_18.1.3.LTS/lib/</path>
         <kind>archive</kind>
         <file>rtsv7M4_T_le_v4SPD16_eabi.lib</file>
         <name>write.c.obj</name>
      </input_file>
      <input_file id="fl-e6">
         <path>/home/kd/ti/ccsv8/tools/compiler/ti-cgt-arm_18.1.3.LTS/lib/</path>
         <kind>archive</kind>
         <file>rtsv7M4_T_le_v4SPD16_eabi.lib</file>
         <name>boot_cortex_m.c.obj</name>
      </input_file>
      <input_file id="fl-e7">
         <path>/home/kd/ti/ccsv8/tools/compiler/ti-cgt-arm_18.1.3.LTS/lib/</path>
         <kind>archive</kind>
         <file>rtsv7M4_T_le_v4SPD16_eabi.lib</file>
         <name>div0.asm.obj</name>
      </input_file>
      <input_file id="fl-e8">
         <path>/home/kd/ti/ccsv8/tools/compiler/ti-cgt-arm_18.1.3.LTS/lib/</path>
         <kind>archive</kind>
         <file>rtsv7M4_T_le_v4SPD16_eabi.lib</file>
         <name>autoinit.c.obj</name>
      </input_file>
      <input_file id="fl-e9">
         <path>/home/kd/ti/ccsv8/tools/compiler/ti-cgt-arm_18.1.3.LTS/lib/</path>
         <kind>archive</kind>
         <file>rtsv7M4_T_le_v4SPD16_eabi.lib</file>
         <name>pre_init.c.obj</name>
      </input_file>
      <input_file id="fl-ea">
         <path>/home/kd/ti/ccsv8/tools/compiler/ti-cgt-arm_18.1.3.LTS/lib/</path>
         <kind>archive</kind>
         <file>rtsv7M4_T_le_v4SPD16_eabi.lib</file>
         <name>cpy_tbl.c.obj</name>
      </input_file>
      <input_file id="fl-eb">
         <path>/home/kd/ti/ccsv8/tools/compiler/ti-cgt-arm_18.1.3.LTS/lib/</path>
         <kind>archive</kind>
         <file>rtsv7M4_T_le_v4SPD16_eabi.lib</file>
         <name>exit.c.obj</name>
      </input_file>
      <input_file id="fl-ec">
         <path>/home/kd/ti/ccsv8/tools/compiler/ti-cgt-arm_18.1.3.LTS/lib/</path>
         <kind>archive</kind>
         <file>rtsv7M4_T_le_v4SPD16_eabi.lib</file>
         <name>_io_perm.c.obj</name>
      </input_file>
      <input_file id="fl-ed">
         <path>/home/kd/ti/ccsv8/tools/compiler/ti-cgt-arm_18.1.3.LTS/lib/</path>
         <kind>archive</kind>
         <file>rtsv7M4_T_le_v4SPD16_eabi.lib</file>
         <name>_lock.c.obj</name>
      </input_file>
      <input_file id="fl-ee">
         <path>/home/kd/ti/ccsv8/tools/compiler/ti-cgt-arm_18.1.3.LTS/lib/</path>
         <kind>archive</kind>
         <file>rtsv7M4_T_le_v4SPD16_eabi.lib</file>
         <name>args_main.c.obj</name>
      </input_file>
      <input_file id="fl-ef">
         <path>/home/kd/ti/ccsv8/tools/compiler/ti-cgt-arm_18.1.3.LTS/lib/</path>
         <kind>archive</kind>
         <file>rtsv7M4_T_le_v4SPD16_eabi.lib</file>
         <name>ctype.c.obj</name>
      </input_file>
      <input_file id="fl-f0">
         <path>/home/kd/ti/ccsv8/tools/compiler/ti-cgt-arm_18.1.3.LTS/lib/</path>
         <kind>archive</kind>
         <file>rtsv7M4_T_le_v4SPD16_eabi.lib</file>
         <name>fseek.c.obj</name>
      </input_file>
      <input_file id="fl-f1">
         <path>/home/kd/ti/ccsv8/tools/compiler/ti-cgt-arm_18.1.3.LTS/lib/</path>
         <kind>archive</kind>
         <file>rtsv7M4_T_le_v4SPD16_eabi.lib</file>
         <name>lseek.c.obj</name>
      </input_file>
      <input_file id="fl-f2">
         <path>/home/kd/ti/ccsv8/tools/compiler/ti-cgt-arm_18.1.3.LTS/lib/</path>
         <kind>archive</kind>
         <file>rtsv7M4_T_le_v4SPD16_eabi.lib</file>
         <name>setvbuf.c.obj</name>
      </input_file>
      <input_file id="fl-f3">
         <path>/home/kd/ti/ccsv8/tools/compiler/ti-cgt-arm_18.1.3.LTS/lib/</path>
         <kind>archive</kind>
         <file>rtsv7M4_T_le_v4SPD16_eabi.lib</file>
         <name>hostclose.c.obj</name>
      </input_file>
      <input_file id="fl-f4">
         <path>/home/kd/ti/ccsv8/tools/compiler/ti-cgt-arm_18.1.3.LTS/lib/</path>
         <kind>archive</kind>
         <file>rtsv7M4_T_le_v4SPD16_eabi.lib</file>
         <name>hostlseek.c.obj</name>
      </input_file>
      <input_file id="fl-f5">
         <path>/home/kd/ti/ccsv8/tools/compiler/ti-cgt-arm_18.1.3.LTS/lib/</path>
         <kind>archive</kind>
         <file>rtsv7M4_T_le_v4SPD16_eabi.lib</file>
         <name>hostopen.c.obj</name>
      </input_file>
      <input_file id="fl-f6">
         <path>/home/kd/ti/ccsv8/tools/compiler/ti-cgt-arm_18.1.3.LTS/lib/</path>
         <kind>archive</kind>
         <file>rtsv7M4_T_le_v4SPD16_eabi.lib</file>
         <name>hostread.c.obj</name>
      </input_file>
      <input_file id="fl-f7">
         <path>/home/kd/ti/ccsv8/tools/compiler/ti-cgt-arm_18.1.3.LTS/lib/</path>
         <kind>archive</kind>
         <file>rtsv7M4_T_le_v4SPD16_eabi.lib</file>
         <name>hostrename.c.obj</name>
      </input_file>
      <input_file id="fl-f8">
         <path>/home/kd/ti/ccsv8/tools/compiler/ti-cgt-arm_18.1.3.LTS/lib/</path>
         <kind>archive</kind>
         <file>rtsv7M4_T_le_v4SPD16_eabi.lib</file>
         <name>hostunlink.c.obj</name>
      </input_file>
      <input_file id="fl-f9">
         <path>/home/kd/ti/ccsv8/tools/compiler/ti-cgt-arm_18.1.3.LTS/lib/</path>
         <kind>archive</kind>
         <file>rtsv7M4_T_le_v4SPD16_eabi.lib</file>
         <name>hostwrite.c.obj</name>
      </input_file>
      <input_file id="fl-fa">
         <path>/home/kd/ti/ccsv8/tools/compiler/ti-cgt-arm_18.1.3.LTS/lib/</path>
         <kind>archive</kind>
         <file>rtsv7M4_T_le_v4SPD16_eabi.lib</file>
         <name>trgmsg.c.obj</name>
      </input_file>
      <input_file id="fl-fb">
         <path>/home/kd/ti/ccsv8/tools/compiler/ti-cgt-arm_18.1.3.LTS/lib/</path>
         <kind>archive</kind>
         <file>rtsv7M4_T_le_v4SPD16_eabi.lib</file>
         <name>memory.c.obj</name>
      </input_file>
      <input_file id="fl-fc">
         <path>/home/kd/ti/ccsv8/tools/compiler/ti-cgt-arm_18.1.3.LTS/lib/</path>
         <kind>archive</kind>
         <file>rtsv7M4_T_le_v4SPD16_eabi.lib</file>
         <name>fopen.c.obj</name>
      </input_file>
      <input_file id="fl-fd">
         <path>/home/kd/ti/ccsv8/tools/compiler/ti-cgt-arm_18.1.3.LTS/lib/</path>
         <kind>archive</kind>
         <file>rtsv7M4_T_le_v4SPD16_eabi.lib</file>
         <name>open.c.obj</name>
      </input_file>
      <input_file id="fl-fe">
         <path>/home/kd/ti/ccsv8/tools/compiler/ti-cgt-arm_18.1.3.LTS/lib/</path>
         <kind>archive</kind>
         <file>rtsv7M4_T_le_v4SPD16_eabi.lib</file>
         <name>strcpy.c.obj</name>
      </input_file>
      <input_file id="fl-ff">
         <path>/home/kd/ti/ccsv8/tools/compiler/ti-cgt-arm_18.1.3.LTS/lib/</path>
         <kind>archive</kind>
         <file>rtsv7M4_T_le_v4SPD16_eabi.lib</file>
         <name>fclose.c.obj</name>
      </input_file>
      <input_file id="fl-100">
         <path>/home/kd/ti/ccsv8/tools/compiler/ti-cgt-arm_18.1.3.LTS/lib/</path>
         <kind>archive</kind>
         <file>rtsv7M4_T_le_v4SPD16_eabi.lib</file>
         <name>getdevice.c.obj</name>
      </input_file>
      <input_file id="fl-101">
         <path>/home/kd/ti/ccsv8/tools/compiler/ti-cgt-arm_18.1.3.LTS/lib/</path>
         <kind>archive</kind>
         <file>rtsv7M4_T_le_v4SPD16_eabi.lib</file>
         <name>remove.c.obj</name>
      </input_file>
      <input_file id="fl-102">
         <path>/home/kd/ti/ccsv8/tools/compiler/ti-cgt-arm_18.1.3.LTS/lib/</path>
         <kind>archive</kind>
         <file>rtsv7M4_T_le_v4SPD16_eabi.lib</file>
         <name>strchr.c.obj</name>
      </input_file>
      <input_file id="fl-103">
         <path>/home/kd/ti/ccsv8/tools/compiler/ti-cgt-arm_18.1.3.LTS/lib/</path>
         <kind>archive</kind>
         <file>rtsv7M4_T_le_v4SPD16_eabi.lib</file>
         <name>strcmp.c.obj</name>
      </input_file>
      <input_file id="fl-104">
         <path>/home/kd/ti/ccsv8/tools/compiler/ti-cgt-arm_18.1.3.LTS/lib/</path>
         <kind>archive</kind>
         <file>rtsv7M4_T_le_v4SPD16_eabi.lib</file>
         <name>strncpy.c.obj</name>
      </input_file>
      <input_file id="fl-105">
         <path>/home/kd/ti/ccsv8/tools/compiler/ti-cgt-arm_18.1.3.LTS/lib/</path>
         <kind>archive</kind>
         <file>rtsv7M4_T_le_v4SPD16_eabi.lib</file>
         <name>unlink.c.obj</name>
      </input_file>
      <input_file id="fl-106">
         <path>/home/kd/ti/ccsv8/tools/compiler/ti-cgt-arm_18.1.3.LTS/lib/</path>
         <kind>archive</kind>
         <file>rtsv7M4_T_le_v4SPD16_eabi.lib</file>
         <name>close.c.obj</name>
      </input_file>
   </input_file_list>
   <object_component_list>
      <object_component id="oc-f">
         <name>.intvecs</name>
         <load_address>0x0</load_address>
         <run_address>0x0</run_address>
         <size>0x26c</size>
         <input_file_ref idref="fl-2"/>
      </object_component>
      <object_component id="oc-140">
         <name>.text</name>
         <load_address>0x26c</load_address>
         <run_address>0x26c</run_address>
         <size>0xff4</size>
         <input_file_ref idref="fl-b"/>
      </object_component>
      <object_component id="oc-d8">
         <name>.text</name>
         <load_address>0x1260</load_address>
         <run_address>0x1260</run_address>
         <size>0x80e</size>
         <input_file_ref idref="fl-a"/>
      </object_component>
      <object_component id="oc-25c">
         <name>.text:_nop</name>
         <load_address>0x1a6e</load_address>
         <run_address>0x1a6e</run_address>
         <size>0x2</size>
         <input_file_ref idref="fl-ed"/>
      </object_component>
      <object_component id="oc-de">
         <name>.text</name>
         <load_address>0x1a70</load_address>
         <run_address>0x1a70</run_address>
         <size>0x1a8</size>
         <input_file_ref idref="fl-9"/>
      </object_component>
      <object_component id="oc-9f">
         <name>.text</name>
         <load_address>0x1c18</load_address>
         <run_address>0x1c18</run_address>
         <size>0x180</size>
         <input_file_ref idref="fl-c"/>
      </object_component>
      <object_component id="oc-177">
         <name>.text</name>
         <load_address>0x1d98</load_address>
         <run_address>0x1d98</run_address>
         <size>0x136</size>
         <input_file_ref idref="fl-d3"/>
      </object_component>
      <object_component id="oc-1fc">
         <name>.text:GPIOPadConfigSet</name>
         <load_address>0x1ece</load_address>
         <run_address>0x1ece</run_address>
         <size>0x132</size>
         <input_file_ref idref="fl-16"/>
      </object_component>
      <object_component id="oc-171">
         <name>.text:SysCtlClockGet</name>
         <load_address>0x2000</load_address>
         <run_address>0x2000</run_address>
         <size>0x118</size>
         <input_file_ref idref="fl-18"/>
      </object_component>
      <object_component id="oc-211">
         <name>.text:fputs</name>
         <load_address>0x2118</load_address>
         <run_address>0x2118</run_address>
         <size>0x114</size>
         <input_file_ref idref="fl-e0"/>
      </object_component>
      <object_component id="oc-23d">
         <name>.text</name>
         <load_address>0x222c</load_address>
         <run_address>0x222c</run_address>
         <size>0xfc</size>
         <input_file_ref idref="fl-d4"/>
      </object_component>
      <object_component id="oc-d2">
         <name>.text:SysCtlClockSet</name>
         <load_address>0x2328</load_address>
         <run_address>0x2328</run_address>
         <size>0xf4</size>
         <input_file_ref idref="fl-18"/>
      </object_component>
      <object_component id="oc-2e3">
         <name>.text:setvbuf</name>
         <load_address>0x241c</load_address>
         <run_address>0x241c</run_address>
         <size>0xdc</size>
         <input_file_ref idref="fl-f2"/>
      </object_component>
      <object_component id="oc-305">
         <name>.text:free</name>
         <load_address>0x24f8</load_address>
         <run_address>0x24f8</run_address>
         <size>0xd8</size>
         <input_file_ref idref="fl-fb"/>
      </object_component>
      <object_component id="oc-3b">
         <name>.text</name>
         <load_address>0x25d0</load_address>
         <run_address>0x25d0</run_address>
         <size>0x9c</size>
         <input_file_ref idref="fl-d7"/>
      </object_component>
      <object_component id="oc-247">
         <name>.text:__aeabi_cdcmple</name>
         <load_address>0x266c</load_address>
         <run_address>0x266c</run_address>
         <size>0x86</size>
         <input_file_ref idref="fl-d2"/>
      </object_component>
      <object_component id="oc-217">
         <name>.text:fflush</name>
         <load_address>0x26f4</load_address>
         <run_address>0x26f4</run_address>
         <size>0x7c</size>
         <input_file_ref idref="fl-df"/>
      </object_component>
      <object_component id="oc-93">
         <name>.text</name>
         <load_address>0x2770</load_address>
         <run_address>0x2770</run_address>
         <size>0x7a</size>
         <input_file_ref idref="fl-d0"/>
      </object_component>
      <object_component id="oc-30b">
         <name>.text:malloc</name>
         <load_address>0x27ec</load_address>
         <run_address>0x27ec</run_address>
         <size>0x78</size>
         <input_file_ref idref="fl-fb"/>
      </object_component>
      <object_component id="oc-34e">
         <name>.text:__TI_closefile</name>
         <load_address>0x2864</load_address>
         <run_address>0x2864</run_address>
         <size>0x74</size>
         <input_file_ref idref="fl-ff"/>
      </object_component>
      <object_component id="oc-36f">
         <name>.text:HOSTlseek</name>
         <load_address>0x28d8</load_address>
         <run_address>0x28d8</run_address>
         <size>0x68</size>
         <input_file_ref idref="fl-f4"/>
      </object_component>
      <object_component id="oc-37b">
         <name>.text:HOSTrename</name>
         <load_address>0x2940</load_address>
         <run_address>0x2940</run_address>
         <size>0x68</size>
         <input_file_ref idref="fl-f7"/>
      </object_component>
      <object_component id="oc-12">
         <name>.text:decompress:lzss:__TI_decompress_lzss</name>
         <load_address>0x29a8</load_address>
         <run_address>0x29a8</run_address>
         <size>0x68</size>
         <input_file_ref idref="fl-dc"/>
      </object_component>
      <object_component id="oc-2dd">
         <name>.text:fseek</name>
         <load_address>0x2a10</load_address>
         <run_address>0x2a10</run_address>
         <size>0x64</size>
         <input_file_ref idref="fl-f0"/>
      </object_component>
      <object_component id="oc-290">
         <name>.text:__TI_wrt_ok</name>
         <load_address>0x2a74</load_address>
         <run_address>0x2a74</run_address>
         <size>0x62</size>
         <input_file_ref idref="fl-ec"/>
      </object_component>
      <object_component id="oc-357">
         <name>.text:HOSTopen</name>
         <load_address>0x2ad8</load_address>
         <run_address>0x2ad8</run_address>
         <size>0x60</size>
         <input_file_ref idref="fl-f5"/>
      </object_component>
      <object_component id="oc-17c">
         <name>.text:TimerConfigure</name>
         <load_address>0x2b38</load_address>
         <run_address>0x2b38</run_address>
         <size>0x60</size>
         <input_file_ref idref="fl-19"/>
      </object_component>
      <object_component id="oc-38a">
         <name>.text:close</name>
         <load_address>0x2b98</load_address>
         <run_address>0x2b98</run_address>
         <size>0x5c</size>
         <input_file_ref idref="fl-106"/>
      </object_component>
      <object_component id="oc-242">
         <name>.text</name>
         <load_address>0x2bf4</load_address>
         <run_address>0x2bf4</run_address>
         <size>0x5c</size>
         <input_file_ref idref="fl-d5"/>
      </object_component>
      <object_component id="oc-363">
         <name>.text:HOSTread</name>
         <load_address>0x2c50</load_address>
         <run_address>0x2c50</run_address>
         <size>0x58</size>
         <input_file_ref idref="fl-f6"/>
      </object_component>
      <object_component id="oc-369">
         <name>.text:HOSTwrite</name>
         <load_address>0x2ca8</load_address>
         <run_address>0x2ca8</run_address>
         <size>0x58</size>
         <input_file_ref idref="fl-f9"/>
      </object_component>
      <object_component id="oc-29c">
         <name>.text:__TI_doflush</name>
         <load_address>0x2d00</load_address>
         <run_address>0x2d00</run_address>
         <size>0x4c</size>
         <input_file_ref idref="fl-df"/>
      </object_component>
      <object_component id="oc-105">
         <name>.text:exit</name>
         <load_address>0x2d4c</load_address>
         <run_address>0x2d4c</run_address>
         <size>0x48</size>
         <input_file_ref idref="fl-eb"/>
      </object_component>
      <object_component id="oc-35d">
         <name>.text:HOSTclose</name>
         <load_address>0x2d94</load_address>
         <run_address>0x2d94</run_address>
         <size>0x44</size>
         <input_file_ref idref="fl-f3"/>
      </object_component>
      <object_component id="oc-375">
         <name>.text:HOSTunlink</name>
         <load_address>0x2dd8</load_address>
         <run_address>0x2dd8</run_address>
         <size>0x44</size>
         <input_file_ref idref="fl-f8"/>
      </object_component>
      <object_component id="oc-195">
         <name>.text:_ZN12GeneralTimer10timeToTickERKy</name>
         <load_address>0x2e1c</load_address>
         <run_address>0x2e1c</run_address>
         <size>0x44</size>
         <input_file_ref idref="fl-9"/>
      </object_component>
      <object_component id="oc-10b">
         <name>.text:__TI_auto_init_nobinit_nopinit:__TI_auto_init_nobinit_nopinit</name>
         <load_address>0x2e60</load_address>
         <run_address>0x2e60</run_address>
         <size>0x44</size>
         <input_file_ref idref="fl-e8"/>
      </object_component>
      <object_component id="oc-3bd">
         <name>.text:getdevice</name>
         <load_address>0x2ea4</load_address>
         <run_address>0x2ea4</run_address>
         <size>0x44</size>
         <input_file_ref idref="fl-100"/>
      </object_component>
      <object_component id="oc-343">
         <name>.text:minsert</name>
         <load_address>0x2ee8</load_address>
         <run_address>0x2ee8</run_address>
         <size>0x3c</size>
         <input_file_ref idref="fl-fb"/>
      </object_component>
      <object_component id="oc-158">
         <name>.text:SysCtlPeripheralReady</name>
         <load_address>0x2f24</load_address>
         <run_address>0x2f24</run_address>
         <size>0x38</size>
         <input_file_ref idref="fl-18"/>
      </object_component>
      <object_component id="oc-399">
         <name>.text:__TI_writemsg</name>
         <load_address>0x2f5c</load_address>
         <run_address>0x2f5c</run_address>
         <size>0x38</size>
         <input_file_ref idref="fl-fa"/>
      </object_component>
      <object_component id="oc-59">
         <name>.text:_c_int00_noargs:_c_int00_noargs</name>
         <load_address>0x2f94</load_address>
         <run_address>0x2f94</run_address>
         <size>0x38</size>
         <input_file_ref idref="fl-e6"/>
      </object_component>
      <object_component id="oc-337">
         <name>.text:minit</name>
         <load_address>0x2fcc</load_address>
         <run_address>0x2fcc</run_address>
         <size>0x38</size>
         <input_file_ref idref="fl-fb"/>
      </object_component>
      <object_component id="oc-3e5">
         <name>.text:strncpy</name>
         <load_address>0x3004</load_address>
         <run_address>0x3004</run_address>
         <size>0x36</size>
         <input_file_ref idref="fl-104"/>
      </object_component>
      <object_component id="oc-152">
         <name>.text:SysCtlPeripheralEnable</name>
         <load_address>0x303c</load_address>
         <run_address>0x303c</run_address>
         <size>0x34</size>
         <input_file_ref idref="fl-18"/>
      </object_component>
      <object_component id="oc-311">
         <name>.text:__TI_cleanup</name>
         <load_address>0x3070</load_address>
         <run_address>0x3070</run_address>
         <size>0x34</size>
         <input_file_ref idref="fl-fc"/>
      </object_component>
      <object_component id="oc-39f">
         <name>.text:__TI_readmsg</name>
         <load_address>0x30a4</load_address>
         <run_address>0x30a4</run_address>
         <size>0x34</size>
         <input_file_ref idref="fl-fa"/>
      </object_component>
      <object_component id="oc-3eb">
         <name>.text:finddevice</name>
         <load_address>0x30d8</load_address>
         <run_address>0x30d8</run_address>
         <size>0x30</size>
         <input_file_ref idref="fl-100"/>
      </object_component>
      <object_component id="oc-27b">
         <name>.text:GPIODirModeSet</name>
         <load_address>0x3108</load_address>
         <run_address>0x3108</run_address>
         <size>0x2c</size>
         <input_file_ref idref="fl-16"/>
      </object_component>
      <object_component id="oc-238">
         <name>.text</name>
         <load_address>0x3134</load_address>
         <run_address>0x3134</run_address>
         <size>0x2c</size>
         <input_file_ref idref="fl-d9"/>
      </object_component>
      <object_component id="oc-390">
         <name>.text:unlink</name>
         <load_address>0x3160</load_address>
         <run_address>0x3160</run_address>
         <size>0x2c</size>
         <input_file_ref idref="fl-105"/>
      </object_component>
      <object_component id="oc-2fd">
         <name>.text:lseek</name>
         <load_address>0x318c</load_address>
         <run_address>0x318c</run_address>
         <size>0x28</size>
         <input_file_ref idref="fl-f1"/>
      </object_component>
      <object_component id="oc-33d">
         <name>.text:mremove</name>
         <load_address>0x31b4</load_address>
         <run_address>0x31b4</run_address>
         <size>0x28</size>
         <input_file_ref idref="fl-fb"/>
      </object_component>
      <object_component id="oc-2a2">
         <name>.text:write</name>
         <load_address>0x31dc</load_address>
         <run_address>0x31dc</run_address>
         <size>0x28</size>
         <input_file_ref idref="fl-e5"/>
      </object_component>
      <object_component id="oc-18e">
         <name>.text:_ZN12GeneralTimer10tickToTimeERKy</name>
         <load_address>0x3204</load_address>
         <run_address>0x3204</run_address>
         <size>0x22</size>
         <input_file_ref idref="fl-9"/>
      </object_component>
      <object_component id="oc-296">
         <name>.text:memchr</name>
         <load_address>0x3226</load_address>
         <run_address>0x3226</run_address>
         <size>0x20</size>
         <input_file_ref idref="fl-e3"/>
      </object_component>
      <object_component id="oc-16c">
         <name>.text</name>
         <load_address>0x3246</load_address>
         <run_address>0x3246</run_address>
         <size>0x20</size>
         <input_file_ref idref="fl-d8"/>
      </object_component>
      <object_component id="oc-146">
         <name>.text:_abort_msg</name>
         <load_address>0x3268</load_address>
         <run_address>0x3268</run_address>
         <size>0x1c</size>
         <input_file_ref idref="fl-dd"/>
      </object_component>
      <object_component id="oc-1ea">
         <name>.text:GPIOPinTypeGPIOOutput</name>
         <load_address>0x3284</load_address>
         <run_address>0x3284</run_address>
         <size>0x18</size>
         <input_file_ref idref="fl-16"/>
      </object_component>
      <object_component id="oc-404">
         <name>.text:strcmp</name>
         <load_address>0x329c</load_address>
         <run_address>0x329c</run_address>
         <size>0x18</size>
         <input_file_ref idref="fl-103"/>
      </object_component>
      <object_component id="oc-1e4">
         <name>.text:GPIOPinTypeGPIOInput</name>
         <load_address>0x32b4</load_address>
         <run_address>0x32b4</run_address>
         <size>0x16</size>
         <input_file_ref idref="fl-16"/>
      </object_component>
      <object_component id="oc-166">
         <name>.text:TimerValueGet64</name>
         <load_address>0x32ca</load_address>
         <run_address>0x32ca</run_address>
         <size>0x16</size>
         <input_file_ref idref="fl-19"/>
      </object_component>
      <object_component id="oc-3df">
         <name>.text:strchr</name>
         <load_address>0x32e0</load_address>
         <run_address>0x32e0</run_address>
         <size>0x16</size>
         <input_file_ref idref="fl-102"/>
      </object_component>
      <object_component id="oc-3b3">
         <name>.text:strcpy</name>
         <load_address>0x32f6</load_address>
         <run_address>0x32f6</run_address>
         <size>0x14</size>
         <input_file_ref idref="fl-fe"/>
      </object_component>
      <object_component id="oc-14c">
         <name>.text:strlen</name>
         <load_address>0x330a</load_address>
         <run_address>0x330a</run_address>
         <size>0x14</size>
         <input_file_ref idref="fl-e4"/>
      </object_component>
      <object_component id="oc-47">
         <name>.text:decompress:ZI:__TI_zero_init_nomemset:__TI_zero_init_nomemset</name>
         <load_address>0x331e</load_address>
         <run_address>0x331e</run_address>
         <size>0x12</size>
         <input_file_ref idref="fl-da"/>
      </object_component>
      <object_component id="oc-208">
         <name>.text:isdigit</name>
         <load_address>0x3330</load_address>
         <run_address>0x3330</run_address>
         <size>0x10</size>
         <input_file_ref idref="fl-e1"/>
      </object_component>
      <object_component id="oc-202">
         <name>.text:isspace</name>
         <load_address>0x3340</load_address>
         <run_address>0x3340</run_address>
         <size>0x10</size>
         <input_file_ref idref="fl-e2"/>
      </object_component>
      <object_component id="oc-188">
         <name>.text:TimerEnable</name>
         <load_address>0x3350</load_address>
         <run_address>0x3350</run_address>
         <size>0xe</size>
         <input_file_ref idref="fl-19"/>
      </object_component>
      <object_component id="oc-18">
         <name>.text:decompress:none:__TI_decompress_none</name>
         <load_address>0x335e</load_address>
         <run_address>0x335e</run_address>
         <size>0xe</size>
         <input_file_ref idref="fl-db"/>
      </object_component>
      <object_component id="oc-27">
         <name>.text</name>
         <load_address>0x336c</load_address>
         <run_address>0x336c</run_address>
         <size>0xc</size>
         <input_file_ref idref="fl-2"/>
      </object_component>
      <object_component id="oc-1f6">
         <name>.text:GPIOPinRead</name>
         <load_address>0x3378</load_address>
         <run_address>0x3378</run_address>
         <size>0x6</size>
         <input_file_ref idref="fl-16"/>
      </object_component>
      <object_component id="oc-1f0">
         <name>.text:GPIOPinWrite</name>
         <load_address>0x337e</load_address>
         <run_address>0x337e</run_address>
         <size>0x6</size>
         <input_file_ref idref="fl-16"/>
      </object_component>
      <object_component id="oc-13d">
         <name>.text:SysCtlDelay</name>
         <load_address>0x3384</load_address>
         <run_address>0x3384</run_address>
         <size>0x6</size>
         <input_file_ref idref="fl-18"/>
      </object_component>
      <object_component id="oc-182">
         <name>.text:TimerLoadSet64</name>
         <load_address>0x338a</load_address>
         <run_address>0x338a</run_address>
         <size>0x6</size>
         <input_file_ref idref="fl-19"/>
      </object_component>
      <object_component id="oc-99">
         <name>.text:_system_pre_init</name>
         <load_address>0x3390</load_address>
         <run_address>0x3390</run_address>
         <size>0x4</size>
         <input_file_ref idref="fl-e9"/>
      </object_component>
      <object_component id="oc-ff">
         <name>.text:abort:abort</name>
         <load_address>0x3394</load_address>
         <run_address>0x3394</run_address>
         <size>0x4</size>
         <input_file_ref idref="fl-eb"/>
      </object_component>
      <object_component id="oc-287">
         <name>.const:.string:_ctypes_</name>
         <load_address>0x3398</load_address>
         <run_address>0x3398</run_address>
         <size>0x101</size>
         <input_file_ref idref="fl-ef"/>
      </object_component>
      <object_component id="oc-230">
         <name>.const:g_pui32Xtals</name>
         <load_address>0x349c</load_address>
         <run_address>0x349c</run_address>
         <size>0x6c</size>
         <input_file_ref idref="fl-18"/>
      </object_component>
      <object_component id="oc-24c">
         <name>.const:.string:_ZZN12GeneralTimer10timeToTickERKyEs</name>
         <load_address>0x3508</load_address>
         <run_address>0x3508</run_address>
         <size>0x5d</size>
         <input_file_ref idref="fl-9"/>
      </object_component>
      <object_component id="oc-e4">
         <name>.const:.string:$P$T1$1</name>
         <load_address>0x3565</load_address>
         <run_address>0x3565</run_address>
         <size>0x8</size>
         <input_file_ref idref="fl-c"/>
      </object_component>
      <object_component id="oc-e7">
         <name>.const:.string:$P$T2$2</name>
         <load_address>0x356d</load_address>
         <run_address>0x356d</run_address>
         <size>0x8</size>
         <input_file_ref idref="fl-c"/>
      </object_component>
      <object_component id="oc-ea">
         <name>.const:.string:$P$T3$3</name>
         <load_address>0x3575</load_address>
         <run_address>0x3575</run_address>
         <size>0x8</size>
         <input_file_ref idref="fl-c"/>
      </object_component>
      <object_component id="oc-443">
         <name>.cinit..data.load</name>
         <load_address>0x3580</load_address>
         <run_address>0x3580</run_address>
         <size>0x6c</size>
      </object_component>
      <object_component id="oc-441">
         <name>__TI_handler_table</name>
         <load_address>0x35ec</load_address>
         <run_address>0x35ec</run_address>
         <size>0xc</size>
      </object_component>
      <object_component id="oc-444">
         <name>.cinit..bss.load</name>
         <load_address>0x35f8</load_address>
         <run_address>0x35f8</run_address>
         <size>0x8</size>
      </object_component>
      <object_component id="oc-442">
         <name>__TI_cinit_table</name>
         <load_address>0x3600</load_address>
         <run_address>0x3600</run_address>
         <size>0x10</size>
      </object_component>
      <object_component id="oc-19c">
         <name>.data</name>
         <load_address>0x200009e8</load_address>
         <run_address>0x200009e8</run_address>
         <size>0x1</size>
         <input_file_ref idref="fl-9"/>
      </object_component>
      <object_component id="oc-21d">
         <name>.data:_ftable</name>
         <load_address>0x20000800</load_address>
         <run_address>0x20000800</run_address>
         <size>0xf0</size>
         <input_file_ref idref="fl-de"/>
      </object_component>
      <object_component id="oc-2aa">
         <name>.data</name>
         <load_address>0x200009b8</load_address>
         <run_address>0x200009b8</run_address>
         <size>0x10</size>
         <input_file_ref idref="fl-de"/>
      </object_component>
      <object_component id="oc-322">
         <name>.data:_device</name>
         <load_address>0x200008f0</load_address>
         <run_address>0x200008f0</run_address>
         <size>0x78</size>
         <input_file_ref idref="fl-e5"/>
      </object_component>
      <object_component id="oc-2ee">
         <name>.data:_stream</name>
         <load_address>0x20000968</load_address>
         <run_address>0x20000968</run_address>
         <size>0x50</size>
         <input_file_ref idref="fl-e5"/>
      </object_component>
      <object_component id="oc-1ba">
         <name>.data:$O1$$</name>
         <load_address>0x200009c8</load_address>
         <run_address>0x200009c8</run_address>
         <size>0xc</size>
         <input_file_ref idref="fl-eb"/>
      </object_component>
      <object_component id="oc-1bd">
         <name>.data:$O1$$</name>
         <load_address>0x200009e0</load_address>
         <run_address>0x200009e0</run_address>
         <size>0x8</size>
         <input_file_ref idref="fl-ed"/>
      </object_component>
      <object_component id="oc-349">
         <name>.data:$O1$$</name>
         <load_address>0x200009d4</load_address>
         <run_address>0x200009d4</run_address>
         <size>0xc</size>
         <input_file_ref idref="fl-fb"/>
      </object_component>
      <object_component id="oc-3c7">
         <name>.bss:_CIOBUF_</name>
         <uninitialized>true</uninitialized>
         <run_address>0x200009ec</run_address>
         <size>0x120</size>
         <input_file_ref idref="fl-fa"/>
      </object_component>
      <object_component id="oc-396">
         <name>.common:__TI_tmpnams</name>
         <uninitialized>true</uninitialized>
         <run_address>0x20000b0c</run_address>
         <size>0xa0</size>
      </object_component>
      <object_component id="oc-3a5">
         <name>.common:parmbuf</name>
         <uninitialized>true</uninitialized>
         <run_address>0x20000bac</run_address>
         <size>0x8</size>
      </object_component>
      <object_component id="oc-24">
         <name>.sysmem</name>
         <uninitialized>true</uninitialized>
         <run_address>0x20000bb8</run_address>
         <size>0x8</size>
         <input_file_ref idref="fl-fb"/>
      </object_component>
      <object_component id="oc-446">
         <name>.sysmem</name>
         <uninitialized>true</uninitialized>
         <run_address>0x20000bb8</run_address>
         <size>0x0</size>
      </object_component>
      <object_component id="oc-21">
         <name>.stack</name>
         <uninitialized>true</uninitialized>
         <run_address>0x20000000</run_address>
         <size>0x4</size>
         <input_file_ref idref="fl-e6"/>
      </object_component>
      <object_component id="oc-445">
         <name>.stack</name>
         <uninitialized>true</uninitialized>
         <run_address>0x20000000</run_address>
         <size>0x0</size>
      </object_component>
      <object_component id="oc-2f">
         <name>.debug_info</name>
         <load_address>0x0</load_address>
         <run_address>0x0</run_address>
         <size>0x295</size>
         <input_file_ref idref="fl-2"/>
      </object_component>
      <object_component id="oc-10">
         <name>.debug_info</name>
         <load_address>0x295</load_address>
         <run_address>0x295</run_address>
         <size>0xd4</size>
         <input_file_ref idref="fl-2"/>
      </object_component>
      <object_component id="oc-28">
         <name>.debug_info</name>
         <load_address>0x369</load_address>
         <run_address>0x369</run_address>
         <size>0x250</size>
         <input_file_ref idref="fl-2"/>
      </object_component>
      <object_component id="oc-74">
         <name>.debug_info</name>
         <load_address>0x5b9</load_address>
         <run_address>0x5b9</run_address>
         <size>0x26b</size>
         <input_file_ref idref="fl-2"/>
      </object_component>
      <object_component id="oc-36">
         <name>.debug_info</name>
         <load_address>0x824</load_address>
         <run_address>0x824</run_address>
         <size>0x84</size>
         <input_file_ref idref="fl-2"/>
      </object_component>
      <object_component id="oc-bd">
         <name>.debug_info</name>
         <load_address>0x8a8</load_address>
         <run_address>0x8a8</run_address>
         <size>0x297</size>
         <input_file_ref idref="fl-2"/>
      </object_component>
      <object_component id="oc-1df">
         <name>.debug_info</name>
         <load_address>0xb3f</load_address>
         <run_address>0xb3f</run_address>
         <size>0xef</size>
         <input_file_ref idref="fl-2"/>
      </object_component>
      <object_component id="oc-79">
         <name>.debug_info</name>
         <load_address>0xc2e</load_address>
         <run_address>0xc2e</run_address>
         <size>0xbb</size>
         <input_file_ref idref="fl-2"/>
      </object_component>
      <object_component id="oc-ee">
         <name>.debug_info</name>
         <load_address>0xce9</load_address>
         <run_address>0xce9</run_address>
         <size>0x8b</size>
         <input_file_ref idref="fl-6"/>
      </object_component>
      <object_component id="oc-c9">
         <name>.debug_info</name>
         <load_address>0xd74</load_address>
         <run_address>0xd74</run_address>
         <size>0x2c</size>
         <input_file_ref idref="fl-6"/>
      </object_component>
      <object_component id="oc-1a0">
         <name>.debug_info</name>
         <load_address>0xda0</load_address>
         <run_address>0xda0</run_address>
         <size>0x508</size>
         <input_file_ref idref="fl-9"/>
      </object_component>
      <object_component id="oc-24d">
         <name>.debug_info</name>
         <load_address>0x12a8</load_address>
         <run_address>0x12a8</run_address>
         <size>0xfd</size>
         <input_file_ref idref="fl-9"/>
      </object_component>
      <object_component id="oc-19d">
         <name>.debug_info</name>
         <load_address>0x13a5</load_address>
         <run_address>0x13a5</run_address>
         <size>0x101</size>
         <input_file_ref idref="fl-9"/>
      </object_component>
      <object_component id="oc-18f">
         <name>.debug_info</name>
         <load_address>0x14a6</load_address>
         <run_address>0x14a6</run_address>
         <size>0x1d7</size>
         <input_file_ref idref="fl-9"/>
      </object_component>
      <object_component id="oc-196">
         <name>.debug_info</name>
         <load_address>0x167d</load_address>
         <run_address>0x167d</run_address>
         <size>0x202</size>
         <input_file_ref idref="fl-9"/>
      </object_component>
      <object_component id="oc-df">
         <name>.debug_info</name>
         <load_address>0x187f</load_address>
         <run_address>0x187f</run_address>
         <size>0x7ff</size>
         <input_file_ref idref="fl-9"/>
      </object_component>
      <object_component id="oc-f8">
         <name>.debug_info</name>
         <load_address>0x207e</load_address>
         <run_address>0x207e</run_address>
         <size>0x185</size>
         <input_file_ref idref="fl-9"/>
      </object_component>
      <object_component id="oc-1af">
         <name>.debug_info</name>
         <load_address>0x2203</load_address>
         <run_address>0x2203</run_address>
         <size>0x2c9</size>
         <input_file_ref idref="fl-9"/>
      </object_component>
      <object_component id="oc-161">
         <name>.debug_info</name>
         <load_address>0x24cc</load_address>
         <run_address>0x24cc</run_address>
         <size>0xbb</size>
         <input_file_ref idref="fl-9"/>
      </object_component>
      <object_component id="oc-1aa">
         <name>.debug_info</name>
         <load_address>0x2587</load_address>
         <run_address>0x2587</run_address>
         <size>0x2a1</size>
         <input_file_ref idref="fl-9"/>
      </object_component>
      <object_component id="oc-255">
         <name>.debug_info</name>
         <load_address>0x2828</load_address>
         <run_address>0x2828</run_address>
         <size>0xfe</size>
         <input_file_ref idref="fl-9"/>
      </object_component>
      <object_component id="oc-1b4">
         <name>.debug_info</name>
         <load_address>0x2926</load_address>
         <run_address>0x2926</run_address>
         <size>0x94</size>
         <input_file_ref idref="fl-9"/>
      </object_component>
      <object_component id="oc-15f">
         <name>.debug_info</name>
         <load_address>0x29ba</load_address>
         <run_address>0x29ba</run_address>
         <size>0xcff</size>
         <input_file_ref idref="fl-a"/>
      </object_component>
      <object_component id="oc-d9">
         <name>.debug_info</name>
         <load_address>0x36b9</load_address>
         <run_address>0x36b9</run_address>
         <size>0x1f20</size>
         <input_file_ref idref="fl-a"/>
      </object_component>
      <object_component id="oc-f3">
         <name>.debug_info</name>
         <load_address>0x55d9</load_address>
         <run_address>0x55d9</run_address>
         <size>0x4cc</size>
         <input_file_ref idref="fl-a"/>
      </object_component>
      <object_component id="oc-228">
         <name>.debug_info</name>
         <load_address>0x5aa5</load_address>
         <run_address>0x5aa5</run_address>
         <size>0x2c</size>
         <input_file_ref idref="fl-a"/>
      </object_component>
      <object_component id="oc-20f">
         <name>.debug_info</name>
         <load_address>0x5ad1</load_address>
         <run_address>0x5ad1</run_address>
         <size>0x8a0</size>
         <input_file_ref idref="fl-b"/>
      </object_component>
      <object_component id="oc-141">
         <name>.debug_info</name>
         <load_address>0x6371</load_address>
         <run_address>0x6371</run_address>
         <size>0x22ce</size>
         <input_file_ref idref="fl-b"/>
      </object_component>
      <object_component id="oc-fd">
         <name>.debug_info</name>
         <load_address>0x863f</load_address>
         <run_address>0x863f</run_address>
         <size>0x8c5</size>
         <input_file_ref idref="fl-c"/>
      </object_component>
      <object_component id="oc-e5">
         <name>.debug_info</name>
         <load_address>0x8f04</load_address>
         <run_address>0x8f04</run_address>
         <size>0xb7</size>
         <input_file_ref idref="fl-c"/>
      </object_component>
      <object_component id="oc-e8">
         <name>.debug_info</name>
         <load_address>0x8fbb</load_address>
         <run_address>0x8fbb</run_address>
         <size>0xb7</size>
         <input_file_ref idref="fl-c"/>
      </object_component>
      <object_component id="oc-eb">
         <name>.debug_info</name>
         <load_address>0x9072</load_address>
         <run_address>0x9072</run_address>
         <size>0xb7</size>
         <input_file_ref idref="fl-c"/>
      </object_component>
      <object_component id="oc-a0">
         <name>.debug_info</name>
         <load_address>0x9129</load_address>
         <run_address>0x9129</run_address>
         <size>0x462</size>
         <input_file_ref idref="fl-c"/>
      </object_component>
      <object_component id="oc-282">
         <name>.debug_info</name>
         <load_address>0x958b</load_address>
         <run_address>0x958b</run_address>
         <size>0x366</size>
         <input_file_ref idref="fl-16"/>
      </object_component>
      <object_component id="oc-1f1">
         <name>.debug_info</name>
         <load_address>0x98f1</load_address>
         <run_address>0x98f1</run_address>
         <size>0x1b4</size>
         <input_file_ref idref="fl-16"/>
      </object_component>
      <object_component id="oc-27c">
         <name>.debug_info</name>
         <load_address>0x9aa5</load_address>
         <run_address>0x9aa5</run_address>
         <size>0x1c4</size>
         <input_file_ref idref="fl-16"/>
      </object_component>
      <object_component id="oc-1fd">
         <name>.debug_info</name>
         <load_address>0x9c69</load_address>
         <run_address>0x9c69</run_address>
         <size>0x227</size>
         <input_file_ref idref="fl-16"/>
      </object_component>
      <object_component id="oc-1eb">
         <name>.debug_info</name>
         <load_address>0x9e90</load_address>
         <run_address>0x9e90</run_address>
         <size>0x1c8</size>
         <input_file_ref idref="fl-16"/>
      </object_component>
      <object_component id="oc-1e5">
         <name>.debug_info</name>
         <load_address>0xa058</load_address>
         <run_address>0xa058</run_address>
         <size>0x1ad</size>
         <input_file_ref idref="fl-16"/>
      </object_component>
      <object_component id="oc-1f7">
         <name>.debug_info</name>
         <load_address>0xa205</load_address>
         <run_address>0xa205</run_address>
         <size>0x18c</size>
         <input_file_ref idref="fl-16"/>
      </object_component>
      <object_component id="oc-13f">
         <name>.debug_info</name>
         <load_address>0xa391</load_address>
         <run_address>0xa391</run_address>
         <size>0x3c3</size>
         <input_file_ref idref="fl-18"/>
      </object_component>
      <object_component id="oc-231">
         <name>.debug_info</name>
         <load_address>0xa754</load_address>
         <run_address>0xa754</run_address>
         <size>0xd8</size>
         <input_file_ref idref="fl-18"/>
      </object_component>
      <object_component id="oc-159">
         <name>.debug_info</name>
         <load_address>0xa82c</load_address>
         <run_address>0xa82c</run_address>
         <size>0x190</size>
         <input_file_ref idref="fl-18"/>
      </object_component>
      <object_component id="oc-153">
         <name>.debug_info</name>
         <load_address>0xa9bc</load_address>
         <run_address>0xa9bc</run_address>
         <size>0x18e</size>
         <input_file_ref idref="fl-18"/>
      </object_component>
      <object_component id="oc-d3">
         <name>.debug_info</name>
         <load_address>0xab4a</load_address>
         <run_address>0xab4a</run_address>
         <size>0x1ec</size>
         <input_file_ref idref="fl-18"/>
      </object_component>
      <object_component id="oc-172">
         <name>.debug_info</name>
         <load_address>0xad36</load_address>
         <run_address>0xad36</run_address>
         <size>0x1c6</size>
         <input_file_ref idref="fl-18"/>
      </object_component>
      <object_component id="oc-1db">
         <name>.debug_info</name>
         <load_address>0xaefc</load_address>
         <run_address>0xaefc</run_address>
         <size>0x51</size>
         <input_file_ref idref="fl-18"/>
      </object_component>
      <object_component id="oc-22e">
         <name>.debug_info</name>
         <load_address>0xaf4d</load_address>
         <run_address>0xaf4d</run_address>
         <size>0x349</size>
         <input_file_ref idref="fl-19"/>
      </object_component>
      <object_component id="oc-167">
         <name>.debug_info</name>
         <load_address>0xb296</load_address>
         <run_address>0xb296</run_address>
         <size>0x1b6</size>
         <input_file_ref idref="fl-19"/>
      </object_component>
      <object_component id="oc-183">
         <name>.debug_info</name>
         <load_address>0xb44c</load_address>
         <run_address>0xb44c</run_address>
         <size>0x17e</size>
         <input_file_ref idref="fl-19"/>
      </object_component>
      <object_component id="oc-189">
         <name>.debug_info</name>
         <load_address>0xb5ca</load_address>
         <run_address>0xb5ca</run_address>
         <size>0x190</size>
         <input_file_ref idref="fl-19"/>
      </object_component>
      <object_component id="oc-17d">
         <name>.debug_info</name>
         <load_address>0xb75a</load_address>
         <run_address>0xb75a</run_address>
         <size>0x19d</size>
         <input_file_ref idref="fl-19"/>
      </object_component>
      <object_component id="oc-95">
         <name>.debug_info</name>
         <load_address>0xb8f7</load_address>
         <run_address>0xb8f7</run_address>
         <size>0x13f</size>
         <input_file_ref idref="fl-d0"/>
      </object_component>
      <object_component id="oc-248">
         <name>.debug_info</name>
         <load_address>0xba36</load_address>
         <run_address>0xba36</run_address>
         <size>0x120</size>
         <input_file_ref idref="fl-d2"/>
      </object_component>
      <object_component id="oc-178">
         <name>.debug_info</name>
         <load_address>0xbb56</load_address>
         <run_address>0xbb56</run_address>
         <size>0x132</size>
         <input_file_ref idref="fl-d3"/>
      </object_component>
      <object_component id="oc-23e">
         <name>.debug_info</name>
         <load_address>0xbc88</load_address>
         <run_address>0xbc88</run_address>
         <size>0x132</size>
         <input_file_ref idref="fl-d4"/>
      </object_component>
      <object_component id="oc-243">
         <name>.debug_info</name>
         <load_address>0xbdba</load_address>
         <run_address>0xbdba</run_address>
         <size>0x133</size>
         <input_file_ref idref="fl-d5"/>
      </object_component>
      <object_component id="oc-3c">
         <name>.debug_info</name>
         <load_address>0xbeed</load_address>
         <run_address>0xbeed</run_address>
         <size>0x111</size>
         <input_file_ref idref="fl-d7"/>
      </object_component>
      <object_component id="oc-16d">
         <name>.debug_info</name>
         <load_address>0xbffe</load_address>
         <run_address>0xbffe</run_address>
         <size>0x126</size>
         <input_file_ref idref="fl-d8"/>
      </object_component>
      <object_component id="oc-239">
         <name>.debug_info</name>
         <load_address>0xc124</load_address>
         <run_address>0xc124</run_address>
         <size>0x125</size>
         <input_file_ref idref="fl-d9"/>
      </object_component>
      <object_component id="oc-92">
         <name>.debug_info</name>
         <load_address>0xc249</load_address>
         <run_address>0xc249</run_address>
         <size>0x313</size>
         <input_file_ref idref="fl-da"/>
      </object_component>
      <object_component id="oc-48">
         <name>.debug_info</name>
         <load_address>0xc55c</load_address>
         <run_address>0xc55c</run_address>
         <size>0x1b4</size>
         <input_file_ref idref="fl-da"/>
      </object_component>
      <object_component id="oc-8d">
         <name>.debug_info</name>
         <load_address>0xc710</load_address>
         <run_address>0xc710</run_address>
         <size>0x46</size>
         <input_file_ref idref="fl-da"/>
      </object_component>
      <object_component id="oc-46">
         <name>.debug_info</name>
         <load_address>0xc756</load_address>
         <run_address>0xc756</run_address>
         <size>0x29d</size>
         <input_file_ref idref="fl-db"/>
      </object_component>
      <object_component id="oc-19">
         <name>.debug_info</name>
         <load_address>0xc9f3</load_address>
         <run_address>0xc9f3</run_address>
         <size>0x1df</size>
         <input_file_ref idref="fl-db"/>
      </object_component>
      <object_component id="oc-41">
         <name>.debug_info</name>
         <load_address>0xcbd2</load_address>
         <run_address>0xcbd2</run_address>
         <size>0x46</size>
         <input_file_ref idref="fl-db"/>
      </object_component>
      <object_component id="oc-85">
         <name>.debug_info</name>
         <load_address>0xcc18</load_address>
         <run_address>0xcc18</run_address>
         <size>0x2c</size>
         <input_file_ref idref="fl-db"/>
      </object_component>
      <object_component id="oc-83">
         <name>.debug_info</name>
         <load_address>0xcc44</load_address>
         <run_address>0xcc44</run_address>
         <size>0x293</size>
         <input_file_ref idref="fl-dc"/>
      </object_component>
      <object_component id="oc-13">
         <name>.debug_info</name>
         <load_address>0xced7</load_address>
         <run_address>0xced7</run_address>
         <size>0x245</size>
         <input_file_ref idref="fl-dc"/>
      </object_component>
      <object_component id="oc-31">
         <name>.debug_info</name>
         <load_address>0xd11c</load_address>
         <run_address>0xd11c</run_address>
         <size>0x60</size>
         <input_file_ref idref="fl-dc"/>
      </object_component>
      <object_component id="oc-c2">
         <name>.debug_info</name>
         <load_address>0xd17c</load_address>
         <run_address>0xd17c</run_address>
         <size>0x46</size>
         <input_file_ref idref="fl-dc"/>
      </object_component>
      <object_component id="oc-7e">
         <name>.debug_info</name>
         <load_address>0xd1c2</load_address>
         <run_address>0xd1c2</run_address>
         <size>0x39</size>
         <input_file_ref idref="fl-dc"/>
      </object_component>
      <object_component id="oc-221">
         <name>.debug_info</name>
         <load_address>0xd1fb</load_address>
         <run_address>0xd1fb</run_address>
         <size>0x317</size>
         <input_file_ref idref="fl-dd"/>
      </object_component>
      <object_component id="oc-147">
         <name>.debug_info</name>
         <load_address>0xd512</load_address>
         <run_address>0xd512</run_address>
         <size>0x16c</size>
         <input_file_ref idref="fl-dd"/>
      </object_component>
      <object_component id="oc-2b5">
         <name>.debug_info</name>
         <load_address>0xd67e</load_address>
         <run_address>0xd67e</run_address>
         <size>0xb2</size>
         <input_file_ref idref="fl-dd"/>
      </object_component>
      <object_component id="oc-2b1">
         <name>.debug_info</name>
         <load_address>0xd730</load_address>
         <run_address>0xd730</run_address>
         <size>0x139</size>
         <input_file_ref idref="fl-de"/>
      </object_component>
      <object_component id="oc-21e">
         <name>.debug_info</name>
         <load_address>0xd869</load_address>
         <run_address>0xd869</run_address>
         <size>0xf7</size>
         <input_file_ref idref="fl-de"/>
      </object_component>
      <object_component id="oc-2ab">
         <name>.debug_info</name>
         <load_address>0xd960</load_address>
         <run_address>0xd960</run_address>
         <size>0x184</size>
         <input_file_ref idref="fl-de"/>
      </object_component>
      <object_component id="oc-2ae">
         <name>.debug_info</name>
         <load_address>0xdae4</load_address>
         <run_address>0xdae4</run_address>
         <size>0x33c</size>
         <input_file_ref idref="fl-df"/>
      </object_component>
      <object_component id="oc-29d">
         <name>.debug_info</name>
         <load_address>0xde20</load_address>
         <run_address>0xde20</run_address>
         <size>0x17f</size>
         <input_file_ref idref="fl-df"/>
      </object_component>
      <object_component id="oc-218">
         <name>.debug_info</name>
         <load_address>0xdf9f</load_address>
         <run_address>0xdf9f</run_address>
         <size>0x1bd</size>
         <input_file_ref idref="fl-df"/>
      </object_component>
      <object_component id="oc-2a9">
         <name>.debug_info</name>
         <load_address>0xe15c</load_address>
         <run_address>0xe15c</run_address>
         <size>0x3f1</size>
         <input_file_ref idref="fl-e0"/>
      </object_component>
      <object_component id="oc-212">
         <name>.debug_info</name>
         <load_address>0xe54d</load_address>
         <run_address>0xe54d</run_address>
         <size>0x2d7</size>
         <input_file_ref idref="fl-e0"/>
      </object_component>
      <object_component id="oc-28d">
         <name>.debug_info</name>
         <load_address>0xe824</load_address>
         <run_address>0xe824</run_address>
         <size>0x2ab</size>
         <input_file_ref idref="fl-e1"/>
      </object_component>
      <object_component id="oc-209">
         <name>.debug_info</name>
         <load_address>0xeacf</load_address>
         <run_address>0xeacf</run_address>
         <size>0x149</size>
         <input_file_ref idref="fl-e1"/>
      </object_component>
      <object_component id="oc-28b">
         <name>.debug_info</name>
         <load_address>0xec18</load_address>
         <run_address>0xec18</run_address>
         <size>0x2ab</size>
         <input_file_ref idref="fl-e2"/>
      </object_component>
      <object_component id="oc-203">
         <name>.debug_info</name>
         <load_address>0xeec3</load_address>
         <run_address>0xeec3</run_address>
         <size>0x149</size>
         <input_file_ref idref="fl-e2"/>
      </object_component>
      <object_component id="oc-2ec">
         <name>.debug_info</name>
         <load_address>0xf00c</load_address>
         <run_address>0xf00c</run_address>
         <size>0x29a</size>
         <input_file_ref idref="fl-e3"/>
      </object_component>
      <object_component id="oc-297">
         <name>.debug_info</name>
         <load_address>0xf2a6</load_address>
         <run_address>0xf2a6</run_address>
         <size>0x242</size>
         <input_file_ref idref="fl-e3"/>
      </object_component>
      <object_component id="oc-223">
         <name>.debug_info</name>
         <load_address>0xf4e8</load_address>
         <run_address>0xf4e8</run_address>
         <size>0x284</size>
         <input_file_ref idref="fl-e4"/>
      </object_component>
      <object_component id="oc-14d">
         <name>.debug_info</name>
         <load_address>0xf76c</load_address>
         <run_address>0xf76c</run_address>
         <size>0x22a</size>
         <input_file_ref idref="fl-e4"/>
      </object_component>
      <object_component id="oc-2f2">
         <name>.debug_info</name>
         <load_address>0xf996</load_address>
         <run_address>0xf996</run_address>
         <size>0x4c5</size>
         <input_file_ref idref="fl-e5"/>
      </object_component>
      <object_component id="oc-323">
         <name>.debug_info</name>
         <load_address>0xfe5b</load_address>
         <run_address>0xfe5b</run_address>
         <size>0xf8</size>
         <input_file_ref idref="fl-e5"/>
      </object_component>
      <object_component id="oc-2ef">
         <name>.debug_info</name>
         <load_address>0xff53</load_address>
         <run_address>0xff53</run_address>
         <size>0xf8</size>
         <input_file_ref idref="fl-e5"/>
      </object_component>
      <object_component id="oc-2a3">
         <name>.debug_info</name>
         <load_address>0x1004b</load_address>
         <run_address>0x1004b</run_address>
         <size>0x184</size>
         <input_file_ref idref="fl-e5"/>
      </object_component>
      <object_component id="oc-329">
         <name>.debug_info</name>
         <load_address>0x101cf</load_address>
         <run_address>0x101cf</run_address>
         <size>0x120</size>
         <input_file_ref idref="fl-e5"/>
      </object_component>
      <object_component id="oc-32e">
         <name>.debug_info</name>
         <load_address>0x102ef</load_address>
         <run_address>0x102ef</run_address>
         <size>0x2c</size>
         <input_file_ref idref="fl-e5"/>
      </object_component>
      <object_component id="oc-22">
         <name>.debug_info</name>
         <load_address>0x1031b</load_address>
         <run_address>0x1031b</run_address>
         <size>0x100</size>
         <input_file_ref idref="fl-e6"/>
      </object_component>
      <object_component id="oc-5a">
         <name>.debug_info</name>
         <load_address>0x1041b</load_address>
         <run_address>0x1041b</run_address>
         <size>0x1a4</size>
         <input_file_ref idref="fl-e6"/>
      </object_component>
      <object_component id="oc-1c4">
         <name>.debug_info</name>
         <load_address>0x105bf</load_address>
         <run_address>0x105bf</run_address>
         <size>0x547</size>
         <input_file_ref idref="fl-e8"/>
      </object_component>
      <object_component id="oc-10c">
         <name>.debug_info</name>
         <load_address>0x10b06</load_address>
         <run_address>0x10b06</run_address>
         <size>0x19b</size>
         <input_file_ref idref="fl-e8"/>
      </object_component>
      <object_component id="oc-26a">
         <name>.debug_info</name>
         <load_address>0x10ca1</load_address>
         <run_address>0x10ca1</run_address>
         <size>0x39</size>
         <input_file_ref idref="fl-e8"/>
      </object_component>
      <object_component id="oc-2c7">
         <name>.debug_info</name>
         <load_address>0x10cda</load_address>
         <run_address>0x10cda</run_address>
         <size>0x39</size>
         <input_file_ref idref="fl-e8"/>
      </object_component>
      <object_component id="oc-26f">
         <name>.debug_info</name>
         <load_address>0x10d13</load_address>
         <run_address>0x10d13</run_address>
         <size>0x39</size>
         <input_file_ref idref="fl-e8"/>
      </object_component>
      <object_component id="oc-274">
         <name>.debug_info</name>
         <load_address>0x10d4c</load_address>
         <run_address>0x10d4c</run_address>
         <size>0xcd</size>
         <input_file_ref idref="fl-e8"/>
      </object_component>
      <object_component id="oc-9a">
         <name>.debug_info</name>
         <load_address>0x10e19</load_address>
         <run_address>0x10e19</run_address>
         <size>0x148</size>
         <input_file_ref idref="fl-e9"/>
      </object_component>
      <object_component id="oc-1c1">
         <name>.debug_info</name>
         <load_address>0x10f61</load_address>
         <run_address>0x10f61</run_address>
         <size>0x3a2</size>
         <input_file_ref idref="fl-eb"/>
      </object_component>
      <object_component id="oc-1bb">
         <name>.debug_info</name>
         <load_address>0x11303</load_address>
         <run_address>0x11303</run_address>
         <size>0x185</size>
         <input_file_ref idref="fl-eb"/>
      </object_component>
      <object_component id="oc-100">
         <name>.debug_info</name>
         <load_address>0x11488</load_address>
         <run_address>0x11488</run_address>
         <size>0x117</size>
         <input_file_ref idref="fl-eb"/>
      </object_component>
      <object_component id="oc-106">
         <name>.debug_info</name>
         <load_address>0x1159f</load_address>
         <run_address>0x1159f</run_address>
         <size>0x179</size>
         <input_file_ref idref="fl-eb"/>
      </object_component>
      <object_component id="oc-2ea">
         <name>.debug_info</name>
         <load_address>0x11718</load_address>
         <run_address>0x11718</run_address>
         <size>0x2f5</size>
         <input_file_ref idref="fl-ec"/>
      </object_component>
      <object_component id="oc-291">
         <name>.debug_info</name>
         <load_address>0x11a0d</load_address>
         <run_address>0x11a0d</run_address>
         <size>0x191</size>
         <input_file_ref idref="fl-ec"/>
      </object_component>
      <object_component id="oc-319">
         <name>.debug_info</name>
         <load_address>0x11b9e</load_address>
         <run_address>0x11b9e</run_address>
         <size>0xbf</size>
         <input_file_ref idref="fl-ec"/>
      </object_component>
      <object_component id="oc-264">
         <name>.debug_info</name>
         <load_address>0x11c5d</load_address>
         <run_address>0x11c5d</run_address>
         <size>0x2be</size>
         <input_file_ref idref="fl-ed"/>
      </object_component>
      <object_component id="oc-1be">
         <name>.debug_info</name>
         <load_address>0x11f1b</load_address>
         <run_address>0x11f1b</run_address>
         <size>0x113</size>
         <input_file_ref idref="fl-ed"/>
      </object_component>
      <object_component id="oc-25d">
         <name>.debug_info</name>
         <load_address>0x1202e</load_address>
         <run_address>0x1202e</run_address>
         <size>0x123</size>
         <input_file_ref idref="fl-ed"/>
      </object_component>
      <object_component id="oc-2d8">
         <name>.debug_info</name>
         <load_address>0x12151</load_address>
         <run_address>0x12151</run_address>
         <size>0xee</size>
         <input_file_ref idref="fl-ef"/>
      </object_component>
      <object_component id="oc-288">
         <name>.debug_info</name>
         <load_address>0x1223f</load_address>
         <run_address>0x1223f</run_address>
         <size>0xfa</size>
         <input_file_ref idref="fl-ef"/>
      </object_component>
      <object_component id="oc-304">
         <name>.debug_info</name>
         <load_address>0x12339</load_address>
         <run_address>0x12339</run_address>
         <size>0x319</size>
         <input_file_ref idref="fl-f0"/>
      </object_component>
      <object_component id="oc-2de">
         <name>.debug_info</name>
         <load_address>0x12652</load_address>
         <run_address>0x12652</run_address>
         <size>0x1e1</size>
         <input_file_ref idref="fl-f0"/>
      </object_component>
      <object_component id="oc-334">
         <name>.debug_info</name>
         <load_address>0x12833</load_address>
         <run_address>0x12833</run_address>
         <size>0x38c</size>
         <input_file_ref idref="fl-f1"/>
      </object_component>
      <object_component id="oc-2fe">
         <name>.debug_info</name>
         <load_address>0x12bbf</load_address>
         <run_address>0x12bbf</run_address>
         <size>0x18a</size>
         <input_file_ref idref="fl-f1"/>
      </object_component>
      <object_component id="oc-318">
         <name>.debug_info</name>
         <load_address>0x12d49</load_address>
         <run_address>0x12d49</run_address>
         <size>0x369</size>
         <input_file_ref idref="fl-f2"/>
      </object_component>
      <object_component id="oc-2e4">
         <name>.debug_info</name>
         <load_address>0x130b2</load_address>
         <run_address>0x130b2</run_address>
         <size>0x200</size>
         <input_file_ref idref="fl-f2"/>
      </object_component>
      <object_component id="oc-3aa">
         <name>.debug_info</name>
         <load_address>0x132b2</load_address>
         <run_address>0x132b2</run_address>
         <size>0x368</size>
         <input_file_ref idref="fl-f3"/>
      </object_component>
      <object_component id="oc-35e">
         <name>.debug_info</name>
         <load_address>0x1361a</load_address>
         <run_address>0x1361a</run_address>
         <size>0x1b1</size>
         <input_file_ref idref="fl-f3"/>
      </object_component>
      <object_component id="oc-3b0">
         <name>.debug_info</name>
         <load_address>0x137cb</load_address>
         <run_address>0x137cb</run_address>
         <size>0x36d</size>
         <input_file_ref idref="fl-f4"/>
      </object_component>
      <object_component id="oc-370">
         <name>.debug_info</name>
         <load_address>0x13b38</load_address>
         <run_address>0x13b38</run_address>
         <size>0x205</size>
         <input_file_ref idref="fl-f4"/>
      </object_component>
      <object_component id="oc-3a6">
         <name>.debug_info</name>
         <load_address>0x13d3d</load_address>
         <run_address>0x13d3d</run_address>
         <size>0x398</size>
         <input_file_ref idref="fl-f5"/>
      </object_component>
      <object_component id="oc-358">
         <name>.debug_info</name>
         <load_address>0x140d5</load_address>
         <run_address>0x140d5</run_address>
         <size>0x201</size>
         <input_file_ref idref="fl-f5"/>
      </object_component>
      <object_component id="oc-3ac">
         <name>.debug_info</name>
         <load_address>0x142d6</load_address>
         <run_address>0x142d6</run_address>
         <size>0x36c</size>
         <input_file_ref idref="fl-f6"/>
      </object_component>
      <object_component id="oc-365">
         <name>.debug_info</name>
         <load_address>0x14642</load_address>
         <run_address>0x14642</run_address>
         <size>0x1f0</size>
         <input_file_ref idref="fl-f6"/>
      </object_component>
      <object_component id="oc-3ba">
         <name>.debug_info</name>
         <load_address>0x14832</load_address>
         <run_address>0x14832</run_address>
         <size>0x3ca</size>
         <input_file_ref idref="fl-f7"/>
      </object_component>
      <object_component id="oc-37c">
         <name>.debug_info</name>
         <load_address>0x14bfc</load_address>
         <run_address>0x14bfc</run_address>
         <size>0x22b</size>
         <input_file_ref idref="fl-f7"/>
      </object_component>
      <object_component id="oc-3b2">
         <name>.debug_info</name>
         <load_address>0x14e27</load_address>
         <run_address>0x14e27</run_address>
         <size>0x38b</size>
         <input_file_ref idref="fl-f8"/>
      </object_component>
      <object_component id="oc-376">
         <name>.debug_info</name>
         <load_address>0x151b2</load_address>
         <run_address>0x151b2</run_address>
         <size>0x1bb</size>
         <input_file_ref idref="fl-f8"/>
      </object_component>
      <object_component id="oc-3ae">
         <name>.debug_info</name>
         <load_address>0x1536d</load_address>
         <run_address>0x1536d</run_address>
         <size>0x36d</size>
         <input_file_ref idref="fl-f9"/>
      </object_component>
      <object_component id="oc-36b">
         <name>.debug_info</name>
         <load_address>0x156da</load_address>
         <run_address>0x156da</run_address>
         <size>0x1f5</size>
         <input_file_ref idref="fl-f9"/>
      </object_component>
      <object_component id="oc-3cb">
         <name>.debug_info</name>
         <load_address>0x158cf</load_address>
         <run_address>0x158cf</run_address>
         <size>0x2b0</size>
         <input_file_ref idref="fl-fa"/>
      </object_component>
      <object_component id="oc-3c8">
         <name>.debug_info</name>
         <load_address>0x15b7f</load_address>
         <run_address>0x15b7f</run_address>
         <size>0xfd</size>
         <input_file_ref idref="fl-fa"/>
      </object_component>
      <object_component id="oc-39a">
         <name>.debug_info</name>
         <load_address>0x15c7c</load_address>
         <run_address>0x15c7c</run_address>
         <size>0x1d4</size>
         <input_file_ref idref="fl-fa"/>
      </object_component>
      <object_component id="oc-3a0">
         <name>.debug_info</name>
         <load_address>0x15e50</load_address>
         <run_address>0x15e50</run_address>
         <size>0x18f</size>
         <input_file_ref idref="fl-fa"/>
      </object_component>
      <object_component id="oc-6f">
         <name>.debug_info</name>
         <load_address>0x15fdf</load_address>
         <run_address>0x15fdf</run_address>
         <size>0x3bb</size>
         <input_file_ref idref="fl-fb"/>
      </object_component>
[...]
      </symbol>
      <symbol id="sm-136">
         <name>_ZN9lcddriver9LcdDriverC2ERKNS_9LcdConfigE</name>
         <value>0x1461</value>
         <object_component_ref idref="oc-d8"/>
      </symbol>
      <symbol id="sm-137">
         <name>_ZN9lcddriver9LcdDriver9comSwitchERKb</name>
         <value>0x1439</value>
         <object_component_ref idref="oc-d8"/>
      </symbol>
      <symbol id="sm-1c6">
         <name>_ZN9lcddriver9LcdDriver23parallelDataWriteSingleERKhRKb</name>
         <value>0x43f</value>
         <object_component_ref idref="oc-140"/>
      </symbol>
      <symbol id="sm-1c7">
         <name>_ZN9lcddriver9LcdDriver7pinReadEPKj</name>
         <value>0x57b</value>
         <object_component_ref idref="oc-140"/>
      </symbol>
      <symbol id="sm-1c8">
         <name>_ZN9lcddriver9LcdDriver16parallelDataReadERKbPhRKj</name>
         <value>0x26d</value>
         <object_component_ref idref="oc-140"/>
      </symbol>
      <symbol id="sm-1c9">
         <name>_ZN9lcddriver9LcdDriver13dataWrite4BitERKjRKb</name>
         <value>0xf21</value>
         <object_component_ref idref="oc-140"/>
      </symbol>
      <symbol id="sm-1ca">
         <name>_ZN9lcddriver9LcdDriver12pinDescCheckEPj</name>
         <value>0x5af</value>
         <object_component_ref idref="oc-140"/>
      </symbol>
      <symbol id="sm-1cb">
         <name>_ZN9lcddriver9LcdDriver19instructionDataReadEv</name>
         <value>0xfa9</value>
         <object_component_ref idref="oc-140"/>
      </symbol>
      <symbol id="sm-1cc">
         <name>_ZN9lcddriver9LcdDriver22entryModeCommandCreateERKbS2_</name>
         <value>0x781</value>
         <object_component_ref idref="oc-140"/>
      </symbol>
      <symbol id="sm-1cd">
         <name>_ZN9lcddriver9LcdDriver12pinPadConfigEPKj</name>
         <value>0x597</value>
         <object_component_ref idref="oc-140"/>
      </symbol>
      <symbol id="sm-1ce">
         <name>_ZN9lcddriver9LcdDriver8pinWriteEPKjRKb</name>
         <value>0x549</value>
         <object_component_ref idref="oc-140"/>
      </symbol>
      <symbol id="sm-1cf">
         <name>_ZN9lcddriver9LcdDriver24functionSetCommandCreateERKbS2_S2_</name>
         <value>0xe23</value>
         <object_component_ref idref="oc-140"/>
      </symbol>
      <symbol id="sm-1d0">
         <name>_ZN9lcddriver9LcdDriver18parallelModeSwitchERKb</name>
         <value>0x4eb</value>
         <object_component_ref idref="oc-140"/>
      </symbol>
      <symbol id="sm-1d1">
         <name>_ZN9lcddriver9LcdDriver9lcdIsBusyEv</name>
         <value>0xec7</value>
         <object_component_ref idref="oc-140"/>
      </symbol>
      <symbol id="sm-1d2">
         <name>_ZN9lcddriver9LcdDriver17parallelDataWriteEPKhRKjRKb</name>
         <value>0x365</value>
         <object_component_ref idref="oc-140"/>
      </symbol>
      <symbol id="sm-1d3">
         <name>_ZN9lcddriver9LcdDriver31cursorDisplayShiftCommandCreateERKbS2_</name>
         <value>0xe7f</value>
         <object_component_ref idref="oc-140"/>
      </symbol>
      <symbol id="sm-1d4">
         <name>_ZN9lcddriver9LcdDriver14addrCounterGetEv</name>
         <value>0xedd</value>
         <object_component_ref idref="oc-140"/>
      </symbol>
      <symbol id="sm-1d5">
         <name>_ZN9lcddriver9LcdDriver13pinModeSwitchEPKjRKb</name>
         <value>0x51f</value>
         <object_component_ref idref="oc-140"/>
      </symbol>
      <symbol id="sm-1d6">
         <name>_ZN9lcddriver9LcdDriver11ramDataReadEPhRKjRKhRKb</name>
         <value>0x10f9</value>
         <object_component_ref idref="oc-140"/>
      </symbol>
      <symbol id="sm-1d7">
         <name>_ZN9lcddriver9LcdDriver12ramDataWriteEPKhjRKb</name>
         <value>0xfd9</value>
         <object_component_ref idref="oc-140"/>
      </symbol>
      <symbol id="sm-1d8">
         <name>_ZN9lcddriver9LcdDriver20displayCommandCreateERKbS2_S2_</name>
         <value>0xa9b</value>
         <object_component_ref idref="oc-140"/>
      </symbol>
      <symbol id="sm-1d9">
         <name>_ZN9lcddriver9LcdDriver17addrCounterChangeERKhRKb</name>
         <value>0xeed</value>
         <object_component_ref idref="oc-140"/>
      </symbol>
      <symbol id="sm-20a">
         <name>main</name>
         <value>0x1c19</value>
         <object_component_ref idref="oc-9f"/>
      </symbol>
      <symbol id="sm-241">
         <name>GPIOPinTypeGPIOInput</name>
         <value>0x32b5</value>
         <object_component_ref idref="oc-1e4"/>
      </symbol>
      <symbol id="sm-242">
         <name>GPIOPinTypeGPIOOutput</name>
         <value>0x3285</value>
         <object_component_ref idref="oc-1ea"/>
      </symbol>
      <symbol id="sm-243">
         <name>GPIOPinRead</name>
         <value>0x3379</value>
         <object_component_ref idref="oc-1f6"/>
      </symbol>
      <symbol id="sm-244">
         <name>GPIODirModeSet</name>
         <value>0x3109</value>
         <object_component_ref idref="oc-27b"/>
      </symbol>
      <symbol id="sm-245">
         <name>GPIOPinWrite</name>
         <value>0x337f</value>
         <object_component_ref idref="oc-1f0"/>
      </symbol>
      <symbol id="sm-246">
         <name>GPIOPadConfigSet</name>
         <value>0x1ecf</value>
         <object_component_ref idref="oc-1fc"/>
      </symbol>
      <symbol id="sm-2a5">
         <name>SysCtlClockSet</name>
         <value>0x2329</value>
         <object_component_ref idref="oc-d2"/>
      </symbol>
      <symbol id="sm-2a6">
         <name>SysCtlDelay</name>
         <value>0x3385</value>
         <object_component_ref idref="oc-13d"/>
      </symbol>
      <symbol id="sm-2a7">
         <name>SysCtlPeripheralEnable</name>
         <value>0x303d</value>
         <object_component_ref idref="oc-152"/>
      </symbol>
      <symbol id="sm-2a8">
         <name>SysCtlClockGet</name>
         <value>0x2001</value>
         <object_component_ref idref="oc-171"/>
      </symbol>
      <symbol id="sm-2a9">
         <name>SysCtlPeripheralReady</name>
         <value>0x2f25</value>
         <object_component_ref idref="oc-158"/>
      </symbol>
      <symbol id="sm-2d6">
         <name>TimerEnable</name>
         <value>0x3351</value>
         <object_component_ref idref="oc-188"/>
      </symbol>
      <symbol id="sm-2d7">
         <name>TimerValueGet64</name>
         <value>0x32cb</value>
         <object_component_ref idref="oc-166"/>
      </symbol>
      <symbol id="sm-2d8">
         <name>TimerLoadSet64</name>
         <value>0x338b</value>
         <object_component_ref idref="oc-182"/>
      </symbol>
      <symbol id="sm-2d9">
         <name>TimerConfigure</name>
         <value>0x2b39</value>
         <object_component_ref idref="oc-17c"/>
      </symbol>
      <symbol id="sm-2e9">
         <name>__aeabi_memset</name>
         <value>0x2773</value>
         <object_component_ref idref="oc-93"/>
      </symbol>
      <symbol id="sm-2ea">
         <name>memset</name>
         <value>0x2779</value>
         <object_component_ref idref="oc-93"/>
      </symbol>
      <symbol id="sm-2eb">
         <name>__aeabi_memset8</name>
         <value>0x2773</value>
         <object_component_ref idref="oc-93"/>
      </symbol>
      <symbol id="sm-2ec">
         <name>__aeabi_memset4</name>
         <value>0x2773</value>
         <object_component_ref idref="oc-93"/>
      </symbol>
      <symbol id="sm-2ed">
         <name>__aeabi_memclr8</name>
         <value>0x2771</value>
         <object_component_ref idref="oc-93"/>
      </symbol>
      <symbol id="sm-2ee">
         <name>__aeabi_memclr4</name>
         <value>0x2771</value>
         <object_component_ref idref="oc-93"/>
      </symbol>
      <symbol id="sm-2ef">
         <name>__aeabi_memclr</name>
         <value>0x2771</value>
         <object_component_ref idref="oc-93"/>
      </symbol>
      <symbol id="sm-302">
         <name>__aeabi_cdcmpeq</name>
         <value>0x266d</value>
         <object_component_ref idref="oc-247"/>
      </symbol>
      <symbol id="sm-303">
         <name>__aeabi_cdcmple</name>
         <value>0x266d</value>
         <object_component_ref idref="oc-247"/>
      </symbol>
      <symbol id="sm-317">
         <name>__aeabi_ddiv</name>
         <value>0x1d99</value>
         <object_component_ref idref="oc-177"/>
      </symbol>
      <symbol id="sm-322">
         <name>__aeabi_dmul</name>
         <value>0x222d</value>
         <object_component_ref idref="oc-23d"/>
      </symbol>
      <symbol id="sm-32c">
         <name>__aeabi_d2ulz</name>
         <value>0x2bf5</value>
         <object_component_ref idref="oc-242"/>
      </symbol>
      <symbol id="sm-348">
         <name>memcpy</name>
         <value>0x25d1</value>
         <object_component_ref idref="oc-3b"/>
      </symbol>
      <symbol id="sm-349">
         <name>__aeabi_memcpy</name>
         <value>0x25d1</value>
         <object_component_ref idref="oc-3b"/>
      </symbol>
      <symbol id="sm-34a">
         <name>__aeabi_memcpy8</name>
         <value>0x25d1</value>
         <object_component_ref idref="oc-3b"/>
      </symbol>
      <symbol id="sm-34b">
         <name>__aeabi_memcpy4</name>
         <value>0x25d1</value>
         <object_component_ref idref="oc-3b"/>
      </symbol>
      <symbol id="sm-355">
         <name>__aeabi_ui2d</name>
         <value>0x3247</value>
         <object_component_ref idref="oc-16c"/>
      </symbol>
      <symbol id="sm-35f">
         <name>__aeabi_ul2d</name>
         <value>0x3135</value>
         <object_component_ref idref="oc-238"/>
      </symbol>
      <symbol id="sm-373">
         <name>__TI_zero_init_nomemset</name>
         <value>0x331f</value>
         <object_component_ref idref="oc-47"/>
      </symbol>
      <symbol id="sm-38a">
         <name>__TI_decompress_none</name>
         <value>0x335f</value>
         <object_component_ref idref="oc-18"/>
      </symbol>
      <symbol id="sm-3ad">
         <name>__TI_decompress_lzss</name>
         <value>0x29a9</value>
         <object_component_ref idref="oc-12"/>
      </symbol>
      <symbol id="sm-3c1">
         <name>_abort_msg</name>
         <value>0x3269</value>
         <object_component_ref idref="oc-146"/>
      </symbol>
      <symbol id="sm-3d6">
         <name>__TI_tmpnams</name>
         <value>0x20000b0c</value>
      </symbol>
      <symbol id="sm-3d7">
         <name>__aeabi_stdout</name>
         <value>0x200009c0</value>
         <object_component_ref idref="oc-2aa"/>
      </symbol>
      <symbol id="sm-3d8">
         <name>__aeabi_stderr</name>
         <value>0x200009c4</value>
         <object_component_ref idref="oc-2aa"/>
      </symbol>
      <symbol id="sm-3d9">
         <name>__aeabi_stdin</name>
         <value>0x200009bc</value>
         <object_component_ref idref="oc-2aa"/>
      </symbol>
      <symbol id="sm-3da">
         <name>_ftable</name>
         <value>0x20000800</value>
         <object_component_ref idref="oc-21d"/>
      </symbol>
      <symbol id="sm-3db">
         <name>__TI_ft_end</name>
         <value>0x200009b8</value>
         <object_component_ref idref="oc-2aa"/>
      </symbol>
      <symbol id="sm-3fc">
         <name>__TI_doflush</name>
         <value>0x2d01</value>
         <object_component_ref idref="oc-29c"/>
      </symbol>
      <symbol id="sm-3fd">
         <name>fflush</name>
         <value>0x26f5</value>
         <object_component_ref idref="oc-217"/>
      </symbol>
      <symbol id="sm-41b">
         <name>fputs</name>
         <value>0x2119</value>
         <object_component_ref idref="oc-211"/>
      </symbol>
      <symbol id="sm-42a">
         <name>isdigit</name>
         <value>0x3331</value>
         <object_component_ref idref="oc-208"/>
      </symbol>
      <symbol id="sm-439">
         <name>isspace</name>
         <value>0x3341</value>
         <object_component_ref idref="oc-202"/>
      </symbol>
      <symbol id="sm-449">
         <name>memchr</name>
         <value>0x3227</value>
         <object_component_ref idref="oc-296"/>
      </symbol>
      <symbol id="sm-457">
         <name>strlen</name>
         <value>0x330b</value>
         <object_component_ref idref="oc-14c"/>
      </symbol>
      <symbol id="sm-47d">
         <name>_stream</name>
         <value>0x20000968</value>
         <object_component_ref idref="oc-2ee"/>
      </symbol>
      <symbol id="sm-47e">
         <name>_device</name>
         <value>0x200008f0</value>
         <object_component_ref idref="oc-322"/>
      </symbol>
      <symbol id="sm-47f">
         <name>write</name>
         <value>0x31dd</value>
         <object_component_ref idref="oc-2a2"/>
      </symbol>
      <symbol id="sm-492">
         <name>__stack</name>
         <value>0x20000000</value>
         <object_component_ref idref="oc-21"/>
      </symbol>
      <symbol id="sm-493">
         <name>_c_int00_noargs</name>
         <value>0x2f95</value>
         <object_component_ref idref="oc-59"/>
      </symbol>
      <symbol id="sm-4bc">
         <name>__TI_auto_init_nobinit_nopinit</name>
         <value>0x2e61</value>
         <object_component_ref idref="oc-10b"/>
      </symbol>
      <symbol id="sm-4c6">
         <name>_system_pre_init</name>
         <value>0x3391</value>
         <object_component_ref idref="oc-99"/>
      </symbol>
      <symbol id="sm-4ed">
         <name>C$$EXIT</name>
         <value>0x3395</value>
         <object_component_ref idref="oc-ff"/>
      </symbol>
      <symbol id="sm-4ee">
         <name>abort</name>
         <value>0x3395</value>
         <object_component_ref idref="oc-ff"/>
      </symbol>
      <symbol id="sm-4ef">
         <name>__TI_dtors_ptr</name>
         <value>0x200009cc</value>
         <object_component_ref idref="oc-1ba"/>
      </symbol>
      <symbol id="sm-4f0">
         <name>__TI_cleanup_ptr</name>
         <value>0x200009c8</value>
         <object_component_ref idref="oc-1ba"/>
      </symbol>
      <symbol id="sm-4f1">
         <name>__TI_enable_exit_profile_output</name>
         <value>0x200009d0</value>
         <object_component_ref idref="oc-1ba"/>
      </symbol>
      <symbol id="sm-4f2">
         <name>exit</name>
         <value>0x2d4d</value>
         <object_component_ref idref="oc-105"/>
      </symbol>
      <symbol id="sm-50a">
         <name>__TI_wrt_ok</name>
         <value>0x2a75</value>
         <object_component_ref idref="oc-290"/>
      </symbol>
      <symbol id="sm-51f">
         <name>_nop</name>
         <value>0x1a6f</value>
         <object_component_ref idref="oc-25c"/>
      </symbol>
      <symbol id="sm-520">
         <name>_lock</name>
         <value>0x200009e0</value>
         <object_component_ref idref="oc-1bd"/>
      </symbol>
      <symbol id="sm-521">
         <name>_unlock</name>
         <value>0x200009e4</value>
         <object_component_ref idref="oc-1bd"/>
      </symbol>
      <symbol id="sm-52d">
         <name>_ctypes_</name>
         <value>0x3398</value>
         <object_component_ref idref="oc-287"/>
      </symbol>
      <symbol id="sm-53f">
         <name>fseek</name>
         <value>0x2a11</value>
         <object_component_ref idref="oc-2dd"/>
      </symbol>
      <symbol id="sm-54f">
         <name>lseek</name>
         <value>0x318d</value>
         <object_component_ref idref="oc-2fd"/>
      </symbol>
      <symbol id="sm-56b">
         <name>setvbuf</name>
         <value>0x241d</value>
         <object_component_ref idref="oc-2e3"/>
      </symbol>
      <symbol id="sm-57c">
         <name>HOSTclose</name>
         <value>0x2d95</value>
         <object_component_ref idref="oc-35d"/>
      </symbol>
      <symbol id="sm-58d">
         <name>HOSTlseek</name>
         <value>0x28d9</value>
         <object_component_ref idref="oc-36f"/>
      </symbol>
      <symbol id="sm-59f">
         <name>parmbuf</name>
         <value>0x20000bac</value>
      </symbol>
      <symbol id="sm-5a0">
         <name>HOSTopen</name>
         <value>0x2ad9</value>
         <object_component_ref idref="oc-357"/>
      </symbol>
      <symbol id="sm-5b1">
         <name>HOSTread</name>
         <value>0x2c51</value>
         <object_component_ref idref="oc-363"/>
      </symbol>
      <symbol id="sm-5c2">
         <name>HOSTrename</name>
         <value>0x2941</value>
         <object_component_ref idref="oc-37b"/>
      </symbol>
      <symbol id="sm-5d3">
         <name>HOSTunlink</name>
         <value>0x2dd9</value>
         <object_component_ref idref="oc-375"/>
      </symbol>
      <symbol id="sm-5e4">
         <name>HOSTwrite</name>
         <value>0x2ca9</value>
         <object_component_ref idref="oc-369"/>
      </symbol>
      <symbol id="sm-608">
         <name>__TI_readmsg</name>
         <value>0x30a5</value>
         <object_component_ref idref="oc-39f"/>
      </symbol>
      <symbol id="sm-609">
         <name>C$$IO$$</name>
         <value>0x2f8b</value>
         <object_component_ref idref="oc-399"/>
      </symbol>
      <symbol id="sm-60a">
         <name>__CIOBUF_</name>
         <value>0x200009ec</value>
         <object_component_ref idref="oc-3c7"/>
      </symbol>
      <symbol id="sm-60b">
         <name>__TI_writemsg</name>
         <value>0x2f5d</value>
         <object_component_ref idref="oc-399"/>
      </symbol>
      <symbol id="sm-686">
         <name>_sys_memory</name>
         <value>0x20000bb8</value>
         <object_component_ref idref="oc-24"/>
      </symbol>
      <symbol id="sm-687">
         <name>free</name>
         <value>0x24f9</value>
         <object_component_ref idref="oc-305"/>
      </symbol>
      <symbol id="sm-688">
         <name>malloc</name>
         <value>0x27ed</value>
         <object_component_ref idref="oc-30b"/>
      </symbol>
      <symbol id="sm-689">
         <name>minit</name>
         <value>0x2fcd</value>
         <object_component_ref idref="oc-337"/>
      </symbol>
      <symbol id="sm-699">
         <name>__TI_cleanup</name>
         <value>0x3071</value>
         <object_component_ref idref="oc-311"/>
      </symbol>
      <symbol id="sm-6a8">
         <name>strcpy</name>
         <value>0x32f7</value>
         <object_component_ref idref="oc-3b3"/>
      </symbol>
      <symbol id="sm-6bd">
         <name>__TI_closefile</name>
         <value>0x2865</value>
         <object_component_ref idref="oc-34e"/>
      </symbol>
      <symbol id="sm-6e5">
         <name>finddevice</name>
         <value>0x30d9</value>
         <object_component_ref idref="oc-3eb"/>
      </symbol>
      <symbol id="sm-6e6">
         <name>getdevice</name>
         <value>0x2ea5</value>
         <object_component_ref idref="oc-3bd"/>
      </symbol>
      <symbol id="sm-6f7">
         <name>strchr</name>
         <value>0x32e1</value>
         <object_component_ref idref="oc-3df"/>
      </symbol>
      <symbol id="sm-706">
         <name>strcmp</name>
         <value>0x329d</value>
         <object_component_ref idref="oc-404"/>
      </symbol>
      <symbol id="sm-716">
         <name>strncpy</name>
         <value>0x3005</value>
         <object_component_ref idref="oc-3e5"/>
      </symbol>
      <symbol id="sm-726">
         <name>unlink</name>
         <value>0x3161</value>
         <object_component_ref idref="oc-390"/>
      </symbol>
      <symbol id="sm-73a">
         <name>close</name>
         <value>0x2b99</value>
         <object_component_ref idref="oc-38a"/>
      </symbol>
      <symbol id="sm-73b">
         <name>__TI_static_base__</name>
         <value>0x0</value>
      </symbol>
      <symbol id="sm-73e">
         <name>__mpu_init</name>
         <value>0x0</value>
      </symbol>
      <symbol id="sm-73f">
         <name>_system_post_cinit</name>
         <value>0x0</value>
      </symbol>
      <symbol id="sm-740">
         <name>remove</name>
         <value>0x3161</value>
      </symbol>
   </symbol_table>
   <title>Link successful</title>
</link_info>
