******************************************************************************
                  TI ARM Linker Unix v18.1.3                   
******************************************************************************
>> Linked Sat Sep 22 19:53:04 2018

OUTPUT FILE NAME:   <lcd_tiva.out>
ENTRY POINT SYMBOL: "_c_int00_noargs"  address: 000031e5


MEMORY CONFIGURATION

         name            origin    length      used     unused   attr    fill
----------------------  --------  ---------  --------  --------  ----  --------
  FLASH                 00000000   00040000  0000389a  0003c766  R  X
  SRAM                  20000000   00008000  00000bbe  00007442  RW X


SEGMENT ALLOCATION MAP

run origin  load origin   length   init length attrs members
----------  ----------- ---------- ----------- ----- -------
00000000    00000000    000038a0   000038a0    r-x
  00000000    00000000    0000026c   0000026c    r-- .intvecs
  0000026c    0000026c    00003392   00003392    r-x .text
  00003600    00003600    00000204   00000204    r-- .const
  00003808    00003808    00000098   00000098    r-- .cinit
20000000    20000000    00000bc0   00000000    rw-
  20000000    20000000    00000800   00000000    rw- .stack
  20000800    20000800    000001ee   00000000    rw- .data
  200009f0    200009f0    000001c8   00000000    rw- .bss
  20000bb8    20000bb8    00000008   00000000    rw- .sysmem


SECTION ALLOCATION MAP

 output                                  attributes/
section   page    origin      length       input sections
--------  ----  ----------  ----------   ----------------
.intvecs   0    00000000    0000026c     
                  00000000    0000026c     tm4c123gh6pm_startup_ccs.obj (.intvecs)

.text      0    0000026c    00003392     
                  0000026c    00000c26     lcd_utils.obj (.text)
                  00000e92    00000002     rtsv7M4_T_le_v4SPD16_eabi.lib : _lock.c.obj (.text:_nop)
                  00000e94    000009e8     lcd_driver.obj (.text)
                  0000187c    000004dc     uartstdio.obj (.text)
                  00001d58    000001a8     general_timer.obj (.text)
                  00001f00    00000136     rtsv7M4_T_le_v4SPD16_eabi.lib : fd_div_t2.asm.obj (.text)
                  00002036    00000132     driverlib.lib : gpio.obj (.text:GPIOPadConfigSet)
                  00002168    00000118                   : sysctl.obj (.text:SysCtlClockGet)
                  00002280    00000114     rtsv7M4_T_le_v4SPD16_eabi.lib : fputs.c.obj (.text:fputs)
                  00002394    000000fc                                   : fd_mul_t2.asm.obj (.text)
                  00002490    000000f4     driverlib.lib : sysctl.obj (.text:SysCtlClockSet)
                  00002584    000000dc     rtsv7M4_T_le_v4SPD16_eabi.lib : setvbuf.c.obj (.text:setvbuf)
                  00002660    000000d8                                   : memory.c.obj (.text:free)
                  00002738    000000a8     main.obj (.text)
                  000027e0    0000009c     rtsv7M4_T_le_v4SPD16_eabi.lib : memcpy_t2.asm.obj (.text)
                  0000287c    00000086                                   : fd_cmp_t2.asm.obj (.text:__aeabi_cdcmple)
                  00002902    00000002                                   : div0.asm.obj (.text)
                  00002904    0000007c                                   : fflush.c.obj (.text:fflush)
                  00002980    0000007a                                   : memset_t2.asm.obj (.text)
                  000029fa    00000002     --HOLE-- [fill = 0]
                  000029fc    00000078                                   : memory.c.obj (.text:malloc)
                  00002a74    00000074                                   : fclose.c.obj (.text:__TI_closefile)
                  00002ae8    00000068                                   : hostlseek.c.obj (.text:HOSTlseek)
                  00002b50    00000068                                   : hostrename.c.obj (.text:HOSTrename)
                  00002bb8    00000068                                   : copy_decompress_lzss.c.obj (.text:decompress:lzss:__TI_decompress_lzss)
                  00002c20    00000064                                   : fseek.c.obj (.text:fseek)
                  00002c84    00000062                                   : _io_perm.c.obj (.text:__TI_wrt_ok)
                  00002ce6    00000002     --HOLE-- [fill = 0]
                  00002ce8    00000060                                   : hostopen.c.obj (.text:HOSTopen)
                  00002d48    00000060     driverlib.lib : timer.obj (.text:TimerConfigure)
                  00002da8    0000005c     rtsv7M4_T_le_v4SPD16_eabi.lib : close.c.obj (.text:close)
                  00002e04    0000005c                                   : fd_toull_t2.asm.obj (.text)
                  00002e60    00000058                                   : hostread.c.obj (.text:HOSTread)
                  00002eb8    00000058                                   : hostwrite.c.obj (.text:HOSTwrite)
                  00002f10    0000004c                                   : fflush.c.obj (.text:__TI_doflush)
                  00002f5c    00000048                                   : exit.c.obj (.text:exit)
                  00002fa4    00000044                                   : hostclose.c.obj (.text:HOSTclose)
                  00002fe8    00000044                                   : hostunlink.c.obj (.text:HOSTunlink)
                  0000302c    00000044     general_timer.obj (.text:_ZN12GeneralTimer10timeToTickERKy)
                  00003070    00000044     rtsv7M4_T_le_v4SPD16_eabi.lib : autoinit.c.obj (.text:__TI_auto_init_nobinit_nopinit:__TI_auto_init_nobinit_nopinit)
                  000030b4    00000044                                   : getdevice.c.obj (.text:getdevice)
                  000030f8    00000040                                   : u_divt2.asm.obj (.text)
                  00003138    0000003c                                   : memory.c.obj (.text:minsert)
                  00003174    00000038     driverlib.lib : sysctl.obj (.text:SysCtlPeripheralReady)
                  000031ac    00000038     rtsv7M4_T_le_v4SPD16_eabi.lib : trgmsg.c.obj (.text:__TI_writemsg)
                  000031e4    00000038                                   : boot_cortex_m.c.obj (.text:_c_int00_noargs:_c_int00_noargs)
                  0000321c    00000038                                   : memory.c.obj (.text:minit)
                  00003254    00000036                                   : strncpy.c.obj (.text:strncpy)
                  0000328a    00000002     --HOLE-- [fill = 0]
                  0000328c    00000034     driverlib.lib : sysctl.obj (.text:SysCtlPeripheralEnable)
                  000032c0    00000034     rtsv7M4_T_le_v4SPD16_eabi.lib : fopen.c.obj (.text:__TI_cleanup)
                  000032f4    00000034                                   : trgmsg.c.obj (.text:__TI_readmsg)
                  00003328    00000030                                   : getdevice.c.obj (.text:finddevice)
                  00003358    0000002c     driverlib.lib : gpio.obj (.text:GPIODirModeSet)
                  00003384    0000002c     rtsv7M4_T_le_v4SPD16_eabi.lib : ull_tofd_t2.asm.obj (.text)
                  000033b0    0000002c                                   : unlink.c.obj (.text:unlink)
                  000033dc    00000028                                   : lseek.c.obj (.text:lseek)
                  00003404    00000028                                   : memory.c.obj (.text:mremove)
                  0000342c    00000028                                   : write.c.obj (.text:write)
                  00003454    00000022     general_timer.obj (.text:_ZN12GeneralTimer10tickToTimeERKy)
                  00003476    00000020     rtsv7M4_T_le_v4SPD16_eabi.lib : memchr.c.obj (.text:memchr)
                  00003496    00000020                                   : u_tofd_t2.asm.obj (.text)
                  000034b6    00000002     --HOLE-- [fill = 0]
                  000034b8    0000001c                                   : assert.c.obj (.text:_abort_msg)
                  000034d4    00000018     driverlib.lib : gpio.obj (.text:GPIOPinTypeGPIOOutput)
                  000034ec    00000018     rtsv7M4_T_le_v4SPD16_eabi.lib : strcmp.c.obj (.text:strcmp)
                  00003504    00000016     driverlib.lib : gpio.obj (.text:GPIOPinTypeGPIOInput)
                  0000351a    00000016                   : timer.obj (.text:TimerValueGet64)
                  00003530    00000016     rtsv7M4_T_le_v4SPD16_eabi.lib : strchr.c.obj (.text:strchr)
                  00003546    00000014                                   : strcpy.c.obj (.text:strcpy)
                  0000355a    00000014                                   : strlen.c.obj (.text:strlen)
                  0000356e    00000012                                   : copy_zero_init.c.obj (.text:decompress:ZI:__TI_zero_init_nomemset:__TI_zero_init_nomemset)
                  00003580    00000010                                   : isalpha.c.obj (.text:isalpha)
                  00003590    00000010                                   : isdigit.c.obj (.text:isdigit)
                  000035a0    00000010                                   : isspace.c.obj (.text:isspace)
                  000035b0    0000000e     driverlib.lib : timer.obj (.text:TimerEnable)
                  000035be    0000000e     rtsv7M4_T_le_v4SPD16_eabi.lib : copy_decompress_none.c.obj (.text:decompress:none:__TI_decompress_none)
                  000035cc    0000000c     tm4c123gh6pm_startup_ccs.obj (.text)
                  000035d8    00000006     driverlib.lib : gpio.obj (.text:GPIOPinRead)
                  000035de    00000006                   : gpio.obj (.text:GPIOPinWrite)
                  000035e4    00000006                   : sysctl.obj (.text:SysCtlDelay)
                  000035ea    00000006                   : timer.obj (.text:TimerLoadSet64)
                  000035f0    00000006                   : uart.obj (.text:UARTClockSourceSet)
                  000035f6    00000004     rtsv7M4_T_le_v4SPD16_eabi.lib : pre_init.c.obj (.text:_system_pre_init)
                  000035fa    00000004                                   : exit.c.obj (.text:abort:abort)

.const     0    00003600    00000204     
                  00003600    00000101     rtsv7M4_T_le_v4SPD16_eabi.lib : ctype.c.obj (.const:.string:_ctypes_)
                  00003701    00000003     --HOLE-- [fill = 0]
                  00003704    0000006c     driverlib.lib : sysctl.obj (.const:g_pui32Xtals)
                  00003770    0000005d     general_timer.obj (.const:.string:_ZZN12GeneralTimer10timeToTickERKyEs)
                  000037cd    00000003     --HOLE-- [fill = 0]
                  000037d0    00000012     uartstdio.obj (.const:.string)
                  000037e2    00000002     --HOLE-- [fill = 0]
                  000037e4    0000000c     uartstdio.obj (.const:g_ui32UARTBase)
                  000037f0    0000000c     uartstdio.obj (.const:g_ui32UARTPeriph)
                  000037fc    00000004     lcd_driver.obj (.const:$P$T35$1)
                  00003800    00000004     uartstdio.obj (.const)

.cinit     0    00003808    00000098     
                  00003808    0000006d     (.cinit..data.load) [load image, compression = lzss]
                  00003875    00000003     --HOLE-- [fill = 0]
                  00003878    0000000c     (__TI_handler_table)
                  00003884    00000004     --HOLE-- [fill = 0]
                  00003888    00000008     (.cinit..bss.load) [load image, compression = zero_init]
                  00003890    00000010     (__TI_cinit_table)

.init_array 
*          0    00000000    00000000     UNINITIALIZED

.stack     0    20000000    00000800     UNINITIALIZED
                  20000000    00000004     rtsv7M4_T_le_v4SPD16_eabi.lib : boot_cortex_m.c.obj (.stack)
                  20000004    000007fc     --HOLE--

.data      0    20000800    000001ee     UNINITIALIZED
                  20000800    000000f0     rtsv7M4_T_le_v4SPD16_eabi.lib : defs.c.obj (.data:_ftable)
                  200008f0    00000078                                   : write.c.obj (.data:_device)
                  20000968    00000050                                   : write.c.obj (.data:_stream)
                  200009b8    00000010                                   : defs.c.obj (.data)
                  200009c8    0000000c                                   : exit.c.obj (.data:$O1$$)
                  200009d4    0000000c                                   : memory.c.obj (.data:$O1$$)
                  200009e0    00000008                                   : _lock.c.obj (.data:$O1$$)
                  200009e8    00000005     uartstdio.obj (.data)
                  200009ed    00000001     general_timer.obj (.data)

.bss       0    200009f0    000001c8     UNINITIALIZED
                  200009f0    00000120     rtsv7M4_T_le_v4SPD16_eabi.lib : trgmsg.c.obj (.bss:_CIOBUF_)
                  20000b10    000000a0     (.common:__TI_tmpnams)
                  20000bb0    00000008     (.common:parmbuf)

.sysmem    0    20000bb8    00000008     UNINITIALIZED
                  20000bb8    00000008     rtsv7M4_T_le_v4SPD16_eabi.lib : memory.c.obj (.sysmem)

MODULE SUMMARY

       Module                         code    ro data   rw data
       ------                         ----    -------   -------
    ./
       lcd_utils.obj                  3110    0         0      
       lcd_driver.obj                 2536    4         0      
       tm4c123gh6pm_startup_ccs.obj   12      620       0      
       main.obj                       168     0         0      
    +--+------------------------------+-------+---------+---------+
       Total:                         5826    624       0      
                                                               
    ./Tivaware_Dep/utils/
       uartstdio.obj                  1244    46        5      
    +--+------------------------------+-------+---------+---------+
       Total:                         1244    46        5      
                                                               
    ./general_timer/
       general_timer.obj              526     93        1      
    +--+------------------------------+-------+---------+---------+
       Total:                         526     93        1      
                                                               
    ../Tivaware_Dep/driverlib/ccs/Debug/driverlib.lib
       sysctl.obj                     638     108       0      
       gpio.obj                       408     0         0      
       timer.obj                      138     0         0      
       uart.obj                       6       0         0      
    +--+------------------------------+-------+---------+---------+
       Total:                         1190    108       0      
                                                               
    /home/kd/ti/ccsv8/tools/compiler/ti-cgt-arm_18.1.3.LTS/lib/rtsv7M4_T_le_v4SPD16_eabi.lib
       memory.c.obj                   492     0         12     
       defs.c.obj                     0       0         416    
       trgmsg.c.obj                   108     0         288    
       fd_div_t2.asm.obj              310     0         0      
       fputs.c.obj                    276     0         0      
       ctype.c.obj                    0       257       0      
       fd_mul_t2.asm.obj              252     0         0      
       write.c.obj                    40      0         200    
       setvbuf.c.obj                  220     0         0      
       fflush.c.obj                   200     0         0      
       memcpy_t2.asm.obj              156     0         0      
       fd_cmp_t2.asm.obj              134     0         0      
       memset_t2.asm.obj              122     0         0      
       fclose.c.obj                   116     0         0      
       getdevice.c.obj                116     0         0      
       copy_decompress_lzss.c.obj     104     0         0      
       hostlseek.c.obj                104     0         0      
       hostopen.c.obj                 96      0         8      
       hostrename.c.obj               104     0         0      
       fseek.c.obj                    100     0         0      
       _io_perm.c.obj                 98      0         0      
       close.c.obj                    92      0         0      
       fd_toull_t2.asm.obj            92      0         0      
       exit.c.obj                     76      0         12     
       hostread.c.obj                 88      0         0      
       hostwrite.c.obj                88      0         0      
       autoinit.c.obj                 68      0         0      
       hostclose.c.obj                68      0         0      
       hostunlink.c.obj               68      0         0      
       u_divt2.asm.obj                64      0         0      
       boot_cortex_m.c.obj            56      0         0      
       strncpy.c.obj                  54      0         0      
       fopen.c.obj                    52      0         0      
       ull_tofd_t2.asm.obj            44      0         0      
       unlink.c.obj                   44      0         0      
       lseek.c.obj                    40      0         0      
       memchr.c.obj                   32      0         0      
       u_tofd_t2.asm.obj              32      0         0      
       assert.c.obj                   28      0         0      
       strcmp.c.obj                   24      0         0      
       strchr.c.obj                   22      0         0      
       strcpy.c.obj                   20      0         0      
       strlen.c.obj                   20      0         0      
       copy_zero_init.c.obj           18      0         0      
       isalpha.c.obj                  16      0         0      
       isdigit.c.obj                  16      0         0      
       isspace.c.obj                  16      0         0      
       copy_decompress_none.c.obj     14      0         0      
       _lock.c.obj                    2       0         8      
       pre_init.c.obj                 4       0         0      
       div0.asm.obj                   2       0         0      
    +--+------------------------------+-------+---------+---------+
       Total:                         4408    257       944    
                                                               
       Heap:                          0       0         8      
       Stack:                         0       0         2048   
       Linker Generated:              0       145       0      
    +--+------------------------------+-------+---------+---------+
       Grand Total:                   13194   1273      3006   


LINKER GENERATED COPY TABLES

__TI_cinit_table @ 00003890 records: 2, size/record: 8, table size: 16
	.data: load addr=00003808, load size=0000006d bytes, run addr=20000800, run size=000001ee bytes, compression=lzss
	.bss: load addr=00003888, load size=00000008 bytes, run addr=200009f0, run size=000001c8 bytes, compression=zero_init


LINKER GENERATED HANDLER TABLE

__TI_handler_table @ 00003878 records: 3, size/record: 4, table size: 12
	index: 0, handler: __TI_decompress_lzss
	index: 1, handler: __TI_decompress_none
	index: 2, handler: __TI_zero_init


GLOBAL SYMBOLS: SORTED ALPHABETICALLY BY Name 

address   name                                                           
-------   ----                                                           
000035fb  C$$EXIT                                                        
000031db  C$$IO$$                                                        
00003359  GPIODirModeSet                                                 
00002037  GPIOPadConfigSet                                               
000035d9  GPIOPinRead                                                    
00003505  GPIOPinTypeGPIOInput                                           
000034d5  GPIOPinTypeGPIOOutput                                          
000035df  GPIOPinWrite                                                   
00002fa5  HOSTclose                                                      
00002ae9  HOSTlseek                                                      
00002ce9  HOSTopen                                                       
00002e61  HOSTread                                                       
00002b51  HOSTrename                                                     
00002fe9  HOSTunlink                                                     
00002eb9  HOSTwrite                                                      
000035cd  ResetISR                                                       
00002169  SysCtlClockGet                                                 
00002491  SysCtlClockSet                                                 
000035e5  SysCtlDelay                                                    
0000328d  SysCtlPeripheralEnable                                         
00003175  SysCtlPeripheralReady                                          
00002d49  TimerConfigure                                                 
000035b1  TimerEnable                                                    
000035eb  TimerLoadSet64                                                 
0000351b  TimerValueGet64                                                
000035f1  UARTClockSourceSet                                             
0000187d  UARTStdioConfig                                                
000019f5  UARTgetc                                                       
0000192f  UARTgets                                                       
00001d23  UARTprintf                                                     
00001a29  UARTvprintf                                                    
000018dd  UARTwrite                                                      
00001de5  _ZN12GeneralTimer10startTimerERy                               
00003455  _ZN12GeneralTimer10tickToTimeERKy                              
0000302d  _ZN12GeneralTimer10timeToTickERKy                              
00001d59  _ZN12GeneralTimer12getTimeStampEjj                             
200009ed  _ZN12GeneralTimer13_isConfiguredE                              
00001e6f  _ZN12GeneralTimer4waitERKy                                     
00001dfd  _ZN12GeneralTimer9stopTimerERKy                                
00001d6f  _ZN12GeneralTimerC1E9TimerUnit                                 
00001d6f  _ZN12GeneralTimerC2E9TimerUnit                                 
00000f35  _ZN9lcddriver9LcdDriver11comMaintainERKb                       
00000fb9  _ZN9lcddriver9LcdDriver11configWriteEv                         
000012a7  _ZN9lcddriver9LcdDriver11ramDataReadEPhRKjRKhRKb               
00001641  _ZN9lcddriver9LcdDriver12displayWriteEPKc                      
000005d1  _ZN9lcddriver9LcdDriver12pinDescCheckEPj                       
000005b9  _ZN9lcddriver9LcdDriver12pinPadConfigEPKj                      
000011d9  _ZN9lcddriver9LcdDriver12ramDataWriteEPKc                      
000016f7  _ZN9lcddriver9LcdDriver13backLedSwitchERKb                     
000010f1  _ZN9lcddriver9LcdDriver13beginSeqWriteEv                       
00001069  _ZN9lcddriver9LcdDriver13comModeSwitchERKb                     
00001695  _ZN9lcddriver9LcdDriver13displayAppendEPKc                     
00000541  _ZN9lcddriver9LcdDriver13pinModeSwitchEPKjRKb                  
00001185  _ZN9lcddriver9LcdDriver14getAddrCounterEv                      
00000fa5  _ZN9lcddriver9LcdDriver14registerSelectERKb                    
0000107d  _ZN9lcddriver9LcdDriver15startupSeqWriteEv                     
0000026d  _ZN9lcddriver9LcdDriver16parallelDataReadERKbPhRKj             
000003c5  _ZN9lcddriver9LcdDriver17parallelDataWriteEPKjRS1_RKb          
0000050d  _ZN9lcddriver9LcdDriver18parallelModeSwitchERKb                
0000119d  _ZN9lcddriver9LcdDriver19instructionDataReadEv                 
00000aa3  _ZN9lcddriver9LcdDriver20createDisplayCommandERKbS2_S2_        
000016a1  _ZN9lcddriver9LcdDriver20cursorPositionChangeERKjS2_           
000007a5  _ZN9lcddriver9LcdDriver22createEntryModeCommandERKbS2_         
00000e13  _ZN9lcddriver9LcdDriver24createFunctionSetCommandERKbS2_S2_    
00000e5b  _ZN9lcddriver9LcdDriver31createCursorDisplayShiftCommandERKbS2_
00001347  _ZN9lcddriver9LcdDriver4initEv                                 
0000151b  _ZN9lcddriver9LcdDriver6enableEv                               
0000116f  _ZN9lcddriver9LcdDriver6isBusyEv                               
00000ef7  _ZN9lcddriver9LcdDriver7comStopEv                              
0000059d  _ZN9lcddriver9LcdDriver7pinReadEPKj                            
00000e95  _ZN9lcddriver9LcdDriver8comSetupERKbS2_                        
0000056b  _ZN9lcddriver9LcdDriver8pinWriteEPKjRKb                        
00001055  _ZN9lcddriver9LcdDriver9comSwitchERKb                          
0000131f  _ZN9lcddriver9LcdDriverC1ERKNS_9LcdConfigE                     
0000131f  _ZN9lcddriver9LcdDriverC2ERKNS_9LcdConfigE                     
00003770  _ZZN12GeneralTimer10timeToTickERKyEs                           
200009f0  __CIOBUF_                                                      
20000800  __STACK_END                                                    
00000800  __STACK_SIZE                                                   
20000200  __STACK_TOP                                                    
00000008  __SYSMEM_SIZE                                                  
00003890  __TI_CINIT_Base                                                
000038a0  __TI_CINIT_Limit                                               
00003878  __TI_Handler_Table_Base                                        
00003884  __TI_Handler_Table_Limit                                       
00003071  __TI_auto_init_nobinit_nopinit                                 
000032c1  __TI_cleanup                                                   
200009c8  __TI_cleanup_ptr                                               
00002a75  __TI_closefile                                                 
00002bb9  __TI_decompress_lzss                                           
000035bf  __TI_decompress_none                                           
00002f11  __TI_doflush                                                   
200009cc  __TI_dtors_ptr                                                 
200009d0  __TI_enable_exit_profile_output                                
200009b8  __TI_ft_end                                                    
ffffffff  __TI_pprof_out_hndl                                            
ffffffff  __TI_prof_data_size                                            
ffffffff  __TI_prof_data_start                                           
000032f5  __TI_readmsg                                                   
00000000  __TI_static_base__                                             
20000b10  __TI_tmpnams                                                   
000031ad  __TI_writemsg                                                  
00002c85  __TI_wrt_ok                                                    
0000356f  __TI_zero_init_nomemset                                        
0000287d  __aeabi_cdcmpeq                                                
0000287d  __aeabi_cdcmple                                                
00002e05  __aeabi_d2ulz                                                  
00001f01  __aeabi_ddiv                                                   
00002395  __aeabi_dmul                                                   
00002903  __aeabi_idiv0                                                  
00002903  __aeabi_ldiv0                                                  
00002981  __aeabi_memclr                                                 
00002981  __aeabi_memclr4                                                
00002981  __aeabi_memclr8                                                
000027e1  __aeabi_memcpy                                                 
000027e1  __aeabi_memcpy4                                                
000027e1  __aeabi_memcpy8                                                
00002983  __aeabi_memset                                                 
00002983  __aeabi_memset4                                                
00002983  __aeabi_memset8                                                
200009c4  __aeabi_stderr                                                 
200009bc  __aeabi_stdin                                                  
200009c0  __aeabi_stdout                                                 
00003497  __aeabi_ui2d                                                   
000030f9  __aeabi_uidiv                                                  
000030f9  __aeabi_uidivmod                                               
00003385  __aeabi_ul2d                                                   
ffffffff  __binit__                                                      
ffffffff  __c_args__                                                     
UNDEFED   __mpu_init                                                     
20000000  __stack                                                        
000034b9  _abort_msg                                                     
000031e5  _c_int00_noargs                                                
00003600  _ctypes_                                                       
200008f0  _device                                                        
20000800  _ftable                                                        
200009e0  _lock                                                          
00000e93  _nop                                                           
20000968  _stream                                                        
20000bb8  _sys_memory                                                    
UNDEFED   _system_post_cinit                                             
000035f7  _system_pre_init                                               
200009e4  _unlock                                                        
000035fb  abort                                                          
ffffffff  binit                                                          
00002da9  close                                                          
00002f5d  exit                                                           
00002905  fflush                                                         
00003329  finddevice                                                     
00002281  fputs                                                          
00002661  free                                                           
00002c21  fseek                                                          
00000000  g_pfnVectors                                                   
000030b5  getdevice                                                      
00003581  isalpha                                                        
00003591  isdigit                                                        
000035a1  isspace                                                        
000033dd  lseek                                                          
00002739  main                                                           
000029fd  malloc                                                         
00003477  memchr                                                         
000027e1  memcpy                                                         
00002989  memset                                                         
0000321d  minit                                                          
20000bb0  parmbuf                                                        
000033b1  remove                                                         
00002585  setvbuf                                                        
00003531  strchr                                                         
000034ed  strcmp                                                         
00003547  strcpy                                                         
0000355b  strlen                                                         
00003255  strncpy                                                        
000033b1  unlink                                                         
0000342d  write                                                          


GLOBAL SYMBOLS: SORTED BY Symbol Address 

address   name                                                           
-------   ----                                                           
00000000  __TI_static_base__                                             
00000000  g_pfnVectors                                                   
00000008  __SYSMEM_SIZE                                                  
0000026d  _ZN9lcddriver9LcdDriver16parallelDataReadERKbPhRKj             
000003c5  _ZN9lcddriver9LcdDriver17parallelDataWriteEPKjRS1_RKb          
0000050d  _ZN9lcddriver9LcdDriver18parallelModeSwitchERKb                
00000541  _ZN9lcddriver9LcdDriver13pinModeSwitchEPKjRKb                  
0000056b  _ZN9lcddriver9LcdDriver8pinWriteEPKjRKb                        
0000059d  _ZN9lcddriver9LcdDriver7pinReadEPKj                            
000005b9  _ZN9lcddriver9LcdDriver12pinPadConfigEPKj                      
000005d1  _ZN9lcddriver9LcdDriver12pinDescCheckEPj                       
000007a5  _ZN9lcddriver9LcdDriver22createEntryModeCommandERKbS2_         
00000800  __STACK_SIZE                                                   
00000aa3  _ZN9lcddriver9LcdDriver20createDisplayCommandERKbS2_S2_        
00000e13  _ZN9lcddriver9LcdDriver24createFunctionSetCommandERKbS2_S2_    
00000e5b  _ZN9lcddriver9LcdDriver31createCursorDisplayShiftCommandERKbS2_
00000e93  _nop                                                           
00000e95  _ZN9lcddriver9LcdDriver8comSetupERKbS2_                        
00000ef7  _ZN9lcddriver9LcdDriver7comStopEv                              
00000f35  _ZN9lcddriver9LcdDriver11comMaintainERKb                       
00000fa5  _ZN9lcddriver9LcdDriver14registerSelectERKb                    
00000fb9  _ZN9lcddriver9LcdDriver11configWriteEv                         
00001055  _ZN9lcddriver9LcdDriver9comSwitchERKb                          
00001069  _ZN9lcddriver9LcdDriver13comModeSwitchERKb                     
0000107d  _ZN9lcddriver9LcdDriver15startupSeqWriteEv                     
000010f1  _ZN9lcddriver9LcdDriver13beginSeqWriteEv                       
0000116f  _ZN9lcddriver9LcdDriver6isBusyEv                               
00001185  _ZN9lcddriver9LcdDriver14getAddrCounterEv                      
0000119d  _ZN9lcddriver9LcdDriver19instructionDataReadEv                 
000011d9  _ZN9lcddriver9LcdDriver12ramDataWriteEPKc                      
000012a7  _ZN9lcddriver9LcdDriver11ramDataReadEPhRKjRKhRKb               
0000131f  _ZN9lcddriver9LcdDriverC1ERKNS_9LcdConfigE                     
0000131f  _ZN9lcddriver9LcdDriverC2ERKNS_9LcdConfigE                     
00001347  _ZN9lcddriver9LcdDriver4initEv                                 
0000151b  _ZN9lcddriver9LcdDriver6enableEv                               
00001641  _ZN9lcddriver9LcdDriver12displayWriteEPKc                      
00001695  _ZN9lcddriver9LcdDriver13displayAppendEPKc                     
000016a1  _ZN9lcddriver9LcdDriver20cursorPositionChangeERKjS2_           
000016f7  _ZN9lcddriver9LcdDriver13backLedSwitchERKb                     
0000187d  UARTStdioConfig                                                
000018dd  UARTwrite                                                      
0000192f  UARTgets                                                       
000019f5  UARTgetc                                                       
00001a29  UARTvprintf                                                    
00001d23  UARTprintf                                                     
00001d59  _ZN12GeneralTimer12getTimeStampEjj                             
00001d6f  _ZN12GeneralTimerC1E9TimerUnit                                 
00001d6f  _ZN12GeneralTimerC2E9TimerUnit                                 
00001de5  _ZN12GeneralTimer10startTimerERy                               
00001dfd  _ZN12GeneralTimer9stopTimerERKy                                
00001e6f  _ZN12GeneralTimer4waitERKy                                     
00001f01  __aeabi_ddiv                                                   
00002037  GPIOPadConfigSet                                               
00002169  SysCtlClockGet                                                 
00002281  fputs                                                          
00002395  __aeabi_dmul                                                   
00002491  SysCtlClockSet                                                 
00002585  setvbuf                                                        
00002661  free                                                           
00002739  main                                                           
000027e1  __aeabi_memcpy                                                 
000027e1  __aeabi_memcpy4                                                
000027e1  __aeabi_memcpy8                                                
000027e1  memcpy                                                         
0000287d  __aeabi_cdcmpeq                                                
0000287d  __aeabi_cdcmple                                                
00002903  __aeabi_idiv0                                                  
00002903  __aeabi_ldiv0                                                  
00002905  fflush                                                         
00002981  __aeabi_memclr                                                 
00002981  __aeabi_memclr4                                                
00002981  __aeabi_memclr8                                                
00002983  __aeabi_memset                                                 
00002983  __aeabi_memset4                                                
00002983  __aeabi_memset8                                                
00002989  memset                                                         
000029fd  malloc                                                         
00002a75  __TI_closefile                                                 
00002ae9  HOSTlseek                                                      
00002b51  HOSTrename                                                     
00002bb9  __TI_decompress_lzss                                           
00002c21  fseek                                                          
00002c85  __TI_wrt_ok                                                    
00002ce9  HOSTopen                                                       
00002d49  TimerConfigure                                                 
00002da9  close                                                          
00002e05  __aeabi_d2ulz                                                  
00002e61  HOSTread                                                       
00002eb9  HOSTwrite                                                      
00002f11  __TI_doflush                                                   
00002f5d  exit                                                           
00002fa5  HOSTclose                                                      
00002fe9  HOSTunlink                                                     
0000302d  _ZN12GeneralTimer10timeToTickERKy                              
00003071  __TI_auto_init_nobinit_nopinit                                 
000030b5  getdevice                                                      
000030f9  __aeabi_uidiv                                                  
000030f9  __aeabi_uidivmod                                               
00003175  SysCtlPeripheralReady                                          
000031ad  __TI_writemsg                                                  
000031db  C$$IO$$                                                        
000031e5  _c_int00_noargs                                                
0000321d  minit                                                          
00003255  strncpy                                                        
0000328d  SysCtlPeripheralEnable                                         
000032c1  __TI_cleanup                                                   
000032f5  __TI_readmsg                                                   
00003329  finddevice                                                     
00003359  GPIODirModeSet                                                 
00003385  __aeabi_ul2d                                                   
000033b1  remove                                                         
000033b1  unlink                                                         
000033dd  lseek                                                          
0000342d  write                                                          
00003455  _ZN12GeneralTimer10tickToTimeERKy                              
00003477  memchr                                                         
00003497  __aeabi_ui2d                                                   
000034b9  _abort_msg                                                     
000034d5  GPIOPinTypeGPIOOutput                                          
000034ed  strcmp                                                         
00003505  GPIOPinTypeGPIOInput                                           
0000351b  TimerValueGet64                                                
00003531  strchr                                                         
00003547  strcpy                                                         
0000355b  strlen                                                         
0000356f  __TI_zero_init_nomemset                                        
00003581  isalpha                                                        
00003591  isdigit                                                        
000035a1  isspace                                                        
000035b1  TimerEnable                                                    
000035bf  __TI_decompress_none                                           
000035cd  ResetISR                                                       
000035d9  GPIOPinRead                                                    
000035df  GPIOPinWrite                                                   
000035e5  SysCtlDelay                                                    
000035eb  TimerLoadSet64                                                 
000035f1  UARTClockSourceSet                                             
000035f7  _system_pre_init                                               
000035fb  C$$EXIT                                                        
000035fb  abort                                                          
00003600  _ctypes_                                                       
00003770  _ZZN12GeneralTimer10timeToTickERKyEs                           
00003878  __TI_Handler_Table_Base                                        
00003884  __TI_Handler_Table_Limit                                       
00003890  __TI_CINIT_Base                                                
000038a0  __TI_CINIT_Limit                                               
20000000  __stack                                                        
20000200  __STACK_TOP                                                    
20000800  __STACK_END                                                    
20000800  _ftable                                                        
200008f0  _device                                                        
20000968  _stream                                                        
200009b8  __TI_ft_end                                                    
200009bc  __aeabi_stdin                                                  
200009c0  __aeabi_stdout                                                 
200009c4  __aeabi_stderr                                                 
200009c8  __TI_cleanup_ptr                                               
200009cc  __TI_dtors_ptr                                                 
200009d0  __TI_enable_exit_profile_output                                
200009e0  _lock                                                          
200009e4  _unlock                                                        
200009ed  _ZN12GeneralTimer13_isConfiguredE                              
200009f0  __CIOBUF_                                                      
20000b10  __TI_tmpnams                                                   
20000bb0  parmbuf                                                        
20000bb8  _sys_memory                                                    
ffffffff  __TI_pprof_out_hndl                                            
ffffffff  __TI_prof_data_size                                            
ffffffff  __TI_prof_data_start                                           
ffffffff  __binit__                                                      
ffffffff  __c_args__                                                     
ffffffff  binit                                                          
UNDEFED   __mpu_init                                                     
UNDEFED   _system_post_cinit                                             

[174 symbols]
