******************************************************************************
                  TI ARM Linker Unix v18.1.3                   
******************************************************************************
>> Linked Sat Sep 22 21:04:13 2018

OUTPUT FILE NAME:   <lcd_tiva.out>
ENTRY POINT SYMBOL: "_c_int00_noargs"  address: 000032ad


MEMORY CONFIGURATION

         name            origin    length      used     unused   attr    fill
----------------------  --------  ---------  --------  --------  ----  --------
  FLASH                 00000000   00040000  0000395e  0003c6a2  R  X
  SRAM                  20000000   00008000  00000bbe  00007442  RW X


SEGMENT ALLOCATION MAP

run origin  load origin   length   init length attrs members
----------  ----------- ---------- ----------- ----- -------
00000000    00000000    00003960   00003960    r-x
  00000000    00000000    0000026c   0000026c    r-- .intvecs
  0000026c    0000026c    0000345a   0000345a    r-x .text
  000036c8    000036c8    00000200   00000200    r-- .const
  000038c8    000038c8    00000098   00000098    r-- .cinit
20000000    20000000    00000bc0   00000000    rw-
  20000000    20000000    00000800   00000000    rw- .stack
  20000800    20000800    000001ee   00000000    rw- .data
  200009f0    200009f0    000001c8   00000000    rw- .bss
  20000bb8    20000bb8    00000008   00000000    rw- .sysmem


SECTION ALLOCATION MAP

 output                                  attributes/
section   page    origin      length       input sections
--------  ----  ----------  ----------   ----------------
.intvecs   0    00000000    0000026c     
                  00000000    0000026c     tm4c123gh6pm_startup_ccs.obj (.intvecs)

.text      0    0000026c    0000345a     
                  0000026c    00000c4a     lcd_utils.obj (.text)
                  00000eb6    00000002     rtsv7M4_T_le_v4SPD16_eabi.lib : _lock.c.obj (.text:_nop)
                  00000eb8    00000a8a     lcd_driver.obj (.text)
                  00001942    00000002     rtsv7M4_T_le_v4SPD16_eabi.lib : div0.asm.obj (.text)
                  00001944    000004dc     uartstdio.obj (.text)
                  00001e20    000001a8     general_timer.obj (.text)
                  00001fc8    00000136     rtsv7M4_T_le_v4SPD16_eabi.lib : fd_div_t2.asm.obj (.text)
                  000020fe    00000132     driverlib.lib : gpio.obj (.text:GPIOPadConfigSet)
                  00002230    00000118                   : sysctl.obj (.text:SysCtlClockGet)
                  00002348    00000114     rtsv7M4_T_le_v4SPD16_eabi.lib : fputs.c.obj (.text:fputs)
                  0000245c    000000fc                                   : fd_mul_t2.asm.obj (.text)
                  00002558    000000f4     driverlib.lib : sysctl.obj (.text:SysCtlClockSet)
                  0000264c    000000dc     rtsv7M4_T_le_v4SPD16_eabi.lib : setvbuf.c.obj (.text:setvbuf)
                  00002728    000000d8                                   : memory.c.obj (.text:free)
                  00002800    000000a8     main.obj (.text)
                  000028a8    0000009c     rtsv7M4_T_le_v4SPD16_eabi.lib : memcpy_t2.asm.obj (.text)
                  00002944    00000086                                   : fd_cmp_t2.asm.obj (.text:__aeabi_cdcmple)
                  000029ca    00000002     --HOLE-- [fill = 0]
                  000029cc    0000007c                                   : fflush.c.obj (.text:fflush)
                  00002a48    0000007a                                   : memset_t2.asm.obj (.text)
                  00002ac2    00000002     --HOLE-- [fill = 0]
                  00002ac4    00000078                                   : memory.c.obj (.text:malloc)
                  00002b3c    00000074                                   : fclose.c.obj (.text:__TI_closefile)
                  00002bb0    00000068                                   : hostlseek.c.obj (.text:HOSTlseek)
                  00002c18    00000068                                   : hostrename.c.obj (.text:HOSTrename)
                  00002c80    00000068                                   : copy_decompress_lzss.c.obj (.text:decompress:lzss:__TI_decompress_lzss)
                  00002ce8    00000064                                   : fseek.c.obj (.text:fseek)
                  00002d4c    00000062                                   : _io_perm.c.obj (.text:__TI_wrt_ok)
                  00002dae    00000002     --HOLE-- [fill = 0]
                  00002db0    00000060                                   : hostopen.c.obj (.text:HOSTopen)
                  00002e10    00000060     driverlib.lib : timer.obj (.text:TimerConfigure)
                  00002e70    0000005c     rtsv7M4_T_le_v4SPD16_eabi.lib : close.c.obj (.text:close)
                  00002ecc    0000005c                                   : fd_toull_t2.asm.obj (.text)
                  00002f28    00000058                                   : hostread.c.obj (.text:HOSTread)
                  00002f80    00000058                                   : hostwrite.c.obj (.text:HOSTwrite)
                  00002fd8    0000004c                                   : fflush.c.obj (.text:__TI_doflush)
                  00003024    00000048                                   : exit.c.obj (.text:exit)
                  0000306c    00000044                                   : hostclose.c.obj (.text:HOSTclose)
                  000030b0    00000044                                   : hostunlink.c.obj (.text:HOSTunlink)
                  000030f4    00000044     general_timer.obj (.text:_ZN12GeneralTimer10timeToTickERKy)
                  00003138    00000044     rtsv7M4_T_le_v4SPD16_eabi.lib : autoinit.c.obj (.text:__TI_auto_init_nobinit_nopinit:__TI_auto_init_nobinit_nopinit)
                  0000317c    00000044                                   : getdevice.c.obj (.text:getdevice)
                  000031c0    00000040                                   : u_divt2.asm.obj (.text)
                  00003200    0000003c                                   : memory.c.obj (.text:minsert)
                  0000323c    00000038     driverlib.lib : sysctl.obj (.text:SysCtlPeripheralReady)
                  00003274    00000038     rtsv7M4_T_le_v4SPD16_eabi.lib : trgmsg.c.obj (.text:__TI_writemsg)
                  000032ac    00000038                                   : boot_cortex_m.c.obj (.text:_c_int00_noargs:_c_int00_noargs)
                  000032e4    00000038                                   : memory.c.obj (.text:minit)
                  0000331c    00000036                                   : strncpy.c.obj (.text:strncpy)
                  00003352    00000002     --HOLE-- [fill = 0]
                  00003354    00000034     driverlib.lib : sysctl.obj (.text:SysCtlPeripheralEnable)
                  00003388    00000034     rtsv7M4_T_le_v4SPD16_eabi.lib : fopen.c.obj (.text:__TI_cleanup)
                  000033bc    00000034                                   : trgmsg.c.obj (.text:__TI_readmsg)
                  000033f0    00000030                                   : getdevice.c.obj (.text:finddevice)
                  00003420    0000002c     driverlib.lib : gpio.obj (.text:GPIODirModeSet)
                  0000344c    0000002c     rtsv7M4_T_le_v4SPD16_eabi.lib : ull_tofd_t2.asm.obj (.text)
                  00003478    0000002c                                   : unlink.c.obj (.text:unlink)
                  000034a4    00000028                                   : lseek.c.obj (.text:lseek)
                  000034cc    00000028                                   : memory.c.obj (.text:mremove)
                  000034f4    00000028                                   : write.c.obj (.text:write)
                  0000351c    00000022     general_timer.obj (.text:_ZN12GeneralTimer10tickToTimeERKy)
                  0000353e    00000020     rtsv7M4_T_le_v4SPD16_eabi.lib : memchr.c.obj (.text:memchr)
                  0000355e    00000020                                   : u_tofd_t2.asm.obj (.text)
                  0000357e    00000002     --HOLE-- [fill = 0]
                  00003580    0000001c                                   : assert.c.obj (.text:_abort_msg)
                  0000359c    00000018     driverlib.lib : gpio.obj (.text:GPIOPinTypeGPIOOutput)
                  000035b4    00000018     rtsv7M4_T_le_v4SPD16_eabi.lib : strcmp.c.obj (.text:strcmp)
                  000035cc    00000016     driverlib.lib : gpio.obj (.text:GPIOPinTypeGPIOInput)
                  000035e2    00000016                   : timer.obj (.text:TimerValueGet64)
                  000035f8    00000016     rtsv7M4_T_le_v4SPD16_eabi.lib : strchr.c.obj (.text:strchr)
                  0000360e    00000014                                   : strcpy.c.obj (.text:strcpy)
                  00003622    00000014                                   : strlen.c.obj (.text:strlen)
                  00003636    00000012                                   : copy_zero_init.c.obj (.text:decompress:ZI:__TI_zero_init_nomemset:__TI_zero_init_nomemset)
                  00003648    00000010                                   : isalpha.c.obj (.text:isalpha)
                  00003658    00000010                                   : isdigit.c.obj (.text:isdigit)
                  00003668    00000010                                   : isspace.c.obj (.text:isspace)
                  00003678    0000000e     driverlib.lib : timer.obj (.text:TimerEnable)
                  00003686    0000000e     rtsv7M4_T_le_v4SPD16_eabi.lib : copy_decompress_none.c.obj (.text:decompress:none:__TI_decompress_none)
                  00003694    0000000c     tm4c123gh6pm_startup_ccs.obj (.text)
                  000036a0    00000006     driverlib.lib : gpio.obj (.text:GPIOPinRead)
                  000036a6    00000006                   : gpio.obj (.text:GPIOPinWrite)
                  000036ac    00000006                   : sysctl.obj (.text:SysCtlDelay)
                  000036b2    00000006                   : timer.obj (.text:TimerLoadSet64)
                  000036b8    00000006                   : uart.obj (.text:UARTClockSourceSet)
                  000036be    00000004     rtsv7M4_T_le_v4SPD16_eabi.lib : pre_init.c.obj (.text:_system_pre_init)
                  000036c2    00000004                                   : exit.c.obj (.text:abort:abort)

.const     0    000036c8    00000200     
                  000036c8    00000101     rtsv7M4_T_le_v4SPD16_eabi.lib : ctype.c.obj (.const:.string:_ctypes_)
                  000037c9    00000003     --HOLE-- [fill = 0]
                  000037cc    0000006c     driverlib.lib : sysctl.obj (.const:g_pui32Xtals)
                  00003838    0000005d     general_timer.obj (.const:.string:_ZZN12GeneralTimer10timeToTickERKyEs)
                  00003895    00000003     --HOLE-- [fill = 0]
                  00003898    00000012     uartstdio.obj (.const:.string)
                  000038aa    00000002     --HOLE-- [fill = 0]
                  000038ac    0000000c     uartstdio.obj (.const:g_ui32UARTBase)
                  000038b8    0000000c     uartstdio.obj (.const:g_ui32UARTPeriph)
                  000038c4    00000004     uartstdio.obj (.const)

.cinit     0    000038c8    00000098     
                  000038c8    0000006d     (.cinit..data.load) [load image, compression = lzss]
                  00003935    00000003     --HOLE-- [fill = 0]
                  00003938    0000000c     (__TI_handler_table)
                  00003944    00000004     --HOLE-- [fill = 0]
                  00003948    00000008     (.cinit..bss.load) [load image, compression = zero_init]
                  00003950    00000010     (__TI_cinit_table)

.init_array 
*          0    00000000    00000000     UNINITIALIZED

.stack     0    20000000    00000800     UNINITIALIZED
                  20000000    00000004     rtsv7M4_T_le_v4SPD16_eabi.lib : boot_cortex_m.c.obj (.stack)
                  20000004    000007fc     --HOLE--

.data      0    20000800    000001ee     UNINITIALIZED
                  20000800    000000f0     rtsv7M4_T_le_v4SPD16_eabi.lib : defs.c.obj (.data:_ftable)
                  200008f0    00000078                                   : write.c.obj (.data:_device)
                  20000968    00000050                                   : write.c.obj (.data:_stream)
                  200009b8    00000010                                   : defs.c.obj (.data)
                  200009c8    0000000c                                   : exit.c.obj (.data:$O1$$)
                  200009d4    0000000c                                   : memory.c.obj (.data:$O1$$)
                  200009e0    00000008                                   : _lock.c.obj (.data:$O1$$)
                  200009e8    00000005     uartstdio.obj (.data)
                  200009ed    00000001     general_timer.obj (.data)

.bss       0    200009f0    000001c8     UNINITIALIZED
                  200009f0    00000120     rtsv7M4_T_le_v4SPD16_eabi.lib : trgmsg.c.obj (.bss:_CIOBUF_)
                  20000b10    000000a0     (.common:__TI_tmpnams)
                  20000bb0    00000008     (.common:parmbuf)

.sysmem    0    20000bb8    00000008     UNINITIALIZED
                  20000bb8    00000008     rtsv7M4_T_le_v4SPD16_eabi.lib : memory.c.obj (.sysmem)

MODULE SUMMARY

       Module                         code    ro data   rw data
       ------                         ----    -------   -------
    ./
       lcd_utils.obj                  3146    0         0      
       lcd_driver.obj                 2698    0         0      
       tm4c123gh6pm_startup_ccs.obj   12      620       0      
       main.obj                       168     0         0      
    +--+------------------------------+-------+---------+---------+
       Total:                         6024    620       0      
                                                               
    ./Tivaware_Dep/utils/
       uartstdio.obj                  1244    46        5      
    +--+------------------------------+-------+---------+---------+
       Total:                         1244    46        5      
                                                               
    ./general_timer/
       general_timer.obj              526     93        1      
    +--+------------------------------+-------+---------+---------+
       Total:                         526     93        1      
                                                               
    ../Tivaware_Dep/driverlib/ccs/Debug/driverlib.lib
       sysctl.obj                     638     108       0      
       gpio.obj                       408     0         0      
       timer.obj                      138     0         0      
       uart.obj                       6       0         0      
    +--+------------------------------+-------+---------+---------+
       Total:                         1190    108       0      
                                                               
    /home/kd/ti/ccsv8/tools/compiler/ti-cgt-arm_18.1.3.LTS/lib/rtsv7M4_T_le_v4SPD16_eabi.lib
       memory.c.obj                   492     0         12     
       defs.c.obj                     0       0         416    
       trgmsg.c.obj                   108     0         288    
       fd_div_t2.asm.obj              310     0         0      
       fputs.c.obj                    276     0         0      
       ctype.c.obj                    0       257       0      
       fd_mul_t2.asm.obj              252     0         0      
       write.c.obj                    40      0         200    
       setvbuf.c.obj                  220     0         0      
       fflush.c.obj                   200     0         0      
       memcpy_t2.asm.obj              156     0         0      
       fd_cmp_t2.asm.obj              134     0         0      
       memset_t2.asm.obj              122     0         0      
       fclose.c.obj                   116     0         0      
       getdevice.c.obj                116     0         0      
       copy_decompress_lzss.c.obj     104     0         0      
       hostlseek.c.obj                104     0         0      
       hostopen.c.obj                 96      0         8      
       hostrename.c.obj               104     0         0      
       fseek.c.obj                    100     0         0      
       _io_perm.c.obj                 98      0         0      
       close.c.obj                    92      0         0      
       fd_toull_t2.asm.obj            92      0         0      
       exit.c.obj                     76      0         12     
       hostread.c.obj                 88      0         0      
       hostwrite.c.obj                88      0         0      
       autoinit.c.obj                 68      0         0      
       hostclose.c.obj                68      0         0      
       hostunlink.c.obj               68      0         0      
       u_divt2.asm.obj                64      0         0      
       boot_cortex_m.c.obj            56      0         0      
       strncpy.c.obj                  54      0         0      
       fopen.c.obj                    52      0         0      
       ull_tofd_t2.asm.obj            44      0         0      
       unlink.c.obj                   44      0         0      
       lseek.c.obj                    40      0         0      
       memchr.c.obj                   32      0         0      
       u_tofd_t2.asm.obj              32      0         0      
       assert.c.obj                   28      0         0      
       strcmp.c.obj                   24      0         0      
       strchr.c.obj                   22      0         0      
       strcpy.c.obj                   20      0         0      
       strlen.c.obj                   20      0         0      
       copy_zero_init.c.obj           18      0         0      
       isalpha.c.obj                  16      0         0      
       isdigit.c.obj                  16      0         0      
       isspace.c.obj                  16      0         0      
       copy_decompress_none.c.obj     14      0         0      
       _lock.c.obj                    2       0         8      
       pre_init.c.obj                 4       0         0      
       div0.asm.obj                   2       0         0      
    +--+------------------------------+-------+---------+---------+
       Total:                         4408    257       944    
                                                               
       Heap:                          0       0         8      
       Stack:                         0       0         2048   
       Linker Generated:              0       145       0      
    +--+------------------------------+-------+---------+---------+
       Grand Total:                   13392   1269      3006   


LINKER GENERATED COPY TABLES

__TI_cinit_table @ 00003950 records: 2, size/record: 8, table size: 16
	.data: load addr=000038c8, load size=0000006d bytes, run addr=20000800, run size=000001ee bytes, compression=lzss
	.bss: load addr=00003948, load size=00000008 bytes, run addr=200009f0, run size=000001c8 bytes, compression=zero_init


LINKER GENERATED HANDLER TABLE

__TI_handler_table @ 00003938 records: 3, size/record: 4, table size: 12
	index: 0, handler: __TI_decompress_lzss
	index: 1, handler: __TI_decompress_none
	index: 2, handler: __TI_zero_init


GLOBAL SYMBOLS: SORTED ALPHABETICALLY BY Name 

address   name                                                           
-------   ----                                                           
000036c3  C$$EXIT                                                        
000032a3  C$$IO$$                                                        
00003421  GPIODirModeSet                                                 
000020ff  GPIOPadConfigSet                                               
000036a1  GPIOPinRead                                                    
000035cd  GPIOPinTypeGPIOInput                                           
0000359d  GPIOPinTypeGPIOOutput                                          
000036a7  GPIOPinWrite                                                   
0000306d  HOSTclose                                                      
00002bb1  HOSTlseek                                                      
00002db1  HOSTopen                                                       
00002f29  HOSTread                                                       
00002c19  HOSTrename                                                     
000030b1  HOSTunlink                                                     
00002f81  HOSTwrite                                                      
00003695  ResetISR                                                       
00002231  SysCtlClockGet                                                 
00002559  SysCtlClockSet                                                 
000036ad  SysCtlDelay                                                    
00003355  SysCtlPeripheralEnable                                         
0000323d  SysCtlPeripheralReady                                          
00002e11  TimerConfigure                                                 
00003679  TimerEnable                                                    
000036b3  TimerLoadSet64                                                 
000035e3  TimerValueGet64                                                
000036b9  UARTClockSourceSet                                             
00001945  UARTStdioConfig                                                
00001abd  UARTgetc                                                       
000019f7  UARTgets                                                       
00001deb  UARTprintf                                                     
00001af1  UARTvprintf                                                    
000019a5  UARTwrite                                                      
00001ead  _ZN12GeneralTimer10startTimerERy                               
0000351d  _ZN12GeneralTimer10tickToTimeERKy                              
000030f5  _ZN12GeneralTimer10timeToTickERKy                              
00001e21  _ZN12GeneralTimer12getTimeStampEjj                             
200009ed  _ZN12GeneralTimer13_isConfiguredE                              
00001f37  _ZN12GeneralTimer4waitERKy                                     
00001ec5  _ZN12GeneralTimer9stopTimerERKy                                
00001e37  _ZN12GeneralTimerC1E9TimerUnit                                 
00001e37  _ZN12GeneralTimerC2E9TimerUnit                                 
00000f59  _ZN9lcddriver9LcdDriver11comMaintainERKb                       
00000fdd  _ZN9lcddriver9LcdDriver11configWriteEv                         
000012e9  _ZN9lcddriver9LcdDriver11ramDataReadEPhRKjRKhRKb               
0000163d  _ZN9lcddriver9LcdDriver12displayWriteEPKc                      
000005af  _ZN9lcddriver9LcdDriver12pinDescCheckEPj                       
00000597  _ZN9lcddriver9LcdDriver12pinPadConfigEPKj                      
00001239  _ZN9lcddriver9LcdDriver12ramDataWriteEPKhj                     
00001751  _ZN9lcddriver9LcdDriver13backLedSwitchERKb                     
0000111d  _ZN9lcddriver9LcdDriver13beginSeqWriteEv                       
00001095  _ZN9lcddriver9LcdDriver13comModeSwitchERKb                     
0000168f  _ZN9lcddriver9LcdDriver13displayAppendEPKc                     
0000051f  _ZN9lcddriver9LcdDriver13pinModeSwitchEPKjRKb                  
000011b1  _ZN9lcddriver9LcdDriver14getAddrCounterEv                      
00000fc9  _ZN9lcddriver9LcdDriver14registerSelectERKb                    
000010a9  _ZN9lcddriver9LcdDriver15startupSeqWriteEv                     
000016a5  _ZN9lcddriver9LcdDriver16addNewCustomCharEPKhj                 
0000026d  _ZN9lcddriver9LcdDriver16parallelDataReadERKbPhRKj             
000011c9  _ZN9lcddriver9LcdDriver17changeAddrCounterERKhRKb              
00000365  _ZN9lcddriver9LcdDriver17parallelDataWriteEPKhRKjRKb           
000004eb  _ZN9lcddriver9LcdDriver18parallelModeSwitchERKb                
00001205  _ZN9lcddriver9LcdDriver19instructionDataReadEv                 
00000a8f  _ZN9lcddriver9LcdDriver20createDisplayCommandERKbS2_S2_        
00001705  _ZN9lcddriver9LcdDriver20cursorPositionChangeERKhS2_           
00000781  _ZN9lcddriver9LcdDriver22createEntryModeCommandERKbS2_         
0000043f  _ZN9lcddriver9LcdDriver23parallelDataWriteSingleERKhRKb        
00000e13  _ZN9lcddriver9LcdDriver24createFunctionSetCommandERKbS2_S2_    
00000e6f  _ZN9lcddriver9LcdDriver31createCursorDisplayShiftCommandERKbS2_
0000135b  _ZN9lcddriver9LcdDriver4initEv                                 
000014a1  _ZN9lcddriver9LcdDriver6enableEv                               
0000119b  _ZN9lcddriver9LcdDriver6isBusyEv                               
00000f1b  _ZN9lcddriver9LcdDriver7comStopEv                              
0000057b  _ZN9lcddriver9LcdDriver7pinReadEPKj                            
00000eb9  _ZN9lcddriver9LcdDriver8comSetupERKbS2_                        
00000549  _ZN9lcddriver9LcdDriver8pinWriteEPKjRKb                        
00001081  _ZN9lcddriver9LcdDriver9comSwitchERKb                          
00001333  _ZN9lcddriver9LcdDriverC1ERKNS_9LcdConfigE                     
00001333  _ZN9lcddriver9LcdDriverC2ERKNS_9LcdConfigE                     
00003838  _ZZN12GeneralTimer10timeToTickERKyEs                           
200009f0  __CIOBUF_                                                      
20000800  __STACK_END                                                    
00000800  __STACK_SIZE                                                   
20000200  __STACK_TOP                                                    
00000008  __SYSMEM_SIZE                                                  
00003950  __TI_CINIT_Base                                                
00003960  __TI_CINIT_Limit                                               
00003938  __TI_Handler_Table_Base                                        
00003944  __TI_Handler_Table_Limit                                       
00003139  __TI_auto_init_nobinit_nopinit                                 
00003389  __TI_cleanup                                                   
200009c8  __TI_cleanup_ptr                                               
00002b3d  __TI_closefile                                                 
00002c81  __TI_decompress_lzss                                           
00003687  __TI_decompress_none                                           
00002fd9  __TI_doflush                                                   
200009cc  __TI_dtors_ptr                                                 
200009d0  __TI_enable_exit_profile_output                                
200009b8  __TI_ft_end                                                    
ffffffff  __TI_pprof_out_hndl                                            
ffffffff  __TI_prof_data_size                                            
ffffffff  __TI_prof_data_start                                           
000033bd  __TI_readmsg                                                   
00000000  __TI_static_base__                                             
20000b10  __TI_tmpnams                                                   
00003275  __TI_writemsg                                                  
00002d4d  __TI_wrt_ok                                                    
00003637  __TI_zero_init_nomemset                                        
00002945  __aeabi_cdcmpeq                                                
00002945  __aeabi_cdcmple                                                
00002ecd  __aeabi_d2ulz                                                  
00001fc9  __aeabi_ddiv                                                   
0000245d  __aeabi_dmul                                                   
00001943  __aeabi_idiv0                                                  
00001943  __aeabi_ldiv0                                                  
00002a49  __aeabi_memclr                                                 
00002a49  __aeabi_memclr4                                                
00002a49  __aeabi_memclr8                                                
000028a9  __aeabi_memcpy                                                 
000028a9  __aeabi_memcpy4                                                
000028a9  __aeabi_memcpy8                                                
00002a4b  __aeabi_memset                                                 
00002a4b  __aeabi_memset4                                                
00002a4b  __aeabi_memset8                                                
200009c4  __aeabi_stderr                                                 
200009bc  __aeabi_stdin                                                  
200009c0  __aeabi_stdout                                                 
0000355f  __aeabi_ui2d                                                   
000031c1  __aeabi_uidiv                                                  
000031c1  __aeabi_uidivmod                                               
0000344d  __aeabi_ul2d                                                   
ffffffff  __binit__                                                      
ffffffff  __c_args__                                                     
UNDEFED   __mpu_init                                                     
20000000  __stack                                                        
00003581  _abort_msg                                                     
000032ad  _c_int00_noargs                                                
000036c8  _ctypes_                                                       
200008f0  _device                                                        
20000800  _ftable                                                        
200009e0  _lock                                                          
00000eb7  _nop                                                           
20000968  _stream                                                        
20000bb8  _sys_memory                                                    
UNDEFED   _system_post_cinit                                             
000036bf  _system_pre_init                                               
200009e4  _unlock                                                        
000036c3  abort                                                          
ffffffff  binit                                                          
00002e71  close                                                          
00003025  exit                                                           
000029cd  fflush                                                         
000033f1  finddevice                                                     
00002349  fputs                                                          
00002729  free                                                           
00002ce9  fseek                                                          
00000000  g_pfnVectors                                                   
0000317d  getdevice                                                      
00003649  isalpha                                                        
00003659  isdigit                                                        
00003669  isspace                                                        
000034a5  lseek                                                          
00002801  main                                                           
00002ac5  malloc                                                         
0000353f  memchr                                                         
000028a9  memcpy                                                         
00002a51  memset                                                         
000032e5  minit                                                          
20000bb0  parmbuf                                                        
00003479  remove                                                         
0000264d  setvbuf                                                        
000035f9  strchr                                                         
000035b5  strcmp                                                         
0000360f  strcpy                                                         
00003623  strlen                                                         
0000331d  strncpy                                                        
00003479  unlink                                                         
000034f5  write                                                          


GLOBAL SYMBOLS: SORTED BY Symbol Address 

address   name                                                           
-------   ----                                                           
00000000  __TI_static_base__                                             
00000000  g_pfnVectors                                                   
00000008  __SYSMEM_SIZE                                                  
0000026d  _ZN9lcddriver9LcdDriver16parallelDataReadERKbPhRKj             
00000365  _ZN9lcddriver9LcdDriver17parallelDataWriteEPKhRKjRKb           
0000043f  _ZN9lcddriver9LcdDriver23parallelDataWriteSingleERKhRKb        
000004eb  _ZN9lcddriver9LcdDriver18parallelModeSwitchERKb                
0000051f  _ZN9lcddriver9LcdDriver13pinModeSwitchEPKjRKb                  
00000549  _ZN9lcddriver9LcdDriver8pinWriteEPKjRKb                        
0000057b  _ZN9lcddriver9LcdDriver7pinReadEPKj                            
00000597  _ZN9lcddriver9LcdDriver12pinPadConfigEPKj                      
000005af  _ZN9lcddriver9LcdDriver12pinDescCheckEPj                       
00000781  _ZN9lcddriver9LcdDriver22createEntryModeCommandERKbS2_         
00000800  __STACK_SIZE                                                   
00000a8f  _ZN9lcddriver9LcdDriver20createDisplayCommandERKbS2_S2_        
00000e13  _ZN9lcddriver9LcdDriver24createFunctionSetCommandERKbS2_S2_    
00000e6f  _ZN9lcddriver9LcdDriver31createCursorDisplayShiftCommandERKbS2_
00000eb7  _nop                                                           
00000eb9  _ZN9lcddriver9LcdDriver8comSetupERKbS2_                        
00000f1b  _ZN9lcddriver9LcdDriver7comStopEv                              
00000f59  _ZN9lcddriver9LcdDriver11comMaintainERKb                       
00000fc9  _ZN9lcddriver9LcdDriver14registerSelectERKb                    
00000fdd  _ZN9lcddriver9LcdDriver11configWriteEv                         
00001081  _ZN9lcddriver9LcdDriver9comSwitchERKb                          
00001095  _ZN9lcddriver9LcdDriver13comModeSwitchERKb                     
000010a9  _ZN9lcddriver9LcdDriver15startupSeqWriteEv                     
0000111d  _ZN9lcddriver9LcdDriver13beginSeqWriteEv                       
0000119b  _ZN9lcddriver9LcdDriver6isBusyEv                               
000011b1  _ZN9lcddriver9LcdDriver14getAddrCounterEv                      
000011c9  _ZN9lcddriver9LcdDriver17changeAddrCounterERKhRKb              
00001205  _ZN9lcddriver9LcdDriver19instructionDataReadEv                 
00001239  _ZN9lcddriver9LcdDriver12ramDataWriteEPKhj                     
000012e9  _ZN9lcddriver9LcdDriver11ramDataReadEPhRKjRKhRKb               
00001333  _ZN9lcddriver9LcdDriverC1ERKNS_9LcdConfigE                     
00001333  _ZN9lcddriver9LcdDriverC2ERKNS_9LcdConfigE                     
0000135b  _ZN9lcddriver9LcdDriver4initEv                                 
000014a1  _ZN9lcddriver9LcdDriver6enableEv                               
0000163d  _ZN9lcddriver9LcdDriver12displayWriteEPKc                      
0000168f  _ZN9lcddriver9LcdDriver13displayAppendEPKc                     
000016a5  _ZN9lcddriver9LcdDriver16addNewCustomCharEPKhj                 
00001705  _ZN9lcddriver9LcdDriver20cursorPositionChangeERKhS2_           
00001751  _ZN9lcddriver9LcdDriver13backLedSwitchERKb                     
00001943  __aeabi_idiv0                                                  
00001943  __aeabi_ldiv0                                                  
00001945  UARTStdioConfig                                                
000019a5  UARTwrite                                                      
000019f7  UARTgets                                                       
00001abd  UARTgetc                                                       
00001af1  UARTvprintf                                                    
00001deb  UARTprintf                                                     
00001e21  _ZN12GeneralTimer12getTimeStampEjj                             
00001e37  _ZN12GeneralTimerC1E9TimerUnit                                 
00001e37  _ZN12GeneralTimerC2E9TimerUnit                                 
00001ead  _ZN12GeneralTimer10startTimerERy                               
00001ec5  _ZN12GeneralTimer9stopTimerERKy                                
00001f37  _ZN12GeneralTimer4waitERKy                                     
00001fc9  __aeabi_ddiv                                                   
000020ff  GPIOPadConfigSet                                               
00002231  SysCtlClockGet                                                 
00002349  fputs                                                          
0000245d  __aeabi_dmul                                                   
00002559  SysCtlClockSet                                                 
0000264d  setvbuf                                                        
00002729  free                                                           
00002801  main                                                           
000028a9  __aeabi_memcpy                                                 
000028a9  __aeabi_memcpy4                                                
000028a9  __aeabi_memcpy8                                                
000028a9  memcpy                                                         
00002945  __aeabi_cdcmpeq                                                
00002945  __aeabi_cdcmple                                                
000029cd  fflush                                                         
00002a49  __aeabi_memclr                                                 
00002a49  __aeabi_memclr4                                                
00002a49  __aeabi_memclr8                                                
00002a4b  __aeabi_memset                                                 
00002a4b  __aeabi_memset4                                                
00002a4b  __aeabi_memset8                                                
00002a51  memset                                                         
00002ac5  malloc                                                         
00002b3d  __TI_closefile                                                 
00002bb1  HOSTlseek                                                      
00002c19  HOSTrename                                                     
00002c81  __TI_decompress_lzss                                           
00002ce9  fseek                                                          
00002d4d  __TI_wrt_ok                                                    
00002db1  HOSTopen                                                       
00002e11  TimerConfigure                                                 
00002e71  close                                                          
00002ecd  __aeabi_d2ulz                                                  
00002f29  HOSTread                                                       
00002f81  HOSTwrite                                                      
00002fd9  __TI_doflush                                                   
00003025  exit                                                           
0000306d  HOSTclose                                                      
000030b1  HOSTunlink                                                     
000030f5  _ZN12GeneralTimer10timeToTickERKy                              
00003139  __TI_auto_init_nobinit_nopinit                                 
0000317d  getdevice                                                      
000031c1  __aeabi_uidiv                                                  
000031c1  __aeabi_uidivmod                                               
0000323d  SysCtlPeripheralReady                                          
00003275  __TI_writemsg                                                  
000032a3  C$$IO$$                                                        
000032ad  _c_int00_noargs                                                
000032e5  minit                                                          
0000331d  strncpy                                                        
00003355  SysCtlPeripheralEnable                                         
00003389  __TI_cleanup                                                   
000033bd  __TI_readmsg                                                   
000033f1  finddevice                                                     
00003421  GPIODirModeSet                                                 
0000344d  __aeabi_ul2d                                                   
00003479  remove                                                         
00003479  unlink                                                         
000034a5  lseek                                                          
000034f5  write                                                          
0000351d  _ZN12GeneralTimer10tickToTimeERKy                              
0000353f  memchr                                                         
0000355f  __aeabi_ui2d                                                   
00003581  _abort_msg                                                     
0000359d  GPIOPinTypeGPIOOutput                                          
000035b5  strcmp                                                         
000035cd  GPIOPinTypeGPIOInput                                           
000035e3  TimerValueGet64                                                
000035f9  strchr                                                         
0000360f  strcpy                                                         
00003623  strlen                                                         
00003637  __TI_zero_init_nomemset                                        
00003649  isalpha                                                        
00003659  isdigit                                                        
00003669  isspace                                                        
00003679  TimerEnable                                                    
00003687  __TI_decompress_none                                           
00003695  ResetISR                                                       
000036a1  GPIOPinRead                                                    
000036a7  GPIOPinWrite                                                   
000036ad  SysCtlDelay                                                    
000036b3  TimerLoadSet64                                                 
000036b9  UARTClockSourceSet                                             
000036bf  _system_pre_init                                               
000036c3  C$$EXIT                                                        
000036c3  abort                                                          
000036c8  _ctypes_                                                       
00003838  _ZZN12GeneralTimer10timeToTickERKyEs                           
00003938  __TI_Handler_Table_Base                                        
00003944  __TI_Handler_Table_Limit                                       
00003950  __TI_CINIT_Base                                                
00003960  __TI_CINIT_Limit                                               
20000000  __stack                                                        
20000200  __STACK_TOP                                                    
20000800  __STACK_END                                                    
20000800  _ftable                                                        
200008f0  _device                                                        
20000968  _stream                                                        
200009b8  __TI_ft_end                                                    
200009bc  __aeabi_stdin                                                  
200009c0  __aeabi_stdout                                                 
200009c4  __aeabi_stderr                                                 
200009c8  __TI_cleanup_ptr                                               
200009cc  __TI_dtors_ptr                                                 
200009d0  __TI_enable_exit_profile_output                                
200009e0  _lock                                                          
200009e4  _unlock                                                        
200009ed  _ZN12GeneralTimer13_isConfiguredE                              
200009f0  __CIOBUF_                                                      
20000b10  __TI_tmpnams                                                   
20000bb0  parmbuf                                                        
20000bb8  _sys_memory                                                    
ffffffff  __TI_pprof_out_hndl                                            
ffffffff  __TI_prof_data_size                                            
ffffffff  __TI_prof_data_start                                           
ffffffff  __binit__                                                      
ffffffff  __c_args__                                                     
ffffffff  binit                                                          
UNDEFED   __mpu_init                                                     
UNDEFED   _system_post_cinit                                             

[177 symbols]
