******************************************************************************
                  TI ARM Linker Unix v18.1.3                   
******************************************************************************
>> Linked Sun Sep 23 00:14:20 2018

OUTPUT FILE NAME:   <lcd_tiva.out>
ENTRY POINT SYMBOL: "_c_int00_noargs"  address: 00002f95


MEMORY CONFIGURATION

         name            origin    length      used     unused   attr    fill
----------------------  --------  ---------  --------  --------  ----  --------
  FLASH                 00000000   00040000  0000360d  0003c9f3  R  X
  SRAM                  20000000   00008000  00000bb9  00007447  RW X


SEGMENT ALLOCATION MAP

run origin  load origin   length   init length attrs members
----------  ----------- ---------- ----------- ----- -------
00000000    00000000    00003610   00003610    r-x
  00000000    00000000    0000026c   0000026c    r-- .intvecs
  0000026c    0000026c    0000312c   0000312c    r-x .text
  00003398    00003398    000001e5   000001e5    r-- .const
  00003580    00003580    00000090   00000090    r-- .cinit
20000000    20000000    00000bc0   00000000    rw-
  20000000    20000000    00000800   00000000    rw- .stack
  20000800    20000800    000001e9   00000000    rw- .data
  200009ec    200009ec    000001c8   00000000    rw- .bss
  20000bb8    20000bb8    00000008   00000000    rw- .sysmem


SECTION ALLOCATION MAP

 output                                  attributes/
section   page    origin      length       input sections
--------  ----  ----------  ----------   ----------------
.intvecs   0    00000000    0000026c     
                  00000000    0000026c     tm4c123gh6pm_startup_ccs.obj (.intvecs)

.text      0    0000026c    0000312c     
                  0000026c    00000ff4     lcd_utils.obj (.text)
                  00001260    0000080e     lcd_driver.obj (.text)
                  00001a6e    00000002     rtsv7M4_T_le_v4SPD16_eabi.lib : _lock.c.obj (.text:_nop)
                  00001a70    000001a8     general_timer.obj (.text)
                  00001c18    00000180     main.obj (.text)
                  00001d98    00000136     rtsv7M4_T_le_v4SPD16_eabi.lib : fd_div_t2.asm.obj (.text)
                  00001ece    00000132     driverlib.lib : gpio.obj (.text:GPIOPadConfigSet)
                  00002000    00000118                   : sysctl.obj (.text:SysCtlClockGet)
                  00002118    00000114     rtsv7M4_T_le_v4SPD16_eabi.lib : fputs.c.obj (.text:fputs)
                  0000222c    000000fc                                   : fd_mul_t2.asm.obj (.text)
                  00002328    000000f4     driverlib.lib : sysctl.obj (.text:SysCtlClockSet)
                  0000241c    000000dc     rtsv7M4_T_le_v4SPD16_eabi.lib : setvbuf.c.obj (.text:setvbuf)
                  000024f8    000000d8                                   : memory.c.obj (.text:free)
                  000025d0    0000009c                                   : memcpy_t2.asm.obj (.text)
                  0000266c    00000086                                   : fd_cmp_t2.asm.obj (.text:__aeabi_cdcmple)
                  000026f2    00000002     --HOLE-- [fill = 0]
                  000026f4    0000007c                                   : fflush.c.obj (.text:fflush)
                  00002770    0000007a                                   : memset_t2.asm.obj (.text)
                  000027ea    00000002     --HOLE-- [fill = 0]
                  000027ec    00000078                                   : memory.c.obj (.text:malloc)
                  00002864    00000074                                   : fclose.c.obj (.text:__TI_closefile)
                  000028d8    00000068                                   : hostlseek.c.obj (.text:HOSTlseek)
                  00002940    00000068                                   : hostrename.c.obj (.text:HOSTrename)
                  000029a8    00000068                                   : copy_decompress_lzss.c.obj (.text:decompress:lzss:__TI_decompress_lzss)
                  00002a10    00000064                                   : fseek.c.obj (.text:fseek)
                  00002a74    00000062                                   : _io_perm.c.obj (.text:__TI_wrt_ok)
                  00002ad6    00000002     --HOLE-- [fill = 0]
                  00002ad8    00000060                                   : hostopen.c.obj (.text:HOSTopen)
                  00002b38    00000060     driverlib.lib : timer.obj (.text:TimerConfigure)
                  00002b98    0000005c     rtsv7M4_T_le_v4SPD16_eabi.lib : close.c.obj (.text:close)
                  00002bf4    0000005c                                   : fd_toull_t2.asm.obj (.text)
                  00002c50    00000058                                   : hostread.c.obj (.text:HOSTread)
                  00002ca8    00000058                                   : hostwrite.c.obj (.text:HOSTwrite)
                  00002d00    0000004c                                   : fflush.c.obj (.text:__TI_doflush)
                  00002d4c    00000048                                   : exit.c.obj (.text:exit)
                  00002d94    00000044                                   : hostclose.c.obj (.text:HOSTclose)
                  00002dd8    00000044                                   : hostunlink.c.obj (.text:HOSTunlink)
                  00002e1c    00000044     general_timer.obj (.text:_ZN12GeneralTimer10timeToTickERKy)
                  00002e60    00000044     rtsv7M4_T_le_v4SPD16_eabi.lib : autoinit.c.obj (.text:__TI_auto_init_nobinit_nopinit:__TI_auto_init_nobinit_nopinit)
                  00002ea4    00000044                                   : getdevice.c.obj (.text:getdevice)
                  00002ee8    0000003c                                   : memory.c.obj (.text:minsert)
                  00002f24    00000038     driverlib.lib : sysctl.obj (.text:SysCtlPeripheralReady)
                  00002f5c    00000038     rtsv7M4_T_le_v4SPD16_eabi.lib : trgmsg.c.obj (.text:__TI_writemsg)
                  00002f94    00000038                                   : boot_cortex_m.c.obj (.text:_c_int00_noargs:_c_int00_noargs)
                  00002fcc    00000038                                   : memory.c.obj (.text:minit)
                  00003004    00000036                                   : strncpy.c.obj (.text:strncpy)
                  0000303a    00000002     --HOLE-- [fill = 0]
                  0000303c    00000034     driverlib.lib : sysctl.obj (.text:SysCtlPeripheralEnable)
                  00003070    00000034     rtsv7M4_T_le_v4SPD16_eabi.lib : fopen.c.obj (.text:__TI_cleanup)
                  000030a4    00000034                                   : trgmsg.c.obj (.text:__TI_readmsg)
                  000030d8    00000030                                   : getdevice.c.obj (.text:finddevice)
                  00003108    0000002c     driverlib.lib : gpio.obj (.text:GPIODirModeSet)
                  00003134    0000002c     rtsv7M4_T_le_v4SPD16_eabi.lib : ull_tofd_t2.asm.obj (.text)
                  00003160    0000002c                                   : unlink.c.obj (.text:unlink)
                  0000318c    00000028                                   : lseek.c.obj (.text:lseek)
                  000031b4    00000028                                   : memory.c.obj (.text:mremove)
                  000031dc    00000028                                   : write.c.obj (.text:write)
                  00003204    00000022     general_timer.obj (.text:_ZN12GeneralTimer10tickToTimeERKy)
                  00003226    00000020     rtsv7M4_T_le_v4SPD16_eabi.lib : memchr.c.obj (.text:memchr)
                  00003246    00000020                                   : u_tofd_t2.asm.obj (.text)
                  00003266    00000002     --HOLE-- [fill = 0]
                  00003268    0000001c                                   : assert.c.obj (.text:_abort_msg)
                  00003284    00000018     driverlib.lib : gpio.obj (.text:GPIOPinTypeGPIOOutput)
                  0000329c    00000018     rtsv7M4_T_le_v4SPD16_eabi.lib : strcmp.c.obj (.text:strcmp)
                  000032b4    00000016     driverlib.lib : gpio.obj (.text:GPIOPinTypeGPIOInput)
                  000032ca    00000016                   : timer.obj (.text:TimerValueGet64)
                  000032e0    00000016     rtsv7M4_T_le_v4SPD16_eabi.lib : strchr.c.obj (.text:strchr)
                  000032f6    00000014                                   : strcpy.c.obj (.text:strcpy)
                  0000330a    00000014                                   : strlen.c.obj (.text:strlen)
                  0000331e    00000012                                   : copy_zero_init.c.obj (.text:decompress:ZI:__TI_zero_init_nomemset:__TI_zero_init_nomemset)
                  00003330    00000010                                   : isdigit.c.obj (.text:isdigit)
                  00003340    00000010                                   : isspace.c.obj (.text:isspace)
                  00003350    0000000e     driverlib.lib : timer.obj (.text:TimerEnable)
                  0000335e    0000000e     rtsv7M4_T_le_v4SPD16_eabi.lib : copy_decompress_none.c.obj (.text:decompress:none:__TI_decompress_none)
                  0000336c    0000000c     tm4c123gh6pm_startup_ccs.obj (.text)
                  00003378    00000006     driverlib.lib : gpio.obj (.text:GPIOPinRead)
                  0000337e    00000006                   : gpio.obj (.text:GPIOPinWrite)
                  00003384    00000006                   : sysctl.obj (.text:SysCtlDelay)
                  0000338a    00000006                   : timer.obj (.text:TimerLoadSet64)
                  00003390    00000004     rtsv7M4_T_le_v4SPD16_eabi.lib : pre_init.c.obj (.text:_system_pre_init)
                  00003394    00000004                                   : exit.c.obj (.text:abort:abort)

.const     0    00003398    000001e5     
                  00003398    00000101     rtsv7M4_T_le_v4SPD16_eabi.lib : ctype.c.obj (.const:.string:_ctypes_)
                  00003499    00000003     --HOLE-- [fill = 0]
                  0000349c    0000006c     driverlib.lib : sysctl.obj (.const:g_pui32Xtals)
                  00003508    0000005d     general_timer.obj (.const:.string:_ZZN12GeneralTimer10timeToTickERKyEs)
                  00003565    00000008     main.obj (.const:.string:$P$T1$1)
                  0000356d    00000008     main.obj (.const:.string:$P$T2$2)
                  00003575    00000008     main.obj (.const:.string:$P$T3$3)

.cinit     0    00003580    00000090     
                  00003580    0000006c     (.cinit..data.load) [load image, compression = lzss]
                  000035ec    0000000c     (__TI_handler_table)
                  000035f8    00000008     (.cinit..bss.load) [load image, compression = zero_init]
                  00003600    00000010     (__TI_cinit_table)

.init_array 
*          0    00000000    00000000     UNINITIALIZED

.stack     0    20000000    00000800     UNINITIALIZED
                  20000000    00000004     rtsv7M4_T_le_v4SPD16_eabi.lib : boot_cortex_m.c.obj (.stack)
                  20000004    000007fc     --HOLE--

.data      0    20000800    000001e9     UNINITIALIZED
                  20000800    000000f0     rtsv7M4_T_le_v4SPD16_eabi.lib : defs.c.obj (.data:_ftable)
                  200008f0    00000078                                   : write.c.obj (.data:_device)
                  20000968    00000050                                   : write.c.obj (.data:_stream)
                  200009b8    00000010                                   : defs.c.obj (.data)
                  200009c8    0000000c                                   : exit.c.obj (.data:$O1$$)
                  200009d4    0000000c                                   : memory.c.obj (.data:$O1$$)
                  200009e0    00000008                                   : _lock.c.obj (.data:$O1$$)
                  200009e8    00000001     general_timer.obj (.data)

.bss       0    200009ec    000001c8     UNINITIALIZED
                  200009ec    00000120     rtsv7M4_T_le_v4SPD16_eabi.lib : trgmsg.c.obj (.bss:_CIOBUF_)
                  20000b0c    000000a0     (.common:__TI_tmpnams)
                  20000bac    00000008     (.common:parmbuf)

.sysmem    0    20000bb8    00000008     UNINITIALIZED
                  20000bb8    00000008     rtsv7M4_T_le_v4SPD16_eabi.lib : memory.c.obj (.sysmem)

MODULE SUMMARY

       Module                         code    ro data   rw data
       ------                         ----    -------   -------
    ./
       tm4c123gh6pm_startup_ccs.obj   12      620       0      
    +--+------------------------------+-------+---------+---------+
       Total:                         12      620       0      
                                                               
    ./general_timer/
       general_timer.obj              526     93        1      
    +--+------------------------------+-------+---------+---------+
       Total:                         526     93        1      
                                                               
    ./src/
       lcd_utils.obj                  4084    0         0      
       lcd_driver.obj                 2062    0         0      
       main.obj                       384     24        0      
    +--+------------------------------+-------+---------+---------+
       Total:                         6530    24        0      
                                                               
    ../Tivaware_Dep/driverlib/ccs/Debug/driverlib.lib
       sysctl.obj                     638     108       0      
       gpio.obj                       408     0         0      
       timer.obj                      138     0         0      
    +--+------------------------------+-------+---------+---------+
       Total:                         1184    108       0      
                                                               
    /home/kd/ti/ccsv8/tools/compiler/ti-cgt-arm_18.1.3.LTS/lib/rtsv7M4_T_le_v4SPD16_eabi.lib
       memory.c.obj                   492     0         12     
       defs.c.obj                     0       0         416    
       trgmsg.c.obj                   108     0         288    
       fd_div_t2.asm.obj              310     0         0      
       fputs.c.obj                    276     0         0      
       ctype.c.obj                    0       257       0      
       fd_mul_t2.asm.obj              252     0         0      
       write.c.obj                    40      0         200    
       setvbuf.c.obj                  220     0         0      
       fflush.c.obj                   200     0         0      
       memcpy_t2.asm.obj              156     0         0      
       fd_cmp_t2.asm.obj              134     0         0      
       memset_t2.asm.obj              122     0         0      
       fclose.c.obj                   116     0         0      
       getdevice.c.obj                116     0         0      
       copy_decompress_lzss.c.obj     104     0         0      
       hostlseek.c.obj                104     0         0      
       hostopen.c.obj                 96      0         8      
       hostrename.c.obj               104     0         0      
       fseek.c.obj                    100     0         0      
       _io_perm.c.obj                 98      0         0      
       close.c.obj                    92      0         0      
       fd_toull_t2.asm.obj            92      0         0      
       exit.c.obj                     76      0         12     
       hostread.c.obj                 88      0         0      
       hostwrite.c.obj                88      0         0      
       autoinit.c.obj                 68      0         0      
       hostclose.c.obj                68      0         0      
       hostunlink.c.obj               68      0         0      
       boot_cortex_m.c.obj            56      0         0      
       strncpy.c.obj                  54      0         0      
       fopen.c.obj                    52      0         0      
       ull_tofd_t2.asm.obj            44      0         0      
       unlink.c.obj                   44      0         0      
       lseek.c.obj                    40      0         0      
       memchr.c.obj                   32      0         0      
       u_tofd_t2.asm.obj              32      0         0      
       assert.c.obj                   28      0         0      
       strcmp.c.obj                   24      0         0      
       strchr.c.obj                   22      0         0      
       strcpy.c.obj                   20      0         0      
       strlen.c.obj                   20      0         0      
       copy_zero_init.c.obj           18      0         0      
       isdigit.c.obj                  16      0         0      
       isspace.c.obj                  16      0         0      
       copy_decompress_none.c.obj     14      0         0      
       _lock.c.obj                    2       0         8      
       pre_init.c.obj                 4       0         0      
    +--+------------------------------+-------+---------+---------+
       Total:                         4326    257       944    
                                                               
       Heap:                          0       0         8      
       Stack:                         0       0         2048   
       Linker Generated:              0       144       0      
    +--+------------------------------+-------+---------+---------+
       Grand Total:                   12578   1246      3001   


LINKER GENERATED COPY TABLES

__TI_cinit_table @ 00003600 records: 2, size/record: 8, table size: 16
	.data: load addr=00003580, load size=0000006c bytes, run addr=20000800, run size=000001e9 bytes, compression=lzss
	.bss: load addr=000035f8, load size=00000008 bytes, run addr=200009ec, run size=000001c8 bytes, compression=zero_init


LINKER GENERATED HANDLER TABLE

__TI_handler_table @ 000035ec records: 3, size/record: 4, table size: 12
	index: 0, handler: __TI_decompress_lzss
	index: 1, handler: __TI_decompress_none
	index: 2, handler: __TI_zero_init


GLOBAL SYMBOLS: SORTED ALPHABETICALLY BY Name 

address   name                                                           
-------   ----                                                           
00003395  C$$EXIT                                                        
00002f8b  C$$IO$$                                                        
00003109  GPIODirModeSet                                                 
00001ecf  GPIOPadConfigSet                                               
00003379  GPIOPinRead                                                    
000032b5  GPIOPinTypeGPIOInput                                           
00003285  GPIOPinTypeGPIOOutput                                          
0000337f  GPIOPinWrite                                                   
00002d95  HOSTclose                                                      
000028d9  HOSTlseek                                                      
00002ad9  HOSTopen                                                       
00002c51  HOSTread                                                       
00002941  HOSTrename                                                     
00002dd9  HOSTunlink                                                     
00002ca9  HOSTwrite                                                      
0000336d  ResetISR                                                       
00002001  SysCtlClockGet                                                 
00002329  SysCtlClockSet                                                 
00003385  SysCtlDelay                                                    
0000303d  SysCtlPeripheralEnable                                         
00002f25  SysCtlPeripheralReady                                          
00002b39  TimerConfigure                                                 
00003351  TimerEnable                                                    
0000338b  TimerLoadSet64                                                 
000032cb  TimerValueGet64                                                
00001afd  _ZN12GeneralTimer10startTimerERy                               
00003205  _ZN12GeneralTimer10tickToTimeERKy                              
00002e1d  _ZN12GeneralTimer10timeToTickERKy                              
00001a71  _ZN12GeneralTimer12getTimeStampEjj                             
200009e8  _ZN12GeneralTimer13_isConfiguredE                              
00001b87  _ZN12GeneralTimer4waitERKy                                     
00001b15  _ZN12GeneralTimer9stopTimerERKy                                
00001a87  _ZN12GeneralTimerC1E9TimerUnit                                 
00001a87  _ZN12GeneralTimerC2E9TimerUnit                                 
00001301  _ZN9lcddriver9LcdDriver11comMaintainERKb                       
00001385  _ZN9lcddriver9LcdDriver11configWriteEv                         
000010f9  _ZN9lcddriver9LcdDriver11ramDataReadEPhRKjRKhRKb               
00001629  _ZN9lcddriver9LcdDriver12displayWriteEPKc                      
000005af  _ZN9lcddriver9LcdDriver12pinDescCheckEPj                       
00000597  _ZN9lcddriver9LcdDriver12pinPadConfigEPKj                      
00000fd9  _ZN9lcddriver9LcdDriver12ramDataWriteEPKhjRKb                  
000017d7  _ZN9lcddriver9LcdDriver13backLedSwitchERKb                     
0000144d  _ZN9lcddriver9LcdDriver13comModeSwitchERKb                     
00000f21  _ZN9lcddriver9LcdDriver13dataWrite4BitERKjRKb                  
00001689  _ZN9lcddriver9LcdDriver13displayAppendEPKc                     
0000051f  _ZN9lcddriver9LcdDriver13pinModeSwitchEPKjRKb                  
00000edd  _ZN9lcddriver9LcdDriver14addrCounterGetEv                      
00001371  _ZN9lcddriver9LcdDriver14registerSelectERKb                    
00001739  _ZN9lcddriver9LcdDriver16lcdSettingSwitchERKbS2_S2_            
000016d5  _ZN9lcddriver9LcdDriver16newCustomCharAddEPKhRKj               
0000026d  _ZN9lcddriver9LcdDriver16parallelDataReadERKbPhRKj             
00000eed  _ZN9lcddriver9LcdDriver17addrCounterChangeERKhRKb              
00000365  _ZN9lcddriver9LcdDriver17parallelDataWriteEPKhRKjRKb           
000004eb  _ZN9lcddriver9LcdDriver18parallelModeSwitchERKb                
00000fa9  _ZN9lcddriver9LcdDriver19instructionDataReadEv                 
0000178b  _ZN9lcddriver9LcdDriver20cursorPositionChangeERKhS2_           
00000a9b  _ZN9lcddriver9LcdDriver20displayCommandCreateERKbS2_S2_        
00000781  _ZN9lcddriver9LcdDriver22entryModeCommandCreateERKbS2_         
0000043f  _ZN9lcddriver9LcdDriver23parallelDataWriteSingleERKhRKb        
00000e23  _ZN9lcddriver9LcdDriver24functionSetCommandCreateERKbS2_S2_    
00000e7f  _ZN9lcddriver9LcdDriver31cursorDisplayShiftCommandCreateERKbS2_
00001491  _ZN9lcddriver9LcdDriver4initEv                                 
000015a1  _ZN9lcddriver9LcdDriver6enableEv                               
000012c3  _ZN9lcddriver9LcdDriver7comStopEv                              
0000057b  _ZN9lcddriver9LcdDriver7pinReadEPKj                            
00001261  _ZN9lcddriver9LcdDriver8comSetupERKbS2_                        
0000176d  _ZN9lcddriver9LcdDriver8lcdResetEv                             
00000549  _ZN9lcddriver9LcdDriver8pinWriteEPKjRKb                        
00001439  _ZN9lcddriver9LcdDriver9comSwitchERKb                          
00000ec7  _ZN9lcddriver9LcdDriver9lcdIsBusyEv                            
00001461  _ZN9lcddriver9LcdDriverC1ERKNS_9LcdConfigE                     
00001461  _ZN9lcddriver9LcdDriverC2ERKNS_9LcdConfigE                     
00003508  _ZZN12GeneralTimer10timeToTickERKyEs                           
200009ec  __CIOBUF_                                                      
20000800  __STACK_END                                                    
00000800  __STACK_SIZE                                                   
20000200  __STACK_TOP                                                    
00000008  __SYSMEM_SIZE                                                  
00003600  __TI_CINIT_Base                                                
00003610  __TI_CINIT_Limit                                               
000035ec  __TI_Handler_Table_Base                                        
000035f8  __TI_Handler_Table_Limit                                       
00002e61  __TI_auto_init_nobinit_nopinit                                 
00003071  __TI_cleanup                                                   
200009c8  __TI_cleanup_ptr                                               
00002865  __TI_closefile                                                 
000029a9  __TI_decompress_lzss                                           
0000335f  __TI_decompress_none                                           
00002d01  __TI_doflush                                                   
200009cc  __TI_dtors_ptr                                                 
200009d0  __TI_enable_exit_profile_output                                
200009b8  __TI_ft_end                                                    
ffffffff  __TI_pprof_out_hndl                                            
ffffffff  __TI_prof_data_size                                            
ffffffff  __TI_prof_data_start                                           
000030a5  __TI_readmsg                                                   
00000000  __TI_static_base__                                             
20000b0c  __TI_tmpnams                                                   
00002f5d  __TI_writemsg                                                  
00002a75  __TI_wrt_ok                                                    
0000331f  __TI_zero_init_nomemset                                        
0000266d  __aeabi_cdcmpeq                                                
0000266d  __aeabi_cdcmple                                                
00002bf5  __aeabi_d2ulz                                                  
00001d99  __aeabi_ddiv                                                   
0000222d  __aeabi_dmul                                                   
00002771  __aeabi_memclr                                                 
00002771  __aeabi_memclr4                                                
00002771  __aeabi_memclr8                                                
000025d1  __aeabi_memcpy                                                 
000025d1  __aeabi_memcpy4                                                
000025d1  __aeabi_memcpy8                                                
00002773  __aeabi_memset                                                 
00002773  __aeabi_memset4                                                
00002773  __aeabi_memset8                                                
200009c4  __aeabi_stderr                                                 
200009bc  __aeabi_stdin                                                  
200009c0  __aeabi_stdout                                                 
00003247  __aeabi_ui2d                                                   
00003135  __aeabi_ul2d                                                   
ffffffff  __binit__                                                      
ffffffff  __c_args__                                                     
UNDEFED   __mpu_init                                                     
20000000  __stack                                                        
00003269  _abort_msg                                                     
00002f95  _c_int00_noargs                                                
00003398  _ctypes_                                                       
200008f0  _device                                                        
20000800  _ftable                                                        
200009e0  _lock                                                          
00001a6f  _nop                                                           
20000968  _stream                                                        
20000bb8  _sys_memory                                                    
UNDEFED   _system_post_cinit                                             
00003391  _system_pre_init                                               
200009e4  _unlock                                                        
00003395  abort                                                          
ffffffff  binit                                                          
00002b99  close                                                          
00002d4d  exit                                                           
000026f5  fflush                                                         
000030d9  finddevice                                                     
00002119  fputs                                                          
000024f9  free                                                           
00002a11  fseek                                                          
00000000  g_pfnVectors                                                   
00002ea5  getdevice                                                      
00003331  isdigit                                                        
00003341  isspace                                                        
0000318d  lseek                                                          
00001c19  main                                                           
000027ed  malloc                                                         
00003227  memchr                                                         
000025d1  memcpy                                                         
00002779  memset                                                         
00002fcd  minit                                                          
20000bac  parmbuf                                                        
00003161  remove                                                         
0000241d  setvbuf                                                        
000032e1  strchr                                                         
0000329d  strcmp                                                         
000032f7  strcpy                                                         
0000330b  strlen                                                         
00003005  strncpy                                                        
00003161  unlink                                                         
000031dd  write                                                          


GLOBAL SYMBOLS: SORTED BY Symbol Address 

address   name                                                           
-------   ----                                                           
00000000  __TI_static_base__                                             
00000000  g_pfnVectors                                                   
00000008  __SYSMEM_SIZE                                                  
0000026d  _ZN9lcddriver9LcdDriver16parallelDataReadERKbPhRKj             
00000365  _ZN9lcddriver9LcdDriver17parallelDataWriteEPKhRKjRKb           
0000043f  _ZN9lcddriver9LcdDriver23parallelDataWriteSingleERKhRKb        
000004eb  _ZN9lcddriver9LcdDriver18parallelModeSwitchERKb                
0000051f  _ZN9lcddriver9LcdDriver13pinModeSwitchEPKjRKb                  
00000549  _ZN9lcddriver9LcdDriver8pinWriteEPKjRKb                        
0000057b  _ZN9lcddriver9LcdDriver7pinReadEPKj                            
00000597  _ZN9lcddriver9LcdDriver12pinPadConfigEPKj                      
000005af  _ZN9lcddriver9LcdDriver12pinDescCheckEPj                       
00000781  _ZN9lcddriver9LcdDriver22entryModeCommandCreateERKbS2_         
00000800  __STACK_SIZE                                                   
00000a9b  _ZN9lcddriver9LcdDriver20displayCommandCreateERKbS2_S2_        
00000e23  _ZN9lcddriver9LcdDriver24functionSetCommandCreateERKbS2_S2_    
00000e7f  _ZN9lcddriver9LcdDriver31cursorDisplayShiftCommandCreateERKbS2_
00000ec7  _ZN9lcddriver9LcdDriver9lcdIsBusyEv                            
00000edd  _ZN9lcddriver9LcdDriver14addrCounterGetEv                      
00000eed  _ZN9lcddriver9LcdDriver17addrCounterChangeERKhRKb              
00000f21  _ZN9lcddriver9LcdDriver13dataWrite4BitERKjRKb                  
00000fa9  _ZN9lcddriver9LcdDriver19instructionDataReadEv                 
00000fd9  _ZN9lcddriver9LcdDriver12ramDataWriteEPKhjRKb                  
000010f9  _ZN9lcddriver9LcdDriver11ramDataReadEPhRKjRKhRKb               
00001261  _ZN9lcddriver9LcdDriver8comSetupERKbS2_                        
000012c3  _ZN9lcddriver9LcdDriver7comStopEv                              
00001301  _ZN9lcddriver9LcdDriver11comMaintainERKb                       
00001371  _ZN9lcddriver9LcdDriver14registerSelectERKb                    
00001385  _ZN9lcddriver9LcdDriver11configWriteEv                         
00001439  _ZN9lcddriver9LcdDriver9comSwitchERKb                          
0000144d  _ZN9lcddriver9LcdDriver13comModeSwitchERKb                     
00001461  _ZN9lcddriver9LcdDriverC1ERKNS_9LcdConfigE                     
00001461  _ZN9lcddriver9LcdDriverC2ERKNS_9LcdConfigE                     
00001491  _ZN9lcddriver9LcdDriver4initEv                                 
000015a1  _ZN9lcddriver9LcdDriver6enableEv                               
00001629  _ZN9lcddriver9LcdDriver12displayWriteEPKc                      
00001689  _ZN9lcddriver9LcdDriver13displayAppendEPKc                     
000016d5  _ZN9lcddriver9LcdDriver16newCustomCharAddEPKhRKj               
00001739  _ZN9lcddriver9LcdDriver16lcdSettingSwitchERKbS2_S2_            
0000176d  _ZN9lcddriver9LcdDriver8lcdResetEv                             
0000178b  _ZN9lcddriver9LcdDriver20cursorPositionChangeERKhS2_           
000017d7  _ZN9lcddriver9LcdDriver13backLedSwitchERKb                     
00001a6f  _nop                                                           
00001a71  _ZN12GeneralTimer12getTimeStampEjj                             
00001a87  _ZN12GeneralTimerC1E9TimerUnit                                 
00001a87  _ZN12GeneralTimerC2E9TimerUnit                                 
00001afd  _ZN12GeneralTimer10startTimerERy                               
00001b15  _ZN12GeneralTimer9stopTimerERKy                                
00001b87  _ZN12GeneralTimer4waitERKy                                     
00001c19  main                                                           
00001d99  __aeabi_ddiv                                                   
00001ecf  GPIOPadConfigSet                                               
00002001  SysCtlClockGet                                                 
00002119  fputs                                                          
0000222d  __aeabi_dmul                                                   
00002329  SysCtlClockSet                                                 
0000241d  setvbuf                                                        
000024f9  free                                                           
000025d1  __aeabi_memcpy                                                 
000025d1  __aeabi_memcpy4                                                
000025d1  __aeabi_memcpy8                                                
000025d1  memcpy                                                         
0000266d  __aeabi_cdcmpeq                                                
0000266d  __aeabi_cdcmple                                                
000026f5  fflush                                                         
00002771  __aeabi_memclr                                                 
00002771  __aeabi_memclr4                                                
00002771  __aeabi_memclr8                                                
00002773  __aeabi_memset                                                 
00002773  __aeabi_memset4                                                
00002773  __aeabi_memset8                                                
00002779  memset                                                         
000027ed  malloc                                                         
00002865  __TI_closefile                                                 
000028d9  HOSTlseek                                                      
00002941  HOSTrename                                                     
000029a9  __TI_decompress_lzss                                           
00002a11  fseek                                                          
00002a75  __TI_wrt_ok                                                    
00002ad9  HOSTopen                                                       
00002b39  TimerConfigure                                                 
00002b99  close                                                          
00002bf5  __aeabi_d2ulz                                                  
00002c51  HOSTread                                                       
00002ca9  HOSTwrite                                                      
00002d01  __TI_doflush                                                   
00002d4d  exit                                                           
00002d95  HOSTclose                                                      
00002dd9  HOSTunlink                                                     
00002e1d  _ZN12GeneralTimer10timeToTickERKy                              
00002e61  __TI_auto_init_nobinit_nopinit                                 
00002ea5  getdevice                                                      
00002f25  SysCtlPeripheralReady                                          
00002f5d  __TI_writemsg                                                  
00002f8b  C$$IO$$                                                        
00002f95  _c_int00_noargs                                                
00002fcd  minit                                                          
00003005  strncpy                                                        
0000303d  SysCtlPeripheralEnable                                         
00003071  __TI_cleanup                                                   
000030a5  __TI_readmsg                                                   
000030d9  finddevice                                                     
00003109  GPIODirModeSet                                                 
00003135  __aeabi_ul2d                                                   
00003161  remove                                                         
00003161  unlink                                                         
0000318d  lseek                                                          
000031dd  write                                                          
00003205  _ZN12GeneralTimer10tickToTimeERKy                              
00003227  memchr                                                         
00003247  __aeabi_ui2d                                                   
00003269  _abort_msg                                                     
00003285  GPIOPinTypeGPIOOutput                                          
0000329d  strcmp                                                         
000032b5  GPIOPinTypeGPIOInput                                           
000032cb  TimerValueGet64                                                
000032e1  strchr                                                         
000032f7  strcpy                                                         
0000330b  strlen                                                         
0000331f  __TI_zero_init_nomemset                                        
00003331  isdigit                                                        
00003341  isspace                                                        
00003351  TimerEnable                                                    
0000335f  __TI_decompress_none                                           
0000336d  ResetISR                                                       
00003379  GPIOPinRead                                                    
0000337f  GPIOPinWrite                                                   
00003385  SysCtlDelay                                                    
0000338b  TimerLoadSet64                                                 
00003391  _system_pre_init                                               
00003395  C$$EXIT                                                        
00003395  abort                                                          
00003398  _ctypes_                                                       
00003508  _ZZN12GeneralTimer10timeToTickERKyEs                           
000035ec  __TI_Handler_Table_Base                                        
000035f8  __TI_Handler_Table_Limit                                       
00003600  __TI_CINIT_Base                                                
00003610  __TI_CINIT_Limit                                               
20000000  __stack                                                        
20000200  __STACK_TOP                                                    
20000800  __STACK_END                                                    
20000800  _ftable                                                        
200008f0  _device                                                        
20000968  _stream                                                        
200009b8  __TI_ft_end                                                    
200009bc  __aeabi_stdin                                                  
200009c0  __aeabi_stdout                                                 
200009c4  __aeabi_stderr                                                 
200009c8  __TI_cleanup_ptr                                               
200009cc  __TI_dtors_ptr                                                 
200009d0  __TI_enable_exit_profile_output                                
200009e0  _lock                                                          
200009e4  _unlock                                                        
200009e8  _ZN12GeneralTimer13_isConfiguredE                              
200009ec  __CIOBUF_                                                      
20000b0c  __TI_tmpnams                                                   
20000bac  parmbuf                                                        
20000bb8  _sys_memory                                                    
ffffffff  __TI_pprof_out_hndl                                            
ffffffff  __TI_prof_data_size                                            
ffffffff  __TI_prof_data_start                                           
ffffffff  __binit__                                                      
ffffffff  __c_args__                                                     
ffffffff  binit                                                          
UNDEFED   __mpu_init                                                     
UNDEFED   _system_post_cinit                                             

[166 symbols]
