<?xml version="1.0" encoding="ISO-8859-1" ?>
<link_info>
   <banner>TI ARM Linker Unix v18.1.3.LTS</banner>
   <copyright>Copyright (c) 1996-2017 Texas Instruments Incorporated</copyright>
   <link_time>0x5ba6d623</link_time>
   <link_errors>0x0</link_errors>
   <output_file>lcd_tiva.out</output_file>
   <entry_point>
      <name>_c_int00_noargs</name>
      <address>0x285d</address>
   </entry_point>
   <input_file_list>
      <input_file id="fl-2">
         <path>./</path>
         <kind>object</kind>
         <file>lcd_driver.obj</file>
         <name>lcd_driver.obj</name>
      </input_file>
      <input_file id="fl-3">
         <path>./</path>
         <kind>object</kind>
         <file>main.obj</file>
         <name>main.obj</name>
      </input_file>
      <input_file id="fl-4">
         <path>./</path>
         <kind>object</kind>
         <file>tm4c123gh6pm_startup_ccs.obj</file>
         <name>tm4c123gh6pm_startup_ccs.obj</name>
      </input_file>
      <input_file id="fl-5">
         <path>./Tivaware_Dep/driverlib/</path>
         <kind>object</kind>
         <file>epi_workaround_ccs.obj</file>
         <name>epi_workaround_ccs.obj</name>
      </input_file>
      <input_file id="fl-6">
         <path>./Tivaware_Dep/drivers/</path>
         <kind>object</kind>
         <file>buttons.obj</file>
         <name>buttons.obj</name>
      </input_file>
      <input_file id="fl-7">
         <path>./Tivaware_Dep/drivers/</path>
         <kind>object</kind>
         <file>rgb.obj</file>
         <name>rgb.obj</name>
      </input_file>
      <input_file id="fl-8">
         <path>./Tivaware_Dep/utils/</path>
         <kind>object</kind>
         <file>softuart.obj</file>
         <name>softuart.obj</name>
      </input_file>
      <input_file id="fl-9">
         <path>./Tivaware_Dep/utils/</path>
         <kind>object</kind>
         <file>uartstdio.obj</file>
         <name>uartstdio.obj</name>
      </input_file>
      <input_file id="fl-a">
         <path>./Tivaware_Dep/utils/</path>
         <kind>object</kind>
         <file>ustdlib.obj</file>
         <name>ustdlib.obj</name>
      </input_file>
      <input_file id="fl-b">
         <path>./general_timer/</path>
         <kind>object</kind>
         <file>general_timer.obj</file>
         <name>general_timer.obj</name>
      </input_file>
      <input_file id="fl-14">
         <kind>object</kind>
         <file>&lt;internal&gt;</file>
         <name>&lt;internal&gt;</name>
      </input_file>
      <input_file id="fl-15">
         <path>../Tivaware_Dep/driverlib/ccs/Debug/</path>
         <kind>archive</kind>
         <file>driverlib.lib</file>
         <name>gpio.obj</name>
      </input_file>
      <input_file id="fl-16">
         <path>../Tivaware_Dep/driverlib/ccs/Debug/</path>
         <kind>archive</kind>
         <file>driverlib.lib</file>
         <name>interrupt.obj</name>
      </input_file>
      <input_file id="fl-17">
         <path>../Tivaware_Dep/driverlib/ccs/Debug/</path>
         <kind>archive</kind>
         <file>driverlib.lib</file>
         <name>sysctl.obj</name>
      </input_file>
      <input_file id="fl-18">
         <path>../Tivaware_Dep/driverlib/ccs/Debug/</path>
         <kind>archive</kind>
         <file>driverlib.lib</file>
         <name>timer.obj</name>
      </input_file>
      <input_file id="fl-19">
         <path>../Tivaware_Dep/driverlib/ccs/Debug/</path>
         <kind>archive</kind>
         <file>driverlib.lib</file>
         <name>cpu.obj</name>
      </input_file>
      <input_file id="fl-cf">
         <path>/home/kd/ti/ccsv8/tools/compiler/ti-cgt-arm_18.1.3.LTS/lib/</path>
         <kind>archive</kind>
         <file>rtsv7M4_T_le_v4SPD16_eabi.lib</file>
         <name>memset_t2.asm.obj</name>
      </input_file>
      <input_file id="fl-d0">
         <path>/home/kd/ti/ccsv8/tools/compiler/ti-cgt-arm_18.1.3.LTS/lib/</path>
         <kind>archive</kind>
         <file>rtsv7M4_T_le_v4SPD16_eabi.lib</file>
         <name>u_divt2.asm.obj</name>
      </input_file>
      <input_file id="fl-d1">
         <path>/home/kd/ti/ccsv8/tools/compiler/ti-cgt-arm_18.1.3.LTS/lib/</path>
         <kind>archive</kind>
         <file>rtsv7M4_T_le_v4SPD16_eabi.lib</file>
         <name>fd_cmp_t2.asm.obj</name>
      </input_file>
      <input_file id="fl-d2">
         <path>/home/kd/ti/ccsv8/tools/compiler/ti-cgt-arm_18.1.3.LTS/lib/</path>
         <kind>archive</kind>
         <file>rtsv7M4_T_le_v4SPD16_eabi.lib</file>
         <name>fd_div_t2.asm.obj</name>
      </input_file>
      <input_file id="fl-d3">
         <path>/home/kd/ti/ccsv8/tools/compiler/ti-cgt-arm_18.1.3.LTS/lib/</path>
         <kind>archive</kind>
         <file>rtsv7M4_T_le_v4SPD16_eabi.lib</file>
         <name>fd_mul_t2.asm.obj</name>
      </input_file>
      <input_file id="fl-d4">
         <path>/home/kd/ti/ccsv8/tools/compiler/ti-cgt-arm_18.1.3.LTS/lib/</path>
         <kind>archive</kind>
         <file>rtsv7M4_T_le_v4SPD16_eabi.lib</file>
         <name>fd_toull_t2.asm.obj</name>
      </input_file>
      <input_file id="fl-d5">
         <path>/home/kd/ti/ccsv8/tools/compiler/ti-cgt-arm_18.1.3.LTS/lib/</path>
         <kind>archive</kind>
         <file>rtsv7M4_T_le_v4SPD16_eabi.lib</file>
         <name>fs_toull_t2.asm.obj</name>
      </input_file>
      <input_file id="fl-d6">
         <path>/home/kd/ti/ccsv8/tools/compiler/ti-cgt-arm_18.1.3.LTS/lib/</path>
         <kind>archive</kind>
         <file>rtsv7M4_T_le_v4SPD16_eabi.lib</file>
         <name>memcpy_t2.asm.obj</name>
      </input_file>
      <input_file id="fl-d7">
         <path>/home/kd/ti/ccsv8/tools/compiler/ti-cgt-arm_18.1.3.LTS/lib/</path>
         <kind>archive</kind>
         <file>rtsv7M4_T_le_v4SPD16_eabi.lib</file>
         <name>u_tofd_t2.asm.obj</name>
      </input_file>
      <input_file id="fl-d8">
         <path>/home/kd/ti/ccsv8/tools/compiler/ti-cgt-arm_18.1.3.LTS/lib/</path>
         <kind>archive</kind>
         <file>rtsv7M4_T_le_v4SPD16_eabi.lib</file>
         <name>ull_tofd_t2.asm.obj</name>
      </input_file>
      <input_file id="fl-d9">
         <path>/home/kd/ti/ccsv8/tools/compiler/ti-cgt-arm_18.1.3.LTS/lib/</path>
         <kind>archive</kind>
         <file>rtsv7M4_T_le_v4SPD16_eabi.lib</file>
         <name>copy_zero_init.c.obj</name>
      </input_file>
      <input_file id="fl-da">
         <path>/home/kd/ti/ccsv8/tools/compiler/ti-cgt-arm_18.1.3.LTS/lib/</path>
         <kind>archive</kind>
         <file>rtsv7M4_T_le_v4SPD16_eabi.lib</file>
         <name>copy_decompress_none.c.obj</name>
      </input_file>
      <input_file id="fl-db">
         <path>/home/kd/ti/ccsv8/tools/compiler/ti-cgt-arm_18.1.3.LTS/lib/</path>
         <kind>archive</kind>
         <file>rtsv7M4_T_le_v4SPD16_eabi.lib</file>
         <name>copy_decompress_lzss.c.obj</name>
      </input_file>
      <input_file id="fl-dc">
         <path>/home/kd/ti/ccsv8/tools/compiler/ti-cgt-arm_18.1.3.LTS/lib/</path>
         <kind>archive</kind>
         <file>rtsv7M4_T_le_v4SPD16_eabi.lib</file>
         <name>assert.c.obj</name>
      </input_file>
      <input_file id="fl-dd">
         <path>/home/kd/ti/ccsv8/tools/compiler/ti-cgt-arm_18.1.3.LTS/lib/</path>
         <kind>archive</kind>
         <file>rtsv7M4_T_le_v4SPD16_eabi.lib</file>
         <name>defs.c.obj</name>
      </input_file>
      <input_file id="fl-de">
         <path>/home/kd/ti/ccsv8/tools/compiler/ti-cgt-arm_18.1.3.LTS/lib/</path>
         <kind>archive</kind>
         <file>rtsv7M4_T_le_v4SPD16_eabi.lib</file>
         <name>fflush.c.obj</name>
      </input_file>
      <input_file id="fl-df">
         <path>/home/kd/ti/ccsv8/tools/compiler/ti-cgt-arm_18.1.3.LTS/lib/</path>
         <kind>archive</kind>
         <file>rtsv7M4_T_le_v4SPD16_eabi.lib</file>
         <name>fputs.c.obj</name>
      </input_file>
      <input_file id="fl-e0">
         <path>/home/kd/ti/ccsv8/tools/compiler/ti-cgt-arm_18.1.3.LTS/lib/</path>
         <kind>archive</kind>
         <file>rtsv7M4_T_le_v4SPD16_eabi.lib</file>
         <name>isalpha.c.obj</name>
      </input_file>
      <input_file id="fl-e1">
         <path>/home/kd/ti/ccsv8/tools/compiler/ti-cgt-arm_18.1.3.LTS/lib/</path>
         <kind>archive</kind>
         <file>rtsv7M4_T_le_v4SPD16_eabi.lib</file>
         <name>isspace.c.obj</name>
      </input_file>
      <input_file id="fl-e2">
         <path>/home/kd/ti/ccsv8/tools/compiler/ti-cgt-arm_18.1.3.LTS/lib/</path>
         <kind>archive</kind>
         <file>rtsv7M4_T_le_v4SPD16_eabi.lib</file>
         <name>memchr.c.obj</name>
      </input_file>
      <input_file id="fl-e3">
         <path>/home/kd/ti/ccsv8/tools/compiler/ti-cgt-arm_18.1.3.LTS/lib/</path>
         <kind>archive</kind>
         <file>rtsv7M4_T_le_v4SPD16_eabi.lib</file>
         <name>strlen.c.obj</name>
      </input_file>
      <input_file id="fl-e4">
         <path>/home/kd/ti/ccsv8/tools/compiler/ti-cgt-arm_18.1.3.LTS/lib/</path>
         <kind>archive</kind>
         <file>rtsv7M4_T_le_v4SPD16_eabi.lib</file>
         <name>write.c.obj</name>
      </input_file>
      <input_file id="fl-e5">
         <path>/home/kd/ti/ccsv8/tools/compiler/ti-cgt-arm_18.1.3.LTS/lib/</path>
         <kind>archive</kind>
         <file>rtsv7M4_T_le_v4SPD16_eabi.lib</file>
         <name>boot_cortex_m.c.obj</name>
      </input_file>
      <input_file id="fl-e6">
         <path>/home/kd/ti/ccsv8/tools/compiler/ti-cgt-arm_18.1.3.LTS/lib/</path>
         <kind>archive</kind>
         <file>rtsv7M4_T_le_v4SPD16_eabi.lib</file>
         <name>div0.asm.obj</name>
      </input_file>
      <input_file id="fl-e7">
         <path>/home/kd/ti/ccsv8/tools/compiler/ti-cgt-arm_18.1.3.LTS/lib/</path>
         <kind>archive</kind>
         <file>rtsv7M4_T_le_v4SPD16_eabi.lib</file>
         <name>autoinit.c.obj</name>
      </input_file>
      <input_file id="fl-e8">
         <path>/home/kd/ti/ccsv8/tools/compiler/ti-cgt-arm_18.1.3.LTS/lib/</path>
         <kind>archive</kind>
         <file>rtsv7M4_T_le_v4SPD16_eabi.lib</file>
         <name>pre_init.c.obj</name>
      </input_file>
      <input_file id="fl-e9">
         <path>/home/kd/ti/ccsv8/tools/compiler/ti-cgt-arm_18.1.3.LTS/lib/</path>
         <kind>archive</kind>
         <file>rtsv7M4_T_le_v4SPD16_eabi.lib</file>
         <name>cpy_tbl.c.obj</name>
      </input_file>
      <input_file id="fl-ea">
         <path>/home/kd/ti/ccsv8/tools/compiler/ti-cgt-arm_18.1.3.LTS/lib/</path>
         <kind>archive</kind>
         <file>rtsv7M4_T_le_v4SPD16_eabi.lib</file>
         <name>exit.c.obj</name>
      </input_file>
      <input_file id="fl-eb">
         <path>/home/kd/ti/ccsv8/tools/compiler/ti-cgt-arm_18.1.3.LTS/lib/</path>
         <kind>archive</kind>
         <file>rtsv7M4_T_le_v4SPD16_eabi.lib</file>
         <name>_io_perm.c.obj</name>
      </input_file>
      <input_file id="fl-ec">
         <path>/home/kd/ti/ccsv8/tools/compiler/ti-cgt-arm_18.1.3.LTS/lib/</path>
         <kind>archive</kind>
         <file>rtsv7M4_T_le_v4SPD16_eabi.lib</file>
         <name>_lock.c.obj</name>
      </input_file>
      <input_file id="fl-ed">
         <path>/home/kd/ti/ccsv8/tools/compiler/ti-cgt-arm_18.1.3.LTS/lib/</path>
         <kind>archive</kind>
         <file>rtsv7M4_T_le_v4SPD16_eabi.lib</file>
         <name>args_main.c.obj</name>
      </input_file>
      <input_file id="fl-ee">
         <path>/home/kd/ti/ccsv8/tools/compiler/ti-cgt-arm_18.1.3.LTS/lib/</path>
         <kind>archive</kind>
         <file>rtsv7M4_T_le_v4SPD16_eabi.lib</file>
         <name>ctype.c.obj</name>
      </input_file>
      <input_file id="fl-ef">
         <path>/home/kd/ti/ccsv8/tools/compiler/ti-cgt-arm_18.1.3.LTS/lib/</path>
         <kind>archive</kind>
         <file>rtsv7M4_T_le_v4SPD16_eabi.lib</file>
         <name>fseek.c.obj</name>
      </input_file>
      <input_file id="fl-f0">
         <path>/home/kd/ti/ccsv8/tools/compiler/ti-cgt-arm_18.1.3.LTS/lib/</path>
         <kind>archive</kind>
         <file>rtsv7M4_T_le_v4SPD16_eabi.lib</file>
         <name>lseek.c.obj</name>
      </input_file>
      <input_file id="fl-f1">
         <path>/home/kd/ti/ccsv8/tools/compiler/ti-cgt-arm_18.1.3.LTS/lib/</path>
         <kind>archive</kind>
         <file>rtsv7M4_T_le_v4SPD16_eabi.lib</file>
         <name>setvbuf.c.obj</name>
      </input_file>
      <input_file id="fl-f2">
         <path>/home/kd/ti/ccsv8/tools/compiler/ti-cgt-arm_18.1.3.LTS/lib/</path>
         <kind>archive</kind>
         <file>rtsv7M4_T_le_v4SPD16_eabi.lib</file>
         <name>hostclose.c.obj</name>
      </input_file>
      <input_file id="fl-f3">
         <path>/home/kd/ti/ccsv8/tools/compiler/ti-cgt-arm_18.1.3.LTS/lib/</path>
         <kind>archive</kind>
         <file>rtsv7M4_T_le_v4SPD16_eabi.lib</file>
         <name>hostlseek.c.obj</name>
      </input_file>
      <input_file id="fl-f4">
         <path>/home/kd/ti/ccsv8/tools/compiler/ti-cgt-arm_18.1.3.LTS/lib/</path>
         <kind>archive</kind>
         <file>rtsv7M4_T_le_v4SPD16_eabi.lib</file>
         <name>hostopen.c.obj</name>
      </input_file>
      <input_file id="fl-f5">
         <path>/home/kd/ti/ccsv8/tools/compiler/ti-cgt-arm_18.1.3.LTS/lib/</path>
         <kind>archive</kind>
         <file>rtsv7M4_T_le_v4SPD16_eabi.lib</file>
         <name>hostread.c.obj</name>
      </input_file>
      <input_file id="fl-f6">
         <path>/home/kd/ti/ccsv8/tools/compiler/ti-cgt-arm_18.1.3.LTS/lib/</path>
         <kind>archive</kind>
         <file>rtsv7M4_T_le_v4SPD16_eabi.lib</file>
         <name>hostrename.c.obj</name>
      </input_file>
      <input_file id="fl-f7">
         <path>/home/kd/ti/ccsv8/tools/compiler/ti-cgt-arm_18.1.3.LTS/lib/</path>
         <kind>archive</kind>
         <file>rtsv7M4_T_le_v4SPD16_eabi.lib</file>
         <name>hostunlink.c.obj</name>
      </input_file>
      <input_file id="fl-f8">
         <path>/home/kd/ti/ccsv8/tools/compiler/ti-cgt-arm_18.1.3.LTS/lib/</path>
         <kind>archive</kind>
         <file>rtsv7M4_T_le_v4SPD16_eabi.lib</file>
         <name>hostwrite.c.obj</name>
      </input_file>
      <input_file id="fl-f9">
         <path>/home/kd/ti/ccsv8/tools/compiler/ti-cgt-arm_18.1.3.LTS/lib/</path>
         <kind>archive</kind>
         <file>rtsv7M4_T_le_v4SPD16_eabi.lib</file>
         <name>trgmsg.c.obj</name>
      </input_file>
      <input_file id="fl-fa">
         <path>/home/kd/ti/ccsv8/tools/compiler/ti-cgt-arm_18.1.3.LTS/lib/</path>
         <kind>archive</kind>
         <file>rtsv7M4_T_le_v4SPD16_eabi.lib</file>
         <name>memory.c.obj</name>
      </input_file>
      <input_file id="fl-fb">
         <path>/home/kd/ti/ccsv8/tools/compiler/ti-cgt-arm_18.1.3.LTS/lib/</path>
         <kind>archive</kind>
         <file>rtsv7M4_T_le_v4SPD16_eabi.lib</file>
         <name>fopen.c.obj</name>
      </input_file>
      <input_file id="fl-fc">
         <path>/home/kd/ti/ccsv8/tools/compiler/ti-cgt-arm_18.1.3.LTS/lib/</path>
         <kind>archive</kind>
         <file>rtsv7M4_T_le_v4SPD16_eabi.lib</file>
         <name>open.c.obj</name>
      </input_file>
      <input_file id="fl-fd">
         <path>/home/kd/ti/ccsv8/tools/compiler/ti-cgt-arm_18.1.3.LTS/lib/</path>
         <kind>archive</kind>
         <file>rtsv7M4_T_le_v4SPD16_eabi.lib</file>
         <name>strcpy.c.obj</name>
      </input_file>
      <input_file id="fl-fe">
         <path>/home/kd/ti/ccsv8/tools/compiler/ti-cgt-arm_18.1.3.LTS/lib/</path>
         <kind>archive</kind>
         <file>rtsv7M4_T_le_v4SPD16_eabi.lib</file>
         <name>fclose.c.obj</name>
      </input_file>
      <input_file id="fl-ff">
         <path>/home/kd/ti/ccsv8/tools/compiler/ti-cgt-arm_18.1.3.LTS/lib/</path>
         <kind>archive</kind>
         <file>rtsv7M4_T_le_v4SPD16_eabi.lib</file>
         <name>getdevice.c.obj</name>
      </input_file>
      <input_file id="fl-100">
         <path>/home/kd/ti/ccsv8/tools/compiler/ti-cgt-arm_18.1.3.LTS/lib/</path>
         <kind>archive</kind>
         <file>rtsv7M4_T_le_v4SPD16_eabi.lib</file>
         <name>remove.c.obj</name>
      </input_file>
      <input_file id="fl-101">
         <path>/home/kd/ti/ccsv8/tools/compiler/ti-cgt-arm_18.1.3.LTS/lib/</path>
         <kind>archive</kind>
         <file>rtsv7M4_T_le_v4SPD16_eabi.lib</file>
         <name>strchr.c.obj</name>
      </input_file>
      <input_file id="fl-102">
         <path>/home/kd/ti/ccsv8/tools/compiler/ti-cgt-arm_18.1.3.LTS/lib/</path>
         <kind>archive</kind>
         <file>rtsv7M4_T_le_v4SPD16_eabi.lib</file>
         <name>strcmp.c.obj</name>
      </input_file>
      <input_file id="fl-103">
         <path>/home/kd/ti/ccsv8/tools/compiler/ti-cgt-arm_18.1.3.LTS/lib/</path>
         <kind>archive</kind>
         <file>rtsv7M4_T_le_v4SPD16_eabi.lib</file>
         <name>strncpy.c.obj</name>
      </input_file>
      <input_file id="fl-104">
         <path>/home/kd/ti/ccsv8/tools/compiler/ti-cgt-arm_18.1.3.LTS/lib/</path>
         <kind>archive</kind>
         <file>rtsv7M4_T_le_v4SPD16_eabi.lib</file>
         <name>unlink.c.obj</name>
      </input_file>
      <input_file id="fl-105">
         <path>/home/kd/ti/ccsv8/tools/compiler/ti-cgt-arm_18.1.3.LTS/lib/</path>
         <kind>archive</kind>
         <file>rtsv7M4_T_le_v4SPD16_eabi.lib</file>
         <name>close.c.obj</name>
      </input_file>
   </input_file_list>
   <object_component_list>
      <object_component id="oc-f">
         <name>.intvecs</name>
         <load_address>0x0</load_address>
         <run_address>0x0</run_address>
         <size>0x26c</size>
         <input_file_ref idref="fl-4"/>
      </object_component>
      <object_component id="oc-d8">
         <name>.text</name>
         <load_address>0x26c</load_address>
         <run_address>0x26c</run_address>
         <size>0x118c</size>
         <input_file_ref idref="fl-2"/>
      </object_component>
      <object_component id="oc-15a">
         <name>.text</name>
         <load_address>0x13f8</load_address>
         <run_address>0x13f8</run_address>
         <size>0x1a8</size>
         <input_file_ref idref="fl-b"/>
      </object_component>
      <object_component id="oc-1dd">
         <name>.text</name>
         <load_address>0x15a0</load_address>
         <run_address>0x15a0</run_address>
         <size>0x136</size>
         <input_file_ref idref="fl-d2"/>
      </object_component>
      <object_component id="oc-154">
         <name>.text:GPIOPadConfigSet</name>
         <load_address>0x16d6</load_address>
         <run_address>0x16d6</run_address>
         <size>0x132</size>
         <input_file_ref idref="fl-15"/>
      </object_component>
      <object_component id="oc-1d7">
         <name>.text:SysCtlClockGet</name>
         <load_address>0x1808</load_address>
         <run_address>0x1808</run_address>
         <size>0x118</size>
         <input_file_ref idref="fl-17"/>
      </object_component>
      <object_component id="oc-1af">
         <name>.text:fputs</name>
         <load_address>0x1920</load_address>
         <run_address>0x1920</run_address>
         <size>0x114</size>
         <input_file_ref idref="fl-df"/>
      </object_component>
      <object_component id="oc-287">
         <name>.text</name>
         <load_address>0x1a34</load_address>
         <run_address>0x1a34</run_address>
         <size>0xfc</size>
         <input_file_ref idref="fl-d3"/>
      </object_component>
      <object_component id="oc-d2">
         <name>.text:SysCtlClockSet</name>
         <load_address>0x1b30</load_address>
         <run_address>0x1b30</run_address>
         <size>0xf4</size>
         <input_file_ref idref="fl-17"/>
      </object_component>
      <object_component id="oc-2c2">
         <name>.text:setvbuf</name>
         <load_address>0x1c24</load_address>
         <run_address>0x1c24</run_address>
         <size>0xdc</size>
         <input_file_ref idref="fl-f1"/>
      </object_component>
      <object_component id="oc-2ec">
         <name>.text:free</name>
         <load_address>0x1d00</load_address>
         <run_address>0x1d00</run_address>
         <size>0xd8</size>
         <input_file_ref idref="fl-fa"/>
      </object_component>
      <object_component id="oc-9f">
         <name>.text</name>
         <load_address>0x1dd8</load_address>
         <run_address>0x1dd8</run_address>
         <size>0xc0</size>
         <input_file_ref idref="fl-3"/>
      </object_component>
      <object_component id="oc-3b">
         <name>.text</name>
         <load_address>0x1e98</load_address>
         <run_address>0x1e98</run_address>
         <size>0x9c</size>
         <input_file_ref idref="fl-d6"/>
      </object_component>
      <object_component id="oc-291">
         <name>.text:__aeabi_cdcmple</name>
         <load_address>0x1f34</load_address>
         <run_address>0x1f34</run_address>
         <size>0x86</size>
         <input_file_ref idref="fl-d1"/>
      </object_component>
      <object_component id="oc-22b">
         <name>.text:_nop</name>
         <load_address>0x1fba</load_address>
         <run_address>0x1fba</run_address>
         <size>0x2</size>
         <input_file_ref idref="fl-ec"/>
      </object_component>
      <object_component id="oc-1b5">
         <name>.text:fflush</name>
         <load_address>0x1fbc</load_address>
         <run_address>0x1fbc</run_address>
         <size>0x7c</size>
         <input_file_ref idref="fl-de"/>
      </object_component>
      <object_component id="oc-93">
         <name>.text</name>
         <load_address>0x2038</load_address>
         <run_address>0x2038</run_address>
         <size>0x7a</size>
         <input_file_ref idref="fl-cf"/>
      </object_component>
      <object_component id="oc-2f2">
         <name>.text:malloc</name>
         <load_address>0x20b4</load_address>
         <run_address>0x20b4</run_address>
         <size>0x78</size>
         <input_file_ref idref="fl-fa"/>
      </object_component>
      <object_component id="oc-335">
         <name>.text:__TI_closefile</name>
         <load_address>0x212c</load_address>
         <run_address>0x212c</run_address>
         <size>0x74</size>
         <input_file_ref idref="fl-fe"/>
      </object_component>
      <object_component id="oc-356">
         <name>.text:HOSTlseek</name>
         <load_address>0x21a0</load_address>
         <run_address>0x21a0</run_address>
         <size>0x68</size>
         <input_file_ref idref="fl-f3"/>
      </object_component>
      <object_component id="oc-362">
         <name>.text:HOSTrename</name>
         <load_address>0x2208</load_address>
         <run_address>0x2208</run_address>
         <size>0x68</size>
         <input_file_ref idref="fl-f6"/>
      </object_component>
      <object_component id="oc-12">
         <name>.text:decompress:lzss:__TI_decompress_lzss</name>
         <load_address>0x2270</load_address>
         <run_address>0x2270</run_address>
         <size>0x68</size>
         <input_file_ref idref="fl-db"/>
      </object_component>
      <object_component id="oc-2bc">
         <name>.text:fseek</name>
         <load_address>0x22d8</load_address>
         <run_address>0x22d8</run_address>
         <size>0x64</size>
         <input_file_ref idref="fl-ef"/>
      </object_component>
      <object_component id="oc-24a">
         <name>.text:__TI_wrt_ok</name>
         <load_address>0x233c</load_address>
         <run_address>0x233c</run_address>
         <size>0x62</size>
         <input_file_ref idref="fl-eb"/>
      </object_component>
      <object_component id="oc-33e">
         <name>.text:HOSTopen</name>
         <load_address>0x23a0</load_address>
         <run_address>0x23a0</run_address>
         <size>0x60</size>
         <input_file_ref idref="fl-f4"/>
      </object_component>
      <object_component id="oc-1e2">
         <name>.text:TimerConfigure</name>
         <load_address>0x2400</load_address>
         <run_address>0x2400</run_address>
         <size>0x60</size>
         <input_file_ref idref="fl-18"/>
      </object_component>
      <object_component id="oc-371">
         <name>.text:close</name>
         <load_address>0x2460</load_address>
         <run_address>0x2460</run_address>
         <size>0x5c</size>
         <input_file_ref idref="fl-105"/>
      </object_component>
      <object_component id="oc-28c">
         <name>.text</name>
         <load_address>0x24bc</load_address>
         <run_address>0x24bc</run_address>
         <size>0x5c</size>
         <input_file_ref idref="fl-d4"/>
      </object_component>
      <object_component id="oc-34a">
         <name>.text:HOSTread</name>
         <load_address>0x2518</load_address>
         <run_address>0x2518</run_address>
         <size>0x58</size>
         <input_file_ref idref="fl-f5"/>
      </object_component>
      <object_component id="oc-350">
         <name>.text:HOSTwrite</name>
         <load_address>0x2570</load_address>
         <run_address>0x2570</run_address>
         <size>0x58</size>
         <input_file_ref idref="fl-f8"/>
      </object_component>
      <object_component id="oc-256">
         <name>.text:__TI_doflush</name>
         <load_address>0x25c8</load_address>
         <run_address>0x25c8</run_address>
         <size>0x4c</size>
         <input_file_ref idref="fl-de"/>
      </object_component>
      <object_component id="oc-ea">
         <name>.text:exit</name>
         <load_address>0x2614</load_address>
         <run_address>0x2614</run_address>
         <size>0x48</size>
         <input_file_ref idref="fl-ea"/>
      </object_component>
      <object_component id="oc-344">
         <name>.text:HOSTclose</name>
         <load_address>0x265c</load_address>
         <run_address>0x265c</run_address>
         <size>0x44</size>
         <input_file_ref idref="fl-f2"/>
      </object_component>
      <object_component id="oc-35c">
         <name>.text:HOSTunlink</name>
         <load_address>0x26a0</load_address>
         <run_address>0x26a0</run_address>
         <size>0x44</size>
         <input_file_ref idref="fl-f7"/>
      </object_component>
      <object_component id="oc-1fb">
         <name>.text:_ZN12GeneralTimer10timeToTickERKy</name>
         <load_address>0x26e4</load_address>
         <run_address>0x26e4</run_address>
         <size>0x44</size>
         <input_file_ref idref="fl-b"/>
      </object_component>
      <object_component id="oc-f0">
         <name>.text:__TI_auto_init_nobinit_nopinit:__TI_auto_init_nobinit_nopinit</name>
         <load_address>0x2728</load_address>
         <run_address>0x2728</run_address>
         <size>0x44</size>
         <input_file_ref idref="fl-e7"/>
      </object_component>
      <object_component id="oc-3a4">
         <name>.text:getdevice</name>
         <load_address>0x276c</load_address>
         <run_address>0x276c</run_address>
         <size>0x44</size>
         <input_file_ref idref="fl-ff"/>
      </object_component>
      <object_component id="oc-32a">
         <name>.text:minsert</name>
         <load_address>0x27b0</load_address>
         <run_address>0x27b0</run_address>
         <size>0x3c</size>
         <input_file_ref idref="fl-fa"/>
      </object_component>
      <object_component id="oc-130">
         <name>.text:SysCtlPeripheralReady</name>
         <load_address>0x27ec</load_address>
         <run_address>0x27ec</run_address>
         <size>0x38</size>
         <input_file_ref idref="fl-17"/>
      </object_component>
      <object_component id="oc-380">
         <name>.text:__TI_writemsg</name>
         <load_address>0x2824</load_address>
         <run_address>0x2824</run_address>
         <size>0x38</size>
         <input_file_ref idref="fl-f9"/>
      </object_component>
      <object_component id="oc-59">
         <name>.text:_c_int00_noargs:_c_int00_noargs</name>
         <load_address>0x285c</load_address>
         <run_address>0x285c</run_address>
         <size>0x38</size>
         <input_file_ref idref="fl-e5"/>
      </object_component>
      <object_component id="oc-31e">
         <name>.text:minit</name>
         <load_address>0x2894</load_address>
         <run_address>0x2894</run_address>
         <size>0x38</size>
         <input_file_ref idref="fl-fa"/>
      </object_component>
      <object_component id="oc-3cc">
         <name>.text:strncpy</name>
         <load_address>0x28cc</load_address>
         <run_address>0x28cc</run_address>
         <size>0x36</size>
         <input_file_ref idref="fl-103"/>
      </object_component>
      <object_component id="oc-12a">
         <name>.text:SysCtlPeripheralEnable</name>
         <load_address>0x2904</load_address>
         <run_address>0x2904</run_address>
         <size>0x34</size>
         <input_file_ref idref="fl-17"/>
      </object_component>
      <object_component id="oc-2f8">
         <name>.text:__TI_cleanup</name>
         <load_address>0x2938</load_address>
         <run_address>0x2938</run_address>
         <size>0x34</size>
         <input_file_ref idref="fl-fb"/>
      </object_component>
      <object_component id="oc-386">
         <name>.text:__TI_readmsg</name>
         <load_address>0x296c</load_address>
         <run_address>0x296c</run_address>
         <size>0x34</size>
         <input_file_ref idref="fl-f9"/>
      </object_component>
      <object_component id="oc-3d2">
         <name>.text:finddevice</name>
         <load_address>0x29a0</load_address>
         <run_address>0x29a0</run_address>
         <size>0x30</size>
         <input_file_ref idref="fl-ff"/>
      </object_component>
      <object_component id="oc-1c0">
         <name>.text:GPIODirModeSet</name>
         <load_address>0x29d0</load_address>
         <run_address>0x29d0</run_address>
         <size>0x2c</size>
         <input_file_ref idref="fl-15"/>
      </object_component>
      <object_component id="oc-282">
         <name>.text</name>
         <load_address>0x29fc</load_address>
         <run_address>0x29fc</run_address>
         <size>0x2c</size>
         <input_file_ref idref="fl-d8"/>
      </object_component>
      <object_component id="oc-377">
         <name>.text:unlink</name>
         <load_address>0x2a28</load_address>
         <run_address>0x2a28</run_address>
         <size>0x2c</size>
         <input_file_ref idref="fl-104"/>
      </object_component>
      <object_component id="oc-2e4">
         <name>.text:lseek</name>
         <load_address>0x2a54</load_address>
         <run_address>0x2a54</run_address>
         <size>0x28</size>
         <input_file_ref idref="fl-f0"/>
      </object_component>
      <object_component id="oc-324">
         <name>.text:mremove</name>
         <load_address>0x2a7c</load_address>
         <run_address>0x2a7c</run_address>
         <size>0x28</size>
         <input_file_ref idref="fl-fa"/>
      </object_component>
      <object_component id="oc-25c">
         <name>.text:write</name>
         <load_address>0x2aa4</load_address>
         <run_address>0x2aa4</run_address>
         <size>0x28</size>
         <input_file_ref idref="fl-e4"/>
      </object_component>
      <object_component id="oc-1f4">
         <name>.text:_ZN12GeneralTimer10tickToTimeERKy</name>
         <load_address>0x2acc</load_address>
         <run_address>0x2acc</run_address>
         <size>0x22</size>
         <input_file_ref idref="fl-b"/>
      </object_component>
      <object_component id="oc-250">
         <name>.text:memchr</name>
         <load_address>0x2aee</load_address>
         <run_address>0x2aee</run_address>
         <size>0x20</size>
         <input_file_ref idref="fl-e2"/>
      </object_component>
      <object_component id="oc-1d2">
         <name>.text</name>
         <load_address>0x2b0e</load_address>
         <run_address>0x2b0e</run_address>
         <size>0x20</size>
         <input_file_ref idref="fl-d7"/>
      </object_component>
      <object_component id="oc-136">
         <name>.text:_abort_msg</name>
         <load_address>0x2b30</load_address>
         <run_address>0x2b30</run_address>
         <size>0x1c</size>
         <input_file_ref idref="fl-dc"/>
      </object_component>
      <object_component id="oc-142">
         <name>.text:GPIOPinTypeGPIOOutput</name>
         <load_address>0x2b4c</load_address>
         <run_address>0x2b4c</run_address>
         <size>0x18</size>
         <input_file_ref idref="fl-15"/>
      </object_component>
      <object_component id="oc-3eb">
         <name>.text:strcmp</name>
         <load_address>0x2b64</load_address>
         <run_address>0x2b64</run_address>
         <size>0x18</size>
         <input_file_ref idref="fl-102"/>
      </object_component>
      <object_component id="oc-13c">
         <name>.text:GPIOPinTypeGPIOInput</name>
         <load_address>0x2b7c</load_address>
         <run_address>0x2b7c</run_address>
         <size>0x16</size>
         <input_file_ref idref="fl-15"/>
      </object_component>
      <object_component id="oc-1cc">
         <name>.text:TimerValueGet64</name>
         <load_address>0x2b92</load_address>
         <run_address>0x2b92</run_address>
         <size>0x16</size>
         <input_file_ref idref="fl-18"/>
      </object_component>
      <object_component id="oc-3c6">
         <name>.text:strchr</name>
         <load_address>0x2ba8</load_address>
         <run_address>0x2ba8</run_address>
         <size>0x16</size>
         <input_file_ref idref="fl-101"/>
      </object_component>
      <object_component id="oc-39a">
         <name>.text:strcpy</name>
         <load_address>0x2bbe</load_address>
         <run_address>0x2bbe</run_address>
         <size>0x14</size>
         <input_file_ref idref="fl-fd"/>
      </object_component>
      <object_component id="oc-16c">
         <name>.text:strlen</name>
         <load_address>0x2bd2</load_address>
         <run_address>0x2bd2</run_address>
         <size>0x14</size>
         <input_file_ref idref="fl-e3"/>
      </object_component>
      <object_component id="oc-47">
         <name>.text:decompress:ZI:__TI_zero_init_nomemset:__TI_zero_init_nomemset</name>
         <load_address>0x2be6</load_address>
         <run_address>0x2be6</run_address>
         <size>0x12</size>
         <input_file_ref idref="fl-d9"/>
      </object_component>
      <object_component id="oc-160">
         <name>.text:isalpha</name>
         <load_address>0x2bf8</load_address>
         <run_address>0x2bf8</run_address>
         <size>0x10</size>
         <input_file_ref idref="fl-e0"/>
      </object_component>
      <object_component id="oc-166">
         <name>.text:isspace</name>
         <load_address>0x2c08</load_address>
         <run_address>0x2c08</run_address>
         <size>0x10</size>
         <input_file_ref idref="fl-e1"/>
      </object_component>
      <object_component id="oc-1ee">
         <name>.text:TimerEnable</name>
         <load_address>0x2c18</load_address>
         <run_address>0x2c18</run_address>
         <size>0xe</size>
         <input_file_ref idref="fl-18"/>
      </object_component>
      <object_component id="oc-18">
         <name>.text:decompress:none:__TI_decompress_none</name>
         <load_address>0x2c26</load_address>
         <run_address>0x2c26</run_address>
         <size>0xe</size>
         <input_file_ref idref="fl-da"/>
      </object_component>
      <object_component id="oc-27">
         <name>.text</name>
         <load_address>0x2c34</load_address>
         <run_address>0x2c34</run_address>
         <size>0xc</size>
         <input_file_ref idref="fl-4"/>
      </object_component>
      <object_component id="oc-14e">
         <name>.text:GPIOPinRead</name>
         <load_address>0x2c40</load_address>
         <run_address>0x2c40</run_address>
         <size>0x6</size>
         <input_file_ref idref="fl-15"/>
      </object_component>
      <object_component id="oc-148">
         <name>.text:GPIOPinWrite</name>
         <load_address>0x2c46</load_address>
         <run_address>0x2c46</run_address>
         <size>0x6</size>
         <input_file_ref idref="fl-15"/>
      </object_component>
      <object_component id="oc-127">
         <name>.text:SysCtlDelay</name>
         <load_address>0x2c4c</load_address>
         <run_address>0x2c4c</run_address>
         <size>0x6</size>
         <input_file_ref idref="fl-17"/>
      </object_component>
      <object_component id="oc-1e8">
         <name>.text:TimerLoadSet64</name>
         <load_address>0x2c52</load_address>
         <run_address>0x2c52</run_address>
         <size>0x6</size>
         <input_file_ref idref="fl-18"/>
      </object_component>
      <object_component id="oc-99">
         <name>.text:_system_pre_init</name>
         <load_address>0x2c58</load_address>
         <run_address>0x2c58</run_address>
         <size>0x4</size>
         <input_file_ref idref="fl-e8"/>
      </object_component>
      <object_component id="oc-e4">
         <name>.text:abort:abort</name>
         <load_address>0x2c5c</load_address>
         <run_address>0x2c5c</run_address>
         <size>0x4</size>
         <input_file_ref idref="fl-ea"/>
      </object_component>
      <object_component id="oc-208">
         <name>.const:.string:_ctypes_</name>
         <load_address>0x2c60</load_address>
         <run_address>0x2c60</run_address>
         <size>0x101</size>
         <input_file_ref idref="fl-ee"/>
      </object_component>
      <object_component id="oc-27a">
         <name>.const:g_pui32Xtals</name>
         <load_address>0x2d64</load_address>
         <run_address>0x2d64</run_address>
         <size>0x6c</size>
         <input_file_ref idref="fl-17"/>
      </object_component>
      <object_component id="oc-296">
         <name>.const:.string:_ZZN12GeneralTimer10timeToTickERKyEs</name>
         <load_address>0x2dd0</load_address>
         <run_address>0x2dd0</run_address>
         <size>0x5d</size>
         <input_file_ref idref="fl-b"/>
      </object_component>
      <object_component id="oc-172">
         <name>.const:$P$T32$1</name>
         <load_address>0x2e30</load_address>
         <run_address>0x2e30</run_address>
         <size>0x4</size>
         <input_file_ref idref="fl-2"/>
      </object_component>
      <object_component id="oc-42a">
         <name>.cinit..data.load</name>
         <load_address>0x2e38</load_address>
         <run_address>0x2e38</run_address>
         <size>0x6d</size>
      </object_component>
      <object_component id="oc-428">
         <name>__TI_handler_table</name>
         <load_address>0x2ea8</load_address>
         <run_address>0x2ea8</run_address>
         <size>0xc</size>
      </object_component>
      <object_component id="oc-42b">
         <name>.cinit..bss.load</name>
         <load_address>0x2eb8</load_address>
         <run_address>0x2eb8</run_address>
         <size>0x8</size>
      </object_component>
      <object_component id="oc-429">
         <name>__TI_cinit_table</name>
         <load_address>0x2ec0</load_address>
         <run_address>0x2ec0</run_address>
         <size>0x10</size>
      </object_component>
      <object_component id="oc-202">
         <name>.data</name>
         <load_address>0x200009e8</load_address>
         <run_address>0x200009e8</run_address>
         <size>0x1</size>
         <input_file_ref idref="fl-b"/>
      </object_component>
      <object_component id="oc-1bb">
         <name>.data:_ftable</name>
         <load_address>0x20000800</load_address>
         <run_address>0x20000800</run_address>
         <size>0xf0</size>
         <input_file_ref idref="fl-dd"/>
      </object_component>
      <object_component id="oc-264">
         <name>.data</name>
         <load_address>0x200009b8</load_address>
         <run_address>0x200009b8</run_address>
         <size>0x10</size>
         <input_file_ref idref="fl-dd"/>
      </object_component>
      <object_component id="oc-309">
         <name>.data:_device</name>
         <load_address>0x200008f0</load_address>
         <run_address>0x200008f0</run_address>
         <size>0x78</size>
         <input_file_ref idref="fl-e4"/>
      </object_component>
      <object_component id="oc-2cd">
         <name>.data:_stream</name>
         <load_address>0x20000968</load_address>
         <run_address>0x20000968</run_address>
         <size>0x50</size>
         <input_file_ref idref="fl-e4"/>
      </object_component>
      <object_component id="oc-183">
         <name>.data:$O1$$</name>
         <load_address>0x200009c8</load_address>
         <run_address>0x200009c8</run_address>
         <size>0xc</size>
         <input_file_ref idref="fl-ea"/>
      </object_component>
      <object_component id="oc-186">
         <name>.data:$O1$$</name>
         <load_address>0x200009e0</load_address>
         <run_address>0x200009e0</run_address>
         <size>0x8</size>
         <input_file_ref idref="fl-ec"/>
      </object_component>
      <object_component id="oc-330">
         <name>.data:$O1$$</name>
         <load_address>0x200009d4</load_address>
         <run_address>0x200009d4</run_address>
         <size>0xc</size>
         <input_file_ref idref="fl-fa"/>
      </object_component>
      <object_component id="oc-3ae">
         <name>.bss:_CIOBUF_</name>
         <uninitialized>true</uninitialized>
         <run_address>0x200009ec</run_address>
         <size>0x120</size>
         <input_file_ref idref="fl-f9"/>
      </object_component>
      <object_component id="oc-37d">
         <name>.common:__TI_tmpnams</name>
         <uninitialized>true</uninitialized>
         <run_address>0x20000b0c</run_address>
         <size>0xa0</size>
      </object_component>
      <object_component id="oc-38c">
         <name>.common:parmbuf</name>
         <uninitialized>true</uninitialized>
         <run_address>0x20000bac</run_address>
         <size>0x8</size>
      </object_component>
      <object_component id="oc-24">
         <name>.sysmem</name>
         <uninitialized>true</uninitialized>
         <run_address>0x20000bb8</run_address>
         <size>0x8</size>
         <input_file_ref idref="fl-fa"/>
      </object_component>
      <object_component id="oc-42d">
         <name>.sysmem</name>
         <uninitialized>true</uninitialized>
         <run_address>0x20000bb8</run_address>
         <size>0x0</size>
      </object_component>
      <object_component id="oc-21">
         <name>.stack</name>
         <uninitialized>true</uninitialized>
         <run_address>0x20000000</run_address>
         <size>0x4</size>
         <input_file_ref idref="fl-e5"/>
      </object_component>
      <object_component id="oc-42c">
         <name>.stack</name>
         <uninitialized>true</uninitialized>
         <run_address>0x20000000</run_address>
         <size>0x0</size>
      </object_component>
      <object_component id="oc-176">
         <name>.debug_info</name>
         <load_address>0x0</load_address>
         <run_address>0x0</run_address>
         <size>0x82b</size>
         <input_file_ref idref="fl-2"/>
      </object_component>
      <object_component id="oc-173">
         <name>.debug_info</name>
         <load_address>0x82b</load_address>
         <run_address>0x82b</run_address>
         <size>0xc7</size>
         <input_file_ref idref="fl-2"/>
      </object_component>
      <object_component id="oc-d9">
         <name>.debug_info</name>
         <load_address>0x8f2</load_address>
         <run_address>0x8f2</run_address>
         <size>0x2df3</size>
         <input_file_ref idref="fl-2"/>
      </object_component>
      <object_component id="oc-17d">
         <name>.debug_info</name>
         <load_address>0x36e5</load_address>
         <run_address>0x36e5</run_address>
         <size>0x185</size>
         <input_file_ref idref="fl-2"/>
      </object_component>
      <object_component id="oc-df">
         <name>.debug_info</name>
         <load_address>0x386a</load_address>
         <run_address>0x386a</run_address>
         <size>0x428</size>
         <input_file_ref idref="fl-2"/>
      </object_component>
      <object_component id="oc-122">
         <name>.debug_info</name>
         <load_address>0x3c92</load_address>
         <run_address>0x3c92</run_address>
         <size>0x8b</size>
         <input_file_ref idref="fl-2"/>
      </object_component>
      <object_component id="oc-21a">
         <name>.debug_info</name>
         <load_address>0x3d1d</load_address>
         <run_address>0x3d1d</run_address>
         <size>0x2c9</size>
         <input_file_ref idref="fl-2"/>
      </object_component>
      <object_component id="oc-178">
         <name>.debug_info</name>
         <load_address>0x3fe6</load_address>
         <run_address>0x3fe6</run_address>
         <size>0xbb</size>
         <input_file_ref idref="fl-2"/>
      </object_component>
      <object_component id="oc-215">
         <name>.debug_info</name>
         <load_address>0x40a1</load_address>
         <run_address>0x40a1</run_address>
         <size>0x2a1</size>
         <input_file_ref idref="fl-2"/>
      </object_component>
      <object_component id="oc-224">
         <name>.debug_info</name>
         <load_address>0x4342</load_address>
         <run_address>0x4342</run_address>
         <size>0x2c</size>
         <input_file_ref idref="fl-2"/>
      </object_component>
      <object_component id="oc-21f">
         <name>.debug_info</name>
         <load_address>0x436e</load_address>
         <run_address>0x436e</run_address>
         <size>0x94</size>
         <input_file_ref idref="fl-2"/>
      </object_component>
      <object_component id="oc-a0">
         <name>.debug_info</name>
         <load_address>0x4402</load_address>
         <run_address>0x4402</run_address>
         <size>0x1b8</size>
         <input_file_ref idref="fl-3"/>
      </object_component>
      <object_component id="oc-36">
         <name>.debug_info</name>
         <load_address>0x45ba</load_address>
         <run_address>0x45ba</run_address>
         <size>0x84</size>
         <input_file_ref idref="fl-3"/>
      </object_component>
      <object_component id="oc-2f">
         <name>.debug_info</name>
         <load_address>0x463e</load_address>
         <run_address>0x463e</run_address>
         <size>0x2a0</size>
         <input_file_ref idref="fl-4"/>
      </object_component>
      <object_component id="oc-10">
         <name>.debug_info</name>
         <load_address>0x48de</load_address>
         <run_address>0x48de</run_address>
         <size>0xdf</size>
         <input_file_ref idref="fl-4"/>
      </object_component>
      <object_component id="oc-28">
         <name>.debug_info</name>
         <load_address>0x49bd</load_address>
         <run_address>0x49bd</run_address>
         <size>0x25b</size>
         <input_file_ref idref="fl-4"/>
      </object_component>
      <object_component id="oc-74">
         <name>.debug_info</name>
         <load_address>0x4c18</load_address>
         <run_address>0x4c18</run_address>
         <size>0x26b</size>
         <input_file_ref idref="fl-4"/>
      </object_component>
      <object_component id="oc-bd">
         <name>.debug_info</name>
         <load_address>0x4e83</load_address>
         <run_address>0x4e83</run_address>
         <size>0x297</size>
         <input_file_ref idref="fl-4"/>
      </object_component>
      <object_component id="oc-1a8">
         <name>.debug_info</name>
         <load_address>0x511a</load_address>
         <run_address>0x511a</run_address>
         <size>0xef</size>
         <input_file_ref idref="fl-4"/>
      </object_component>
      <object_component id="oc-79">
         <name>.debug_info</name>
         <load_address>0x5209</load_address>
         <run_address>0x5209</run_address>
         <size>0xbb</size>
         <input_file_ref idref="fl-4"/>
      </object_component>
      <object_component id="oc-c9">
         <name>.debug_info</name>
         <load_address>0x52c4</load_address>
         <run_address>0x52c4</run_address>
         <size>0x2c</size>
         <input_file_ref idref="fl-8"/>
      </object_component>
      <object_component id="oc-206">
         <name>.debug_info</name>
         <load_address>0x52f0</load_address>
         <run_address>0x52f0</run_address>
         <size>0x513</size>
         <input_file_ref idref="fl-b"/>
      </object_component>
      <object_component id="oc-297">
         <name>.debug_info</name>
         <load_address>0x5803</load_address>
         <run_address>0x5803</run_address>
         <size>0x108</size>
         <input_file_ref idref="fl-b"/>
      </object_component>
      <object_component id="oc-203">
         <name>.debug_info</name>
         <load_address>0x590b</load_address>
         <run_address>0x590b</run_address>
         <size>0x10c</size>
         <input_file_ref idref="fl-b"/>
      </object_component>
      <object_component id="oc-1f5">
         <name>.debug_info</name>
         <load_address>0x5a17</load_address>
         <run_address>0x5a17</run_address>
         <size>0x1e2</size>
         <input_file_ref idref="fl-b"/>
      </object_component>
      <object_component id="oc-1fc">
         <name>.debug_info</name>
         <load_address>0x5bf9</load_address>
         <run_address>0x5bf9</run_address>
         <size>0x20d</size>
         <input_file_ref idref="fl-b"/>
      </object_component>
      <object_component id="oc-15b">
         <name>.debug_info</name>
         <load_address>0x5e06</load_address>
         <run_address>0x5e06</run_address>
         <size>0x80a</size>
         <input_file_ref idref="fl-b"/>
      </object_component>
      <object_component id="oc-29f">
         <name>.debug_info</name>
         <load_address>0x6610</load_address>
         <run_address>0x6610</run_address>
         <size>0xfe</size>
         <input_file_ref idref="fl-b"/>
      </object_component>
      <object_component id="oc-1c7">
         <name>.debug_info</name>
         <load_address>0x670e</load_address>
         <run_address>0x670e</run_address>
         <size>0x366</size>
         <input_file_ref idref="fl-15"/>
      </object_component>
      <object_component id="oc-149">
         <name>.debug_info</name>
         <load_address>0x6a74</load_address>
         <run_address>0x6a74</run_address>
         <size>0x1b4</size>
         <input_file_ref idref="fl-15"/>
      </object_component>
      <object_component id="oc-1c1">
         <name>.debug_info</name>
         <load_address>0x6c28</load_address>
         <run_address>0x6c28</run_address>
         <size>0x1c4</size>
         <input_file_ref idref="fl-15"/>
      </object_component>
      <object_component id="oc-155">
         <name>.debug_info</name>
         <load_address>0x6dec</load_address>
         <run_address>0x6dec</run_address>
         <size>0x227</size>
         <input_file_ref idref="fl-15"/>
      </object_component>
      <object_component id="oc-143">
         <name>.debug_info</name>
         <load_address>0x7013</load_address>
         <run_address>0x7013</run_address>
         <size>0x1c8</size>
         <input_file_ref idref="fl-15"/>
      </object_component>
      <object_component id="oc-13d">
         <name>.debug_info</name>
         <load_address>0x71db</load_address>
         <run_address>0x71db</run_address>
         <size>0x1ad</size>
         <input_file_ref idref="fl-15"/>
      </object_component>
      <object_component id="oc-14f">
         <name>.debug_info</name>
         <load_address>0x7388</load_address>
         <run_address>0x7388</run_address>
         <size>0x18c</size>
         <input_file_ref idref="fl-15"/>
      </object_component>
      <object_component id="oc-129">
         <name>.debug_info</name>
         <load_address>0x7514</load_address>
         <run_address>0x7514</run_address>
         <size>0x3c3</size>
         <input_file_ref idref="fl-17"/>
      </object_component>
      <object_component id="oc-27b">
         <name>.debug_info</name>
         <load_address>0x78d7</load_address>
         <run_address>0x78d7</run_address>
         <size>0xd8</size>
         <input_file_ref idref="fl-17"/>
      </object_component>
      <object_component id="oc-131">
         <name>.debug_info</name>
         <load_address>0x79af</load_address>
         <run_address>0x79af</run_address>
         <size>0x190</size>
         <input_file_ref idref="fl-17"/>
      </object_component>
      <object_component id="oc-12b">
         <name>.debug_info</name>
         <load_address>0x7b3f</load_address>
         <run_address>0x7b3f</run_address>
         <size>0x18e</size>
         <input_file_ref idref="fl-17"/>
      </object_component>
      <object_component id="oc-d3">
         <name>.debug_info</name>
         <load_address>0x7ccd</load_address>
         <run_address>0x7ccd</run_address>
         <size>0x1ec</size>
         <input_file_ref idref="fl-17"/>
      </object_component>
      <object_component id="oc-1d8">
         <name>.debug_info</name>
         <load_address>0x7eb9</load_address>
         <run_address>0x7eb9</run_address>
         <size>0x1c6</size>
         <input_file_ref idref="fl-17"/>
      </object_component>
      <object_component id="oc-1a4">
         <name>.debug_info</name>
         <load_address>0x807f</load_address>
         <run_address>0x807f</run_address>
         <size>0x51</size>
         <input_file_ref idref="fl-17"/>
      </object_component>
      <object_component id="oc-278">
         <name>.debug_info</name>
         <load_address>0x80d0</load_address>
         <run_address>0x80d0</run_address>
         <size>0x349</size>
         <input_file_ref idref="fl-18"/>
      </object_component>
      <object_component id="oc-1cd">
         <name>.debug_info</name>
         <load_address>0x8419</load_address>
         <run_address>0x8419</run_address>
         <size>0x1b6</size>
         <input_file_ref idref="fl-18"/>
      </object_component>
      <object_component id="oc-1e9">
         <name>.debug_info</name>
         <load_address>0x85cf</load_address>
         <run_address>0x85cf</run_address>
         <size>0x17e</size>
         <input_file_ref idref="fl-18"/>
      </object_component>
      <object_component id="oc-1ef">
         <name>.debug_info</name>
         <load_address>0x874d</load_address>
         <run_address>0x874d</run_address>
         <size>0x190</size>
         <input_file_ref idref="fl-18"/>
      </object_component>
      <object_component id="oc-1e3">
         <name>.debug_info</name>
         <load_address>0x88dd</load_address>
         <run_address>0x88dd</run_address>
         <size>0x19d</size>
         <input_file_ref idref="fl-18"/>
      </object_component>
      <object_component id="oc-95">
         <name>.debug_info</name>
         <load_address>0x8a7a</load_address>
         <run_address>0x8a7a</run_address>
         <size>0x13f</size>
         <input_file_ref idref="fl-cf"/>
      </object_component>
      <object_component id="oc-292">
         <name>.debug_info</name>
         <load_address>0x8bb9</load_address>
         <run_address>0x8bb9</run_address>
         <size>0x120</size>
         <input_file_ref idref="fl-d1"/>
      </object_component>
      <object_component id="oc-1de">
         <name>.debug_info</name>
         <load_address>0x8cd9</load_address>
         <run_address>0x8cd9</run_address>
         <size>0x132</size>
         <input_file_ref idref="fl-d2"/>
      </object_component>
      <object_component id="oc-288">
         <name>.debug_info</name>
         <load_address>0x8e0b</load_address>
         <run_address>0x8e0b</run_address>
         <size>0x132</size>
         <input_file_ref idref="fl-d3"/>
      </object_component>
      <object_component id="oc-28d">
         <name>.debug_info</name>
         <load_address>0x8f3d</load_address>
         <run_address>0x8f3d</run_address>
         <size>0x133</size>
         <input_file_ref idref="fl-d4"/>
      </object_component>
      <object_component id="oc-3c">
         <name>.debug_info</name>
         <load_address>0x9070</load_address>
         <run_address>0x9070</run_address>
         <size>0x111</size>
         <input_file_ref idref="fl-d6"/>
      </object_component>
      <object_component id="oc-1d3">
         <name>.debug_info</name>
         <load_address>0x9181</load_address>
         <run_address>0x9181</run_address>
         <size>0x126</size>
         <input_file_ref idref="fl-d7"/>
      </object_component>
      <object_component id="oc-283">
         <name>.debug_info</name>
         <load_address>0x92a7</load_address>
         <run_address>0x92a7</run_address>
         <size>0x125</size>
         <input_file_ref idref="fl-d8"/>
      </object_component>
      <object_component id="oc-92">
         <name>.debug_info</name>
         <load_address>0x93cc</load_address>
         <run_address>0x93cc</run_address>
         <size>0x313</size>
         <input_file_ref idref="fl-d9"/>
      </object_component>
      <object_component id="oc-48">
         <name>.debug_info</name>
         <load_address>0x96df</load_address>
         <run_address>0x96df</run_address>
         <size>0x1b4</size>
         <input_file_ref idref="fl-d9"/>
      </object_component>
      <object_component id="oc-8d">
         <name>.debug_info</name>
         <load_address>0x9893</load_address>
         <run_address>0x9893</run_address>
         <size>0x46</size>
         <input_file_ref idref="fl-d9"/>
      </object_component>
      <object_component id="oc-46">
         <name>.debug_info</name>
         <load_address>0x98d9</load_address>
         <run_address>0x98d9</run_address>
         <size>0x29d</size>
         <input_file_ref idref="fl-da"/>
      </object_component>
      <object_component id="oc-19">
         <name>.debug_info</name>
         <load_address>0x9b76</load_address>
         <run_address>0x9b76</run_address>
         <size>0x1df</size>
         <input_file_ref idref="fl-da"/>
      </object_component>
      <object_component id="oc-41">
         <name>.debug_info</name>
         <load_address>0x9d55</load_address>
         <run_address>0x9d55</run_address>
         <size>0x46</size>
         <input_file_ref idref="fl-da"/>
      </object_component>
      <object_component id="oc-85">
         <name>.debug_info</name>
         <load_address>0x9d9b</load_address>
         <run_address>0x9d9b</run_address>
         <size>0x2c</size>
         <input_file_ref idref="fl-da"/>
      </object_component>
      <object_component id="oc-83">
         <name>.debug_info</name>
         <load_address>0x9dc7</load_address>
         <run_address>0x9dc7</run_address>
         <size>0x293</size>
         <input_file_ref idref="fl-db"/>
      </object_component>
      <object_component id="oc-13">
         <name>.debug_info</name>
         <load_address>0xa05a</load_address>
         <run_address>0xa05a</run_address>
         <size>0x245</size>
         <input_file_ref idref="fl-db"/>
      </object_component>
      <object_component id="oc-31">
         <name>.debug_info</name>
         <load_address>0xa29f</load_address>
         <run_address>0xa29f</run_address>
         <size>0x60</size>
         <input_file_ref idref="fl-db"/>
      </object_component>
      <object_component id="oc-c2">
         <name>.debug_info</name>
         <load_address>0xa2ff</load_address>
         <run_address>0xa2ff</run_address>
         <size>0x46</size>
         <input_file_ref idref="fl-db"/>
      </object_component>
      <object_component id="oc-7e">
         <name>.debug_info</name>
         <load_address>0xa345</load_address>
         <run_address>0xa345</run_address>
         <size>0x39</size>
         <input_file_ref idref="fl-db"/>
      </object_component>
      <object_component id="oc-1bf">
         <name>.debug_info</name>
         <load_address>0xa37e</load_address>
         <run_address>0xa37e</run_address>
         <size>0x317</size>
         <input_file_ref idref="fl-dc"/>
      </object_component>
      <object_component id="oc-137">
         <name>.debug_info</name>
         <load_address>0xa695</load_address>
         <run_address>0xa695</run_address>
         <size>0x16c</size>
         <input_file_ref idref="fl-dc"/>
      </object_component>
      <object_component id="oc-26f">
         <name>.debug_info</name>
         <load_address>0xa801</load_address>
         <run_address>0xa801</run_address>
         <size>0xb2</size>
         <input_file_ref idref="fl-dc"/>
      </object_component>
      <object_component id="oc-26b">
         <name>.debug_info</name>
         <load_address>0xa8b3</load_address>
         <run_address>0xa8b3</run_address>
         <size>0x139</size>
         <input_file_ref idref="fl-dd"/>
      </object_component>
      <object_component id="oc-1bc">
         <name>.debug_info</name>
         <load_address>0xa9ec</load_address>
         <run_address>0xa9ec</run_address>
         <size>0xf7</size>
         <input_file_ref idref="fl-dd"/>
      </object_component>
      <object_component id="oc-265">
         <name>.debug_info</name>
         <load_address>0xaae3</load_address>
         <run_address>0xaae3</run_address>
         <size>0x184</size>
         <input_file_ref idref="fl-dd"/>
      </object_component>
      <object_component id="oc-268">
         <name>.debug_info</name>
         <load_address>0xac67</load_address>
         <run_address>0xac67</run_address>
         <size>0x33c</size>
         <input_file_ref idref="fl-de"/>
      </object_component>
      <object_component id="oc-257">
         <name>.debug_info</name>
         <load_address>0xafa3</load_address>
         <run_address>0xafa3</run_address>
         <size>0x17f</size>
         <input_file_ref idref="fl-de"/>
      </object_component>
      <object_component id="oc-1b6">
         <name>.debug_info</name>
         <load_address>0xb122</load_address>
         <run_address>0xb122</run_address>
         <size>0x1bd</size>
         <input_file_ref idref="fl-de"/>
      </object_component>
      <object_component id="oc-263">
         <name>.debug_info</name>
         <load_address>0xb2df</load_address>
         <run_address>0xb2df</run_address>
         <size>0x3f1</size>
         <input_file_ref idref="fl-df"/>
      </object_component>
      <object_component id="oc-1b0">
         <name>.debug_info</name>
         <load_address>0xb6d0</load_address>
         <run_address>0xb6d0</run_address>
         <size>0x2d7</size>
         <input_file_ref idref="fl-df"/>
      </object_component>
      <object_component id="oc-20c">
         <name>.debug_info</name>
         <load_address>0xb9a7</load_address>
         <run_address>0xb9a7</run_address>
         <size>0x2ab</size>
         <input_file_ref idref="fl-e0"/>
      </object_component>
      <object_component id="oc-161">
         <name>.debug_info</name>
         <load_address>0xbc52</load_address>
         <run_address>0xbc52</run_address>
         <size>0x149</size>
         <input_file_ref idref="fl-e0"/>
      </object_component>
      <object_component id="oc-20e">
         <name>.debug_info</name>
         <load_address>0xbd9b</load_address>
         <run_address>0xbd9b</run_address>
         <size>0x2ab</size>
         <input_file_ref idref="fl-e1"/>
      </object_component>
      <object_component id="oc-167">
         <name>.debug_info</name>
         <load_address>0xc046</load_address>
         <run_address>0xc046</run_address>
         <size>0x149</size>
         <input_file_ref idref="fl-e1"/>
      </object_component>
      <object_component id="oc-2cb">
         <name>.debug_info</name>
         <load_address>0xc18f</load_address>
         <run_address>0xc18f</run_address>
         <size>0x29a</size>
         <input_file_ref idref="fl-e2"/>
      </object_component>
      <object_component id="oc-251">
         <name>.debug_info</name>
         <load_address>0xc429</load_address>
         <run_address>0xc429</run_address>
         <size>0x242</size>
         <input_file_ref idref="fl-e2"/>
      </object_component>
      <object_component id="oc-210">
         <name>.debug_info</name>
         <load_address>0xc66b</load_address>
         <run_address>0xc66b</run_address>
         <size>0x284</size>
         <input_file_ref idref="fl-e3"/>
      </object_component>
      <object_component id="oc-16d">
         <name>.debug_info</name>
         <load_address>0xc8ef</load_address>
         <run_address>0xc8ef</run_address>
         <size>0x22a</size>
         <input_file_ref idref="fl-e3"/>
      </object_component>
      <object_component id="oc-2d1">
         <name>.debug_info</name>
         <load_address>0xcb19</load_address>
         <run_address>0xcb19</run_address>
         <size>0x4c5</size>
         <input_file_ref idref="fl-e4"/>
      </object_component>
      <object_component id="oc-30a">
         <name>.debug_info</name>
         <load_address>0xcfde</load_address>
         <run_address>0xcfde</run_address>
         <size>0xf8</size>
         <input_file_ref idref="fl-e4"/>
      </object_component>
      <object_component id="oc-2ce">
         <name>.debug_info</name>
         <load_address>0xd0d6</load_address>
         <run_address>0xd0d6</run_address>
         <size>0xf8</size>
         <input_file_ref idref="fl-e4"/>
      </object_component>
      <object_component id="oc-25d">
         <name>.debug_info</name>
         <load_address>0xd1ce</load_address>
         <run_address>0xd1ce</run_address>
         <size>0x184</size>
         <input_file_ref idref="fl-e4"/>
      </object_component>
      <object_component id="oc-310">
         <name>.debug_info</name>
         <load_address>0xd352</load_address>
         <run_address>0xd352</run_address>
         <size>0x120</size>
         <input_file_ref idref="fl-e4"/>
      </object_component>
      <object_component id="oc-315">
         <name>.debug_info</name>
         <load_address>0xd472</load_address>
         <run_address>0xd472</run_address>
         <size>0x2c</size>
         <input_file_ref idref="fl-e4"/>
      </object_component>
      <object_component id="oc-22">
         <name>.debug_info</name>
         <load_address>0xd49e</load_address>
         <run_address>0xd49e</run_address>
         <size>0x100</size>
         <input_file_ref idref="fl-e5"/>
      </object_component>
      <object_component id="oc-5a">
         <name>.debug_info</name>
         <load_address>0xd59e</load_address>
         <run_address>0xd59e</run_address>
         <size>0x1a4</size>
         <input_file_ref idref="fl-e5"/>
      </object_component>
      <object_component id="oc-18d">
         <name>.debug_info</name>
         <load_address>0xd742</load_address>
         <run_address>0xd742</run_address>
         <size>0x547</size>
         <input_file_ref idref="fl-e7"/>
      </object_component>
      <object_component id="oc-f1">
         <name>.debug_info</name>
         <load_address>0xdc89</load_address>
         <run_address>0xdc89</run_address>
         <size>0x19b</size>
         <input_file_ref idref="fl-e7"/>
      </object_component>
      <object_component id="oc-239">
         <name>.debug_info</name>
         <load_address>0xde24</load_address>
         <run_address>0xde24</run_address>
         <size>0x39</size>
         <input_file_ref idref="fl-e7"/>
      </object_component>
      <object_component id="oc-2b0">
         <name>.debug_info</name>
         <load_address>0xde5d</load_address>
         <run_address>0xde5d</run_address>
         <size>0x39</size>
         <input_file_ref idref="fl-e7"/>
      </object_component>
      <object_component id="oc-23e">
         <name>.debug_info</name>
         <load_address>0xde96</load_address>
         <run_address>0xde96</run_address>
         <size>0x39</size>
         <input_file_ref idref="fl-e7"/>
      </object_component>
      <object_component id="oc-243">
         <name>.debug_info</name>
         <load_address>0xdecf</load_address>
         <run_address>0xdecf</run_address>
         <size>0xcd</size>
         <input_file_ref idref="fl-e7"/>
      </object_component>
      <object_component id="oc-9a">
         <name>.debug_info</name>
         <load_address>0xdf9c</load_address>
         <run_address>0xdf9c</run_address>
         <size>0x148</size>
         <input_file_ref idref="fl-e8"/>
      </object_component>
      <object_component id="oc-18a">
         <name>.debug_info</name>
         <load_address>0xe0e4</load_address>
         <run_address>0xe0e4</run_address>
         <size>0x3a2</size>
         <input_file_ref idref="fl-ea"/>
      </object_component>
      <object_component id="oc-184">
         <name>.debug_info</name>
         <load_address>0xe486</load_address>
         <run_address>0xe486</run_address>
         <size>0x185</size>
         <input_file_ref idref="fl-ea"/>
      </object_component>
      <object_component id="oc-e5">
         <name>.debug_info</name>
         <load_address>0xe60b</load_address>
         <run_address>0xe60b</run_address>
         <size>0x117</size>
         <input_file_ref idref="fl-ea"/>
      </object_component>
      <object_component id="oc-eb">
         <name>.debug_info</name>
         <load_address>0xe722</load_address>
         <run_address>0xe722</run_address>
         <size>0x179</size>
         <input_file_ref idref="fl-ea"/>
      </object_component>
      <object_component id="oc-2c9">
         <name>.debug_info</name>
         <load_address>0xe89b</load_address>
         <run_address>0xe89b</run_address>
         <size>0x2f5</size>
         <input_file_ref idref="fl-eb"/>
      </object_component>
      <object_component id="oc-24b">
         <name>.debug_info</name>
         <load_address>0xeb90</load_address>
         <run_address>0xeb90</run_address>
         <size>0x191</size>
         <input_file_ref idref="fl-eb"/>
      </object_component>
      <object_component id="oc-300">
         <name>.debug_info</name>
         <load_address>0xed21</load_address>
         <run_address>0xed21</run_address>
         <size>0xbf</size>
         <input_file_ref idref="fl-eb"/>
      </object_component>
      <object_component id="oc-233">
         <name>.debug_info</name>
         <load_address>0xede0</load_address>
         <run_address>0xede0</run_address>
         <size>0x2be</size>
         <input_file_ref idref="fl-ec"/>
      </object_component>
      <object_component id="oc-187">
         <name>.debug_info</name>
         <load_address>0xf09e</load_address>
         <run_address>0xf09e</run_address>
         <size>0x113</size>
         <input_file_ref idref="fl-ec"/>
      </object_component>
      <object_component id="oc-22c">
         <name>.debug_info</name>
         <load_address>0xf1b1</load_address>
         <run_address>0xf1b1</run_address>
         <size>0x123</size>
         <input_file_ref idref="fl-ec"/>
      </object_component>
      <object_component id="oc-2a6">
         <name>.debug_info</name>
         <load_address>0xf2d4</load_address>
         <run_address>0xf2d4</run_address>
         <size>0xee</size>
         <input_file_ref idref="fl-ee"/>
      </object_component>
      <object_component id="oc-209">
         <name>.debug_info</name>
         <load_address>0xf3c2</load_address>
         <run_address>0xf3c2</run_address>
         <size>0xfa</size>
         <input_file_ref idref="fl-ee"/>
      </object_component>
      <object_component id="oc-2eb">
         <name>.debug_info</name>
         <load_address>0xf4bc</load_address>
         <run_address>0xf4bc</run_address>
         <size>0x319</size>
         <input_file_ref idref="fl-ef"/>
      </object_component>
      <object_component id="oc-2bd">
         <name>.debug_info</name>
         <load_address>0xf7d5</load_address>
         <run_address>0xf7d5</run_address>
         <size>0x1e1</size>
         <input_file_ref idref="fl-ef"/>
      </object_component>
      <object_component id="oc-31b">
         <name>.debug_info</name>
         <load_address>0xf9b6</load_address>
         <run_address>0xf9b6</run_address>
         <size>0x38c</size>
         <input_file_ref idref="fl-f0"/>
      </object_component>
      <object_component id="oc-2e5">
         <name>.debug_info</name>
         <load_address>0xfd42</load_address>
         <run_address>0xfd42</run_address>
         <size>0x18a</size>
         <input_file_ref idref="fl-f0"/>
      </object_component>
      <object_component id="oc-2ff">
         <name>.debug_info</name>
         <load_address>0xfecc</load_address>
         <run_address>0xfecc</run_address>
         <size>0x369</size>
         <input_file_ref idref="fl-f1"/>
      </object_component>
      <object_component id="oc-2c3">
         <name>.debug_info</name>
         <load_address>0x10235</load_address>
         <run_address>0x10235</run_address>
         <size>0x200</size>
         <input_file_ref idref="fl-f1"/>
      </object_component>
      <object_component id="oc-391">
         <name>.debug_info</name>
         <load_address>0x10435</load_address>
         <run_address>0x10435</run_address>
         <size>0x368</size>
         <input_file_ref idref="fl-f2"/>
      </object_component>
      <object_component id="oc-345">
         <name>.debug_info</name>
         <load_address>0x1079d</load_address>
         <run_address>0x1079d</run_address>
         <size>0x1b1</size>
         <input_file_ref idref="fl-f2"/>
      </object_component>
      <object_component id="oc-397">
         <name>.debug_info</name>
         <load_address>0x1094e</load_address>
         <run_address>0x1094e</run_address>
         <size>0x36d</size>
         <input_file_ref idref="fl-f3"/>
      </object_component>
      <object_component id="oc-357">
         <name>.debug_info</name>
         <load_address>0x10cbb</load_address>
         <run_address>0x10cbb</run_address>
         <size>0x205</size>
         <input_file_ref idref="fl-f3"/>
      </object_component>
      <object_component id="oc-38d">
         <name>.debug_info</name>
         <load_address>0x10ec0</load_address>
         <run_address>0x10ec0</run_address>
         <size>0x398</size>
         <input_file_ref idref="fl-f4"/>
      </object_component>
      <object_component id="oc-33f">
         <name>.debug_info</name>
         <load_address>0x11258</load_address>
         <run_address>0x11258</run_address>
         <size>0x201</size>
         <input_file_ref idref="fl-f4"/>
      </object_component>
      <object_component id="oc-393">
         <name>.debug_info</name>
         <load_address>0x11459</load_address>
         <run_address>0x11459</run_address>
         <size>0x36c</size>
         <input_file_ref idref="fl-f5"/>
      </object_component>
      <object_component id="oc-34b">
         <name>.debug_info</name>
         <load_address>0x117c5</load_address>
         <run_address>0x117c5</run_address>
         <size>0x1f0</size>
         <input_file_ref idref="fl-f5"/>
      </object_component>
      <object_component id="oc-3a1">
         <name>.debug_info</name>
         <load_address>0x119b5</load_address>
         <run_address>0x119b5</run_address>
         <size>0x3ca</size>
         <input_file_ref idref="fl-f6"/>
      </object_component>
      <object_component id="oc-363">
         <name>.debug_info</name>
         <load_address>0x11d7f</load_address>
         <run_address>0x11d7f</run_address>
         <size>0x22b</size>
         <input_file_ref idref="fl-f6"/>
      </object_component>
      <object_component id="oc-399">
         <name>.debug_info</name>
         <load_address>0x11faa</load_address>
         <run_address>0x11faa</run_address>
         <size>0x38b</size>
         <input_file_ref idref="fl-f7"/>
      </object_component>
      <object_component id="oc-35d">
         <name>.debug_info</name>
         <load_address>0x12335</load_address>
         <run_address>0x12335</run_address>
         <size>0x1bb</size>
         <input_file_ref idref="fl-f7"/>
      </object_component>
      <object_component id="oc-395">
         <name>.debug_info</name>
         <load_address>0x124f0</load_address>
         <run_address>0x124f0</run_address>
         <size>0x36d</size>
         <input_file_ref idref="fl-f8"/>
      </object_component>
      <object_component id="oc-352">
         <name>.debug_info</name>
         <load_address>0x1285d</load_address>
         <run_address>0x1285d</run_address>
         <size>0x1f5</size>
         <input_file_ref idref="fl-f8"/>
      </object_component>
      <object_component id="oc-3b2">
         <name>.debug_info</name>
         <load_address>0x12a52</load_address>
         <run_address>0x12a52</run_address>
         <size>0x2b0</size>
         <input_file_ref idref="fl-f9"/>
      </object_component>
      <object_component id="oc-3af">
         <name>.debug_info</name>
         <load_address>0x12d02</load_address>
         <run_address>0x12d02</run_address>
         <size>0xfd</size>
         <input_file_ref idref="fl-f9"/>
      </object_component>
      <object_component id="oc-381">
         <name>.debug_info</name>
         <load_address>0x12dff</load_address>
         <run_address>0x12dff</run_address>
         <size>0x1d4</size>
         <input_file_ref idref="fl-f9"/>
      </object_component>
      <object_component id="oc-387">
         <name>.debug_info</name>
         <load_address>0x12fd3</load_address>
         <run_address>0x12fd3</run_address>
         <size>0x18f</size>
         <input_file_ref idref="fl-f9"/>
      </object_component>
      <object_component id="oc-6f">
         <name>.debug_info</name>
         <load_address>0x13162</load_address>
         <run_address>0x13162</run_address>
         <size>0x3bb</size>
         <input_file_ref idref="fl-fa"/>
      </object_component>
      <object_component id="oc-25">
         <name>.debug_info</name>
         <load_address>0x1351d</load_address>
         <run_address>0x1351d</run_address>
         <size>0x101</size>
         <input_file_ref idref="fl-fa"/>
      </object_component>
      <object_component id="oc-331">
         <name>.debug_info</name>
         <load_address>0x1361e</load_address>
         <run_address>0x1361e</run_address>
         <size>0x14c</size>
         <input_file_ref idref="fl-fa"/>
      </object_component>
      <object_component id="oc-31f">
         <name>.debug_info</name>
         <load_address>0x1376a</load_address>
         <run_address>0x1376a</run_address>
         <size>0x139</size>
         <input_file_ref idref="fl-fa"/>
      </object_component>
      <object_component id="oc-325">
         <name>.debug_info</name>
         <load_address>0x138a3</load_address>
         <run_address>0x138a3</run_address>
         <size>0x174</size>
         <input_file_ref idref="fl-fa"/>
      </object_component>
      <object_component id="oc-32b">
         <name>.debug_info</name>
         <load_address>0x13a17</load_address>
         <run_address>0x13a17</run_address>
         <size>0x172</size>
         <input_file_ref idref="fl-fa"/>
      </object_component>
      <object_component id="oc-2f3">
         <name>.debug_info</name>
         <load_address>0x13b89</load_address>
         <run_address>0x13b89</run_address>
         <size>0x1db</size>
         <input_file_ref idref="fl-fa"/>
      </object_component>
      <object_component id="oc-2ed">
         <name>.debug_info</name>
         <load_address>0x13d64</load_address>
         <run_address>0x13d64</run_address>
         <size>0x1e6</size>
         <input_file_ref idref="fl-fa"/>
      </object_component>
      <object_component id="oc-b3">
         <name>.debug_info</name>
         <load_address>0x13f4a</load_address>
         <run_address>0x13f4a</run_address>
         <size>0x2c</size>
         <input_file_ref idref="fl-fa"/>
      </object_component>
      <object_component id="oc-b8">
         <name>.debug_info</name>
         <load_address>0x13f76</load_address>
         <run_address>0x13f76</run_address>
         <size>0x62</size>
         <input_file_ref idref="fl-fa"/>
[...]
      </symbol>
      <symbol id="sm-100">
         <name>_ZN9LcdDriver12displayWriteEPKc</name>
         <value>0x12c7</value>
         <object_component_ref idref="oc-d8"/>
      </symbol>
      <symbol id="sm-101">
         <name>_Z11ramDataReadPh</name>
         <value>0x455</value>
         <object_component_ref idref="oc-d8"/>
      </symbol>
      <symbol id="sm-102">
         <name>_ZN9LcdDriver22createEntryModeCommandERKbS1_</name>
         <value>0xf0b</value>
         <object_component_ref idref="oc-d8"/>
      </symbol>
      <symbol id="sm-103">
         <name>_ZN9LcdDriver13displayAppendEPKc</name>
         <value>0x131b</value>
         <object_component_ref idref="oc-d8"/>
      </symbol>
      <symbol id="sm-104">
         <name>_ZN9LcdDriver6enableEv</name>
         <value>0x1273</value>
         <object_component_ref idref="oc-d8"/>
      </symbol>
      <symbol id="sm-105">
         <name>_ZN9LcdDriver15startupSeqWriteEv</name>
         <value>0xe85</value>
         <object_component_ref idref="oc-d8"/>
      </symbol>
      <symbol id="sm-106">
         <name>_ZN9LcdDriver16parallelDataReadERKbS1_</name>
         <value>0x72d</value>
         <object_component_ref idref="oc-d8"/>
      </symbol>
      <symbol id="sm-107">
         <name>_ZN9LcdDriver7comStopERKbS1_</name>
         <value>0xd0b</value>
         <object_component_ref idref="oc-d8"/>
      </symbol>
      <symbol id="sm-108">
         <name>_ZN9LcdDriver18parallelModeSwitchERKb</name>
         <value>0xbf5</value>
         <object_component_ref idref="oc-d8"/>
      </symbol>
      <symbol id="sm-109">
         <name>_ZN9LcdDriver31createCursorDisplayShiftCommandERKbS1_</name>
         <value>0xfe5</value>
         <object_component_ref idref="oc-d8"/>
      </symbol>
      <symbol id="sm-10a">
         <name>_ZN9LcdDriver11configWriteEv</name>
         <value>0xdc1</value>
         <object_component_ref idref="oc-d8"/>
      </symbol>
      <symbol id="sm-10b">
         <name>_ZN9LcdDriver13beginSeqWriteEv</name>
         <value>0x1021</value>
         <object_component_ref idref="oc-d8"/>
      </symbol>
      <symbol id="sm-127">
         <name>main</name>
         <value>0x1dd9</value>
         <object_component_ref idref="oc-9f"/>
      </symbol>
      <symbol id="sm-157">
         <name>ResetISR</name>
         <value>0x2c35</value>
         <object_component_ref idref="oc-27"/>
      </symbol>
      <symbol id="sm-158">
         <name>g_pfnVectors</name>
         <value>0x0</value>
         <object_component_ref idref="oc-f"/>
      </symbol>
      <symbol id="sm-1ab">
         <name>_ZN12GeneralTimer10timeToTickERKy</name>
         <value>0x26e5</value>
         <object_component_ref idref="oc-1fb"/>
      </symbol>
      <symbol id="sm-1ac">
         <name>_ZN12GeneralTimer9stopTimerERKy</name>
         <value>0x149d</value>
         <object_component_ref idref="oc-15a"/>
      </symbol>
      <symbol id="sm-1ad">
         <name>_ZN12GeneralTimer10startTimerERy</name>
         <value>0x1485</value>
         <object_component_ref idref="oc-15a"/>
      </symbol>
      <symbol id="sm-1ae">
         <name>_ZN12GeneralTimerC2E9TimerUnit</name>
         <value>0x140f</value>
         <object_component_ref idref="oc-15a"/>
      </symbol>
      <symbol id="sm-1af">
         <name>_ZN12GeneralTimer12getTimeStampEjj</name>
         <value>0x13f9</value>
         <object_component_ref idref="oc-15a"/>
      </symbol>
      <symbol id="sm-1b0">
         <name>_ZN12GeneralTimerC1E9TimerUnit</name>
         <value>0x140f</value>
         <object_component_ref idref="oc-15a"/>
      </symbol>
      <symbol id="sm-1b1">
         <name>_ZN12GeneralTimer4waitERKy</name>
         <value>0x150f</value>
         <object_component_ref idref="oc-15a"/>
      </symbol>
      <symbol id="sm-1b2">
         <name>_ZZN12GeneralTimer10timeToTickERKyEs</name>
         <value>0x2dd0</value>
         <object_component_ref idref="oc-296"/>
      </symbol>
      <symbol id="sm-1b3">
         <name>_ZN12GeneralTimer13_isConfiguredE</name>
         <value>0x200009e8</value>
         <object_component_ref idref="oc-202"/>
      </symbol>
      <symbol id="sm-1b4">
         <name>_ZN12GeneralTimer10tickToTimeERKy</name>
         <value>0x2acd</value>
         <object_component_ref idref="oc-1f4"/>
      </symbol>
      <symbol id="sm-1eb">
         <name>GPIOPinTypeGPIOInput</name>
         <value>0x2b7d</value>
         <object_component_ref idref="oc-13c"/>
      </symbol>
      <symbol id="sm-1ec">
         <name>GPIOPinTypeGPIOOutput</name>
         <value>0x2b4d</value>
         <object_component_ref idref="oc-142"/>
      </symbol>
      <symbol id="sm-1ed">
         <name>GPIOPinRead</name>
         <value>0x2c41</value>
         <object_component_ref idref="oc-14e"/>
      </symbol>
      <symbol id="sm-1ee">
         <name>GPIODirModeSet</name>
         <value>0x29d1</value>
         <object_component_ref idref="oc-1c0"/>
      </symbol>
      <symbol id="sm-1ef">
         <name>GPIOPinWrite</name>
         <value>0x2c47</value>
         <object_component_ref idref="oc-148"/>
      </symbol>
      <symbol id="sm-1f0">
         <name>GPIOPadConfigSet</name>
         <value>0x16d7</value>
         <object_component_ref idref="oc-154"/>
      </symbol>
      <symbol id="sm-24f">
         <name>SysCtlClockSet</name>
         <value>0x1b31</value>
         <object_component_ref idref="oc-d2"/>
      </symbol>
      <symbol id="sm-250">
         <name>SysCtlDelay</name>
         <value>0x2c4d</value>
         <object_component_ref idref="oc-127"/>
      </symbol>
      <symbol id="sm-251">
         <name>SysCtlPeripheralEnable</name>
         <value>0x2905</value>
         <object_component_ref idref="oc-12a"/>
      </symbol>
      <symbol id="sm-252">
         <name>SysCtlClockGet</name>
         <value>0x1809</value>
         <object_component_ref idref="oc-1d7"/>
      </symbol>
      <symbol id="sm-253">
         <name>SysCtlPeripheralReady</name>
         <value>0x27ed</value>
         <object_component_ref idref="oc-130"/>
      </symbol>
      <symbol id="sm-280">
         <name>TimerEnable</name>
         <value>0x2c19</value>
         <object_component_ref idref="oc-1ee"/>
      </symbol>
      <symbol id="sm-281">
         <name>TimerValueGet64</name>
         <value>0x2b93</value>
         <object_component_ref idref="oc-1cc"/>
      </symbol>
      <symbol id="sm-282">
         <name>TimerLoadSet64</name>
         <value>0x2c53</value>
         <object_component_ref idref="oc-1e8"/>
      </symbol>
      <symbol id="sm-283">
         <name>TimerConfigure</name>
         <value>0x2401</value>
         <object_component_ref idref="oc-1e2"/>
      </symbol>
      <symbol id="sm-293">
         <name>__aeabi_memset</name>
         <value>0x203b</value>
         <object_component_ref idref="oc-93"/>
      </symbol>
      <symbol id="sm-294">
         <name>memset</name>
         <value>0x2041</value>
         <object_component_ref idref="oc-93"/>
      </symbol>
      <symbol id="sm-295">
         <name>__aeabi_memset8</name>
         <value>0x203b</value>
         <object_component_ref idref="oc-93"/>
      </symbol>
      <symbol id="sm-296">
         <name>__aeabi_memset4</name>
         <value>0x203b</value>
         <object_component_ref idref="oc-93"/>
      </symbol>
      <symbol id="sm-297">
         <name>__aeabi_memclr8</name>
         <value>0x2039</value>
         <object_component_ref idref="oc-93"/>
      </symbol>
      <symbol id="sm-298">
         <name>__aeabi_memclr4</name>
         <value>0x2039</value>
         <object_component_ref idref="oc-93"/>
      </symbol>
      <symbol id="sm-299">
         <name>__aeabi_memclr</name>
         <value>0x2039</value>
         <object_component_ref idref="oc-93"/>
      </symbol>
      <symbol id="sm-2ac">
         <name>__aeabi_cdcmpeq</name>
         <value>0x1f35</value>
         <object_component_ref idref="oc-291"/>
      </symbol>
      <symbol id="sm-2ad">
         <name>__aeabi_cdcmple</name>
         <value>0x1f35</value>
         <object_component_ref idref="oc-291"/>
      </symbol>
      <symbol id="sm-2c1">
         <name>__aeabi_ddiv</name>
         <value>0x15a1</value>
         <object_component_ref idref="oc-1dd"/>
      </symbol>
      <symbol id="sm-2cc">
         <name>__aeabi_dmul</name>
         <value>0x1a35</value>
         <object_component_ref idref="oc-287"/>
      </symbol>
      <symbol id="sm-2d6">
         <name>__aeabi_d2ulz</name>
         <value>0x24bd</value>
         <object_component_ref idref="oc-28c"/>
      </symbol>
      <symbol id="sm-2f2">
         <name>memcpy</name>
         <value>0x1e99</value>
         <object_component_ref idref="oc-3b"/>
      </symbol>
      <symbol id="sm-2f3">
         <name>__aeabi_memcpy</name>
         <value>0x1e99</value>
         <object_component_ref idref="oc-3b"/>
      </symbol>
      <symbol id="sm-2f4">
         <name>__aeabi_memcpy8</name>
         <value>0x1e99</value>
         <object_component_ref idref="oc-3b"/>
      </symbol>
      <symbol id="sm-2f5">
         <name>__aeabi_memcpy4</name>
         <value>0x1e99</value>
         <object_component_ref idref="oc-3b"/>
      </symbol>
      <symbol id="sm-2ff">
         <name>__aeabi_ui2d</name>
         <value>0x2b0f</value>
         <object_component_ref idref="oc-1d2"/>
      </symbol>
      <symbol id="sm-309">
         <name>__aeabi_ul2d</name>
         <value>0x29fd</value>
         <object_component_ref idref="oc-282"/>
      </symbol>
      <symbol id="sm-31d">
         <name>__TI_zero_init_nomemset</name>
         <value>0x2be7</value>
         <object_component_ref idref="oc-47"/>
      </symbol>
      <symbol id="sm-334">
         <name>__TI_decompress_none</name>
         <value>0x2c27</value>
         <object_component_ref idref="oc-18"/>
      </symbol>
      <symbol id="sm-357">
         <name>__TI_decompress_lzss</name>
         <value>0x2271</value>
         <object_component_ref idref="oc-12"/>
      </symbol>
      <symbol id="sm-36b">
         <name>_abort_msg</name>
         <value>0x2b31</value>
         <object_component_ref idref="oc-136"/>
      </symbol>
      <symbol id="sm-380">
         <name>__TI_tmpnams</name>
         <value>0x20000b0c</value>
      </symbol>
      <symbol id="sm-381">
         <name>__aeabi_stdout</name>
         <value>0x200009c0</value>
         <object_component_ref idref="oc-264"/>
      </symbol>
      <symbol id="sm-382">
         <name>__aeabi_stderr</name>
         <value>0x200009c4</value>
         <object_component_ref idref="oc-264"/>
      </symbol>
      <symbol id="sm-383">
         <name>__aeabi_stdin</name>
         <value>0x200009bc</value>
         <object_component_ref idref="oc-264"/>
      </symbol>
      <symbol id="sm-384">
         <name>_ftable</name>
         <value>0x20000800</value>
         <object_component_ref idref="oc-1bb"/>
      </symbol>
      <symbol id="sm-385">
         <name>__TI_ft_end</name>
         <value>0x200009b8</value>
         <object_component_ref idref="oc-264"/>
      </symbol>
      <symbol id="sm-3a6">
         <name>__TI_doflush</name>
         <value>0x25c9</value>
         <object_component_ref idref="oc-256"/>
      </symbol>
      <symbol id="sm-3a7">
         <name>fflush</name>
         <value>0x1fbd</value>
         <object_component_ref idref="oc-1b5"/>
      </symbol>
      <symbol id="sm-3c5">
         <name>fputs</name>
         <value>0x1921</value>
         <object_component_ref idref="oc-1af"/>
      </symbol>
      <symbol id="sm-3d4">
         <name>isalpha</name>
         <value>0x2bf9</value>
         <object_component_ref idref="oc-160"/>
      </symbol>
      <symbol id="sm-3e3">
         <name>isspace</name>
         <value>0x2c09</value>
         <object_component_ref idref="oc-166"/>
      </symbol>
      <symbol id="sm-3f3">
         <name>memchr</name>
         <value>0x2aef</value>
         <object_component_ref idref="oc-250"/>
      </symbol>
      <symbol id="sm-401">
         <name>strlen</name>
         <value>0x2bd3</value>
         <object_component_ref idref="oc-16c"/>
      </symbol>
      <symbol id="sm-427">
         <name>_stream</name>
         <value>0x20000968</value>
         <object_component_ref idref="oc-2cd"/>
      </symbol>
      <symbol id="sm-428">
         <name>_device</name>
         <value>0x200008f0</value>
         <object_component_ref idref="oc-309"/>
      </symbol>
      <symbol id="sm-429">
         <name>write</name>
         <value>0x2aa5</value>
         <object_component_ref idref="oc-25c"/>
      </symbol>
      <symbol id="sm-43c">
         <name>__stack</name>
         <value>0x20000000</value>
         <object_component_ref idref="oc-21"/>
      </symbol>
      <symbol id="sm-43d">
         <name>_c_int00_noargs</name>
         <value>0x285d</value>
         <object_component_ref idref="oc-59"/>
      </symbol>
      <symbol id="sm-466">
         <name>__TI_auto_init_nobinit_nopinit</name>
         <value>0x2729</value>
         <object_component_ref idref="oc-f0"/>
      </symbol>
      <symbol id="sm-470">
         <name>_system_pre_init</name>
         <value>0x2c59</value>
         <object_component_ref idref="oc-99"/>
      </symbol>
      <symbol id="sm-497">
         <name>C$$EXIT</name>
         <value>0x2c5d</value>
         <object_component_ref idref="oc-e4"/>
      </symbol>
      <symbol id="sm-498">
         <name>abort</name>
         <value>0x2c5d</value>
         <object_component_ref idref="oc-e4"/>
      </symbol>
      <symbol id="sm-499">
         <name>__TI_dtors_ptr</name>
         <value>0x200009cc</value>
         <object_component_ref idref="oc-183"/>
      </symbol>
      <symbol id="sm-49a">
         <name>__TI_cleanup_ptr</name>
         <value>0x200009c8</value>
         <object_component_ref idref="oc-183"/>
      </symbol>
      <symbol id="sm-49b">
         <name>__TI_enable_exit_profile_output</name>
         <value>0x200009d0</value>
         <object_component_ref idref="oc-183"/>
      </symbol>
      <symbol id="sm-49c">
         <name>exit</name>
         <value>0x2615</value>
         <object_component_ref idref="oc-ea"/>
      </symbol>
      <symbol id="sm-4b4">
         <name>__TI_wrt_ok</name>
         <value>0x233d</value>
         <object_component_ref idref="oc-24a"/>
      </symbol>
      <symbol id="sm-4c9">
         <name>_nop</name>
         <value>0x1fbb</value>
         <object_component_ref idref="oc-22b"/>
      </symbol>
      <symbol id="sm-4ca">
         <name>_lock</name>
         <value>0x200009e0</value>
         <object_component_ref idref="oc-186"/>
      </symbol>
      <symbol id="sm-4cb">
         <name>_unlock</name>
         <value>0x200009e4</value>
         <object_component_ref idref="oc-186"/>
      </symbol>
      <symbol id="sm-4d7">
         <name>_ctypes_</name>
         <value>0x2c60</value>
         <object_component_ref idref="oc-208"/>
      </symbol>
      <symbol id="sm-4e9">
         <name>fseek</name>
         <value>0x22d9</value>
         <object_component_ref idref="oc-2bc"/>
      </symbol>
      <symbol id="sm-4f9">
         <name>lseek</name>
         <value>0x2a55</value>
         <object_component_ref idref="oc-2e4"/>
      </symbol>
      <symbol id="sm-515">
         <name>setvbuf</name>
         <value>0x1c25</value>
         <object_component_ref idref="oc-2c2"/>
      </symbol>
      <symbol id="sm-526">
         <name>HOSTclose</name>
         <value>0x265d</value>
         <object_component_ref idref="oc-344"/>
      </symbol>
      <symbol id="sm-537">
         <name>HOSTlseek</name>
         <value>0x21a1</value>
         <object_component_ref idref="oc-356"/>
      </symbol>
      <symbol id="sm-549">
         <name>parmbuf</name>
         <value>0x20000bac</value>
      </symbol>
      <symbol id="sm-54a">
         <name>HOSTopen</name>
         <value>0x23a1</value>
         <object_component_ref idref="oc-33e"/>
      </symbol>
      <symbol id="sm-55b">
         <name>HOSTread</name>
         <value>0x2519</value>
         <object_component_ref idref="oc-34a"/>
      </symbol>
      <symbol id="sm-56c">
         <name>HOSTrename</name>
         <value>0x2209</value>
         <object_component_ref idref="oc-362"/>
      </symbol>
      <symbol id="sm-57d">
         <name>HOSTunlink</name>
         <value>0x26a1</value>
         <object_component_ref idref="oc-35c"/>
      </symbol>
      <symbol id="sm-58e">
         <name>HOSTwrite</name>
         <value>0x2571</value>
         <object_component_ref idref="oc-350"/>
      </symbol>
      <symbol id="sm-5b2">
         <name>__TI_readmsg</name>
         <value>0x296d</value>
         <object_component_ref idref="oc-386"/>
      </symbol>
      <symbol id="sm-5b3">
         <name>C$$IO$$</name>
         <value>0x2853</value>
         <object_component_ref idref="oc-380"/>
      </symbol>
      <symbol id="sm-5b4">
         <name>__CIOBUF_</name>
         <value>0x200009ec</value>
         <object_component_ref idref="oc-3ae"/>
      </symbol>
      <symbol id="sm-5b5">
         <name>__TI_writemsg</name>
         <value>0x2825</value>
         <object_component_ref idref="oc-380"/>
      </symbol>
      <symbol id="sm-630">
         <name>_sys_memory</name>
         <value>0x20000bb8</value>
         <object_component_ref idref="oc-24"/>
      </symbol>
      <symbol id="sm-631">
         <name>free</name>
         <value>0x1d01</value>
         <object_component_ref idref="oc-2ec"/>
      </symbol>
      <symbol id="sm-632">
         <name>malloc</name>
         <value>0x20b5</value>
         <object_component_ref idref="oc-2f2"/>
      </symbol>
      <symbol id="sm-633">
         <name>minit</name>
         <value>0x2895</value>
         <object_component_ref idref="oc-31e"/>
      </symbol>
      <symbol id="sm-643">
         <name>__TI_cleanup</name>
         <value>0x2939</value>
         <object_component_ref idref="oc-2f8"/>
      </symbol>
      <symbol id="sm-652">
         <name>strcpy</name>
         <value>0x2bbf</value>
         <object_component_ref idref="oc-39a"/>
      </symbol>
      <symbol id="sm-667">
         <name>__TI_closefile</name>
         <value>0x212d</value>
         <object_component_ref idref="oc-335"/>
      </symbol>
      <symbol id="sm-68f">
         <name>finddevice</name>
         <value>0x29a1</value>
         <object_component_ref idref="oc-3d2"/>
      </symbol>
      <symbol id="sm-690">
         <name>getdevice</name>
         <value>0x276d</value>
         <object_component_ref idref="oc-3a4"/>
      </symbol>
      <symbol id="sm-6a1">
         <name>strchr</name>
         <value>0x2ba9</value>
         <object_component_ref idref="oc-3c6"/>
      </symbol>
      <symbol id="sm-6b0">
         <name>strcmp</name>
         <value>0x2b65</value>
         <object_component_ref idref="oc-3eb"/>
      </symbol>
      <symbol id="sm-6c0">
         <name>strncpy</name>
         <value>0x28cd</value>
         <object_component_ref idref="oc-3cc"/>
      </symbol>
      <symbol id="sm-6d0">
         <name>unlink</name>
         <value>0x2a29</value>
         <object_component_ref idref="oc-377"/>
      </symbol>
      <symbol id="sm-6e4">
         <name>close</name>
         <value>0x2461</value>
         <object_component_ref idref="oc-371"/>
      </symbol>
      <symbol id="sm-6e5">
         <name>__TI_static_base__</name>
         <value>0x0</value>
      </symbol>
      <symbol id="sm-6e8">
         <name>__mpu_init</name>
         <value>0x0</value>
      </symbol>
      <symbol id="sm-6e9">
         <name>_system_post_cinit</name>
         <value>0x0</value>
      </symbol>
      <symbol id="sm-6ea">
         <name>remove</name>
         <value>0x2a29</value>
      </symbol>
   </symbol_table>
   <title>Link successful</title>
</link_info>
