******************************************************************************
                  TI ARM Linker Unix v18.1.3                   
******************************************************************************
>> Linked Sat Sep 22 22:52:52 2018

OUTPUT FILE NAME:   <lcd_tiva.out>
ENTRY POINT SYMBOL: "_c_int00_noargs"  address: 000034ad


MEMORY CONFIGURATION

         name            origin    length      used     unused   attr    fill
----------------------  --------  ---------  --------  --------  ----  --------
  FLASH                 00000000   00040000  00003b66  0003c49a  R  X
  SRAM                  20000000   00008000  00000bbe  00007442  RW X


SEGMENT ALLOCATION MAP

run origin  load origin   length   init length attrs members
----------  ----------- ---------- ----------- ----- -------
00000000    00000000    00003b68   00003b68    r-x
  00000000    00000000    0000026c   0000026c    r-- .intvecs
  0000026c    0000026c    0000364a   0000364a    r-x .text
  000038b8    000038b8    00000218   00000218    r-- .const
  00003ad0    00003ad0    00000098   00000098    r-- .cinit
20000000    20000000    00000bc0   00000000    rw-
  20000000    20000000    00000800   00000000    rw- .stack
  20000800    20000800    000001ee   00000000    rw- .data
  200009f0    200009f0    000001c8   00000000    rw- .bss
  20000bb8    20000bb8    00000008   00000000    rw- .sysmem


SECTION ALLOCATION MAP

 output                                  attributes/
section   page    origin      length       input sections
--------  ----  ----------  ----------   ----------------
.intvecs   0    00000000    0000026c     
                  00000000    0000026c     tm4c123gh6pm_startup_ccs.obj (.intvecs)

.text      0    0000026c    0000364a     
                  0000026c    00000c7a     lcd_driver.obj (.text)
                  00000ee6    00000002     rtsv7M4_T_le_v4SPD16_eabi.lib : _lock.c.obj (.text:_nop)
                  00000ee8    00000c5a     lcd_utils.obj (.text)
                  00001b42    00000002     rtsv7M4_T_le_v4SPD16_eabi.lib : div0.asm.obj (.text)
                  00001b44    000004dc     uartstdio.obj (.text)
                  00002020    000001a8     general_timer.obj (.text)
                  000021c8    00000136     rtsv7M4_T_le_v4SPD16_eabi.lib : fd_div_t2.asm.obj (.text)
                  000022fe    00000132     driverlib.lib : gpio.obj (.text:GPIOPadConfigSet)
                  00002430    00000118                   : sysctl.obj (.text:SysCtlClockGet)
                  00002548    00000114     rtsv7M4_T_le_v4SPD16_eabi.lib : fputs.c.obj (.text:fputs)
                  0000265c    000000fc                                   : fd_mul_t2.asm.obj (.text)
                  00002758    000000f4     driverlib.lib : sysctl.obj (.text:SysCtlClockSet)
                  0000284c    000000dc     rtsv7M4_T_le_v4SPD16_eabi.lib : setvbuf.c.obj (.text:setvbuf)
                  00002928    000000d8                                   : memory.c.obj (.text:free)
                  00002a00    000000a8     main.obj (.text)
                  00002aa8    0000009c     rtsv7M4_T_le_v4SPD16_eabi.lib : memcpy_t2.asm.obj (.text)
                  00002b44    00000086                                   : fd_cmp_t2.asm.obj (.text:__aeabi_cdcmple)
                  00002bca    00000002     --HOLE-- [fill = 0]
                  00002bcc    0000007c                                   : fflush.c.obj (.text:fflush)
                  00002c48    0000007a                                   : memset_t2.asm.obj (.text)
                  00002cc2    00000002     --HOLE-- [fill = 0]
                  00002cc4    00000078                                   : memory.c.obj (.text:malloc)
                  00002d3c    00000074                                   : fclose.c.obj (.text:__TI_closefile)
                  00002db0    00000068                                   : hostlseek.c.obj (.text:HOSTlseek)
                  00002e18    00000068                                   : hostrename.c.obj (.text:HOSTrename)
                  00002e80    00000068                                   : copy_decompress_lzss.c.obj (.text:decompress:lzss:__TI_decompress_lzss)
                  00002ee8    00000064                                   : fseek.c.obj (.text:fseek)
                  00002f4c    00000062                                   : _io_perm.c.obj (.text:__TI_wrt_ok)
                  00002fae    00000002     --HOLE-- [fill = 0]
                  00002fb0    00000060                                   : hostopen.c.obj (.text:HOSTopen)
                  00003010    00000060     driverlib.lib : timer.obj (.text:TimerConfigure)
                  00003070    0000005c     rtsv7M4_T_le_v4SPD16_eabi.lib : close.c.obj (.text:close)
                  000030cc    0000005c                                   : fd_toull_t2.asm.obj (.text)
                  00003128    00000058                                   : hostread.c.obj (.text:HOSTread)
                  00003180    00000058                                   : hostwrite.c.obj (.text:HOSTwrite)
                  000031d8    0000004c                                   : fflush.c.obj (.text:__TI_doflush)
                  00003224    00000048                                   : exit.c.obj (.text:exit)
                  0000326c    00000044                                   : hostclose.c.obj (.text:HOSTclose)
                  000032b0    00000044                                   : hostunlink.c.obj (.text:HOSTunlink)
                  000032f4    00000044     general_timer.obj (.text:_ZN12GeneralTimer10timeToTickERKy)
                  00003338    00000044     rtsv7M4_T_le_v4SPD16_eabi.lib : autoinit.c.obj (.text:__TI_auto_init_nobinit_nopinit:__TI_auto_init_nobinit_nopinit)
                  0000337c    00000044                                   : getdevice.c.obj (.text:getdevice)
                  000033c0    00000040                                   : u_divt2.asm.obj (.text)
                  00003400    0000003c                                   : memory.c.obj (.text:minsert)
                  0000343c    00000038     driverlib.lib : sysctl.obj (.text:SysCtlPeripheralReady)
                  00003474    00000038     rtsv7M4_T_le_v4SPD16_eabi.lib : trgmsg.c.obj (.text:__TI_writemsg)
                  000034ac    00000038                                   : boot_cortex_m.c.obj (.text:_c_int00_noargs:_c_int00_noargs)
                  000034e4    00000038                                   : memory.c.obj (.text:minit)
                  0000351c    00000036                                   : strncpy.c.obj (.text:strncpy)
                  00003552    00000002     --HOLE-- [fill = 0]
                  00003554    00000034     driverlib.lib : sysctl.obj (.text:SysCtlPeripheralEnable)
                  00003588    00000034     rtsv7M4_T_le_v4SPD16_eabi.lib : fopen.c.obj (.text:__TI_cleanup)
                  000035bc    00000034                                   : trgmsg.c.obj (.text:__TI_readmsg)
                  000035f0    00000030                                   : getdevice.c.obj (.text:finddevice)
                  00003620    0000002c     driverlib.lib : gpio.obj (.text:GPIODirModeSet)
                  0000364c    0000002c     rtsv7M4_T_le_v4SPD16_eabi.lib : ull_tofd_t2.asm.obj (.text)
                  00003678    0000002c                                   : unlink.c.obj (.text:unlink)
                  000036a4    00000028                                   : lseek.c.obj (.text:lseek)
                  000036cc    00000028                                   : memory.c.obj (.text:mremove)
                  000036f4    00000028                                   : write.c.obj (.text:write)
                  0000371c    00000022     general_timer.obj (.text:_ZN12GeneralTimer10tickToTimeERKy)
                  0000373e    00000020     rtsv7M4_T_le_v4SPD16_eabi.lib : memchr.c.obj (.text:memchr)
                  0000375e    00000020                                   : u_tofd_t2.asm.obj (.text)
                  0000377e    00000002     --HOLE-- [fill = 0]
                  00003780    0000001c                                   : assert.c.obj (.text:_abort_msg)
                  0000379c    00000018     driverlib.lib : gpio.obj (.text:GPIOPinTypeGPIOOutput)
                  000037b4    00000018     rtsv7M4_T_le_v4SPD16_eabi.lib : strcmp.c.obj (.text:strcmp)
                  000037cc    00000016     driverlib.lib : gpio.obj (.text:GPIOPinTypeGPIOInput)
                  000037e2    00000016                   : timer.obj (.text:TimerValueGet64)
                  000037f8    00000016     rtsv7M4_T_le_v4SPD16_eabi.lib : strchr.c.obj (.text:strchr)
                  0000380e    00000014                                   : strcpy.c.obj (.text:strcpy)
                  00003822    00000014                                   : strlen.c.obj (.text:strlen)
                  00003836    00000012                                   : copy_zero_init.c.obj (.text:decompress:ZI:__TI_zero_init_nomemset:__TI_zero_init_nomemset)
                  00003848    00000010                                   : isdigit.c.obj (.text:isdigit)
                  00003858    00000010                                   : isspace.c.obj (.text:isspace)
                  00003868    0000000e     driverlib.lib : timer.obj (.text:TimerEnable)
                  00003876    0000000e     rtsv7M4_T_le_v4SPD16_eabi.lib : copy_decompress_none.c.obj (.text:decompress:none:__TI_decompress_none)
                  00003884    0000000c     tm4c123gh6pm_startup_ccs.obj (.text)
                  00003890    00000006     driverlib.lib : gpio.obj (.text:GPIOPinRead)
                  00003896    00000006                   : gpio.obj (.text:GPIOPinWrite)
                  0000389c    00000006                   : sysctl.obj (.text:SysCtlDelay)
                  000038a2    00000006                   : timer.obj (.text:TimerLoadSet64)
                  000038a8    00000006                   : uart.obj (.text:UARTClockSourceSet)
                  000038ae    00000004     rtsv7M4_T_le_v4SPD16_eabi.lib : pre_init.c.obj (.text:_system_pre_init)
                  000038b2    00000004                                   : exit.c.obj (.text:abort:abort)

.const     0    000038b8    00000218     
                  000038b8    00000101     rtsv7M4_T_le_v4SPD16_eabi.lib : ctype.c.obj (.const:.string:_ctypes_)
                  000039b9    00000003     --HOLE-- [fill = 0]
                  000039bc    0000006c     driverlib.lib : sysctl.obj (.const:g_pui32Xtals)
                  00003a28    0000005d     general_timer.obj (.const:.string:_ZZN12GeneralTimer10timeToTickERKyEs)
                  00003a85    00000003     --HOLE-- [fill = 0]
                  00003a88    00000012     uartstdio.obj (.const:.string)
                  00003a9a    00000002     --HOLE-- [fill = 0]
                  00003a9c    0000000c     uartstdio.obj (.const:g_ui32UARTBase)
                  00003aa8    0000000c     uartstdio.obj (.const:g_ui32UARTPeriph)
                  00003ab4    00000008     lcd_driver.obj (.const:.string:$P$T31$1)
                  00003abc    00000008     lcd_driver.obj (.const:.string:$P$T32$2)
                  00003ac4    00000008     lcd_driver.obj (.const:.string:$P$T33$3)
                  00003acc    00000004     uartstdio.obj (.const)

.cinit     0    00003ad0    00000098     
                  00003ad0    0000006d     (.cinit..data.load) [load image, compression = lzss]
                  00003b3d    00000003     --HOLE-- [fill = 0]
                  00003b40    0000000c     (__TI_handler_table)
                  00003b4c    00000004     --HOLE-- [fill = 0]
                  00003b50    00000008     (.cinit..bss.load) [load image, compression = zero_init]
                  00003b58    00000010     (__TI_cinit_table)

.init_array 
*          0    00000000    00000000     UNINITIALIZED

.stack     0    20000000    00000800     UNINITIALIZED
                  20000000    00000004     rtsv7M4_T_le_v4SPD16_eabi.lib : boot_cortex_m.c.obj (.stack)
                  20000004    000007fc     --HOLE--

.data      0    20000800    000001ee     UNINITIALIZED
                  20000800    000000f0     rtsv7M4_T_le_v4SPD16_eabi.lib : defs.c.obj (.data:_ftable)
                  200008f0    00000078                                   : write.c.obj (.data:_device)
                  20000968    00000050                                   : write.c.obj (.data:_stream)
                  200009b8    00000010                                   : defs.c.obj (.data)
                  200009c8    0000000c                                   : exit.c.obj (.data:$O1$$)
                  200009d4    0000000c                                   : memory.c.obj (.data:$O1$$)
                  200009e0    00000008                                   : _lock.c.obj (.data:$O1$$)
                  200009e8    00000005     uartstdio.obj (.data)
                  200009ed    00000001     general_timer.obj (.data)

.bss       0    200009f0    000001c8     UNINITIALIZED
                  200009f0    00000120     rtsv7M4_T_le_v4SPD16_eabi.lib : trgmsg.c.obj (.bss:_CIOBUF_)
                  20000b10    000000a0     (.common:__TI_tmpnams)
                  20000bb0    00000008     (.common:parmbuf)

.sysmem    0    20000bb8    00000008     UNINITIALIZED
                  20000bb8    00000008     rtsv7M4_T_le_v4SPD16_eabi.lib : memory.c.obj (.sysmem)

MODULE SUMMARY

       Module                         code    ro data   rw data
       ------                         ----    -------   -------
    ./
       tm4c123gh6pm_startup_ccs.obj   12      620       0      
    +--+------------------------------+-------+---------+---------+
       Total:                         12      620       0      
                                                               
    ./Tivaware_Dep/utils/
       uartstdio.obj                  1244    46        5      
    +--+------------------------------+-------+---------+---------+
       Total:                         1244    46        5      
                                                               
    ./general_timer/
       general_timer.obj              526     93        1      
    +--+------------------------------+-------+---------+---------+
       Total:                         526     93        1      
                                                               
    ./src/
       lcd_driver.obj                 3194    24        0      
       lcd_utils.obj                  3162    0         0      
       main.obj                       168     0         0      
    +--+------------------------------+-------+---------+---------+
       Total:                         6524    24        0      
                                                               
    ../Tivaware_Dep/driverlib/ccs/Debug/driverlib.lib
       sysctl.obj                     638     108       0      
       gpio.obj                       408     0         0      
       timer.obj                      138     0         0      
       uart.obj                       6       0         0      
    +--+------------------------------+-------+---------+---------+
       Total:                         1190    108       0      
                                                               
    /home/kd/ti/ccsv8/tools/compiler/ti-cgt-arm_18.1.3.LTS/lib/rtsv7M4_T_le_v4SPD16_eabi.lib
       memory.c.obj                   492     0         12     
       defs.c.obj                     0       0         416    
       trgmsg.c.obj                   108     0         288    
       fd_div_t2.asm.obj              310     0         0      
       fputs.c.obj                    276     0         0      
       ctype.c.obj                    0       257       0      
       fd_mul_t2.asm.obj              252     0         0      
       write.c.obj                    40      0         200    
       setvbuf.c.obj                  220     0         0      
       fflush.c.obj                   200     0         0      
       memcpy_t2.asm.obj              156     0         0      
       fd_cmp_t2.asm.obj              134     0         0      
       memset_t2.asm.obj              122     0         0      
       fclose.c.obj                   116     0         0      
       getdevice.c.obj                116     0         0      
       copy_decompress_lzss.c.obj     104     0         0      
       hostlseek.c.obj                104     0         0      
       hostopen.c.obj                 96      0         8      
       hostrename.c.obj               104     0         0      
       fseek.c.obj                    100     0         0      
       _io_perm.c.obj                 98      0         0      
       close.c.obj                    92      0         0      
       fd_toull_t2.asm.obj            92      0         0      
       exit.c.obj                     76      0         12     
       hostread.c.obj                 88      0         0      
       hostwrite.c.obj                88      0         0      
       autoinit.c.obj                 68      0         0      
       hostclose.c.obj                68      0         0      
       hostunlink.c.obj               68      0         0      
       u_divt2.asm.obj                64      0         0      
       boot_cortex_m.c.obj            56      0         0      
       strncpy.c.obj                  54      0         0      
       fopen.c.obj                    52      0         0      
       ull_tofd_t2.asm.obj            44      0         0      
       unlink.c.obj                   44      0         0      
       lseek.c.obj                    40      0         0      
       memchr.c.obj                   32      0         0      
       u_tofd_t2.asm.obj              32      0         0      
       assert.c.obj                   28      0         0      
       strcmp.c.obj                   24      0         0      
       strchr.c.obj                   22      0         0      
       strcpy.c.obj                   20      0         0      
       strlen.c.obj                   20      0         0      
       copy_zero_init.c.obj           18      0         0      
       isdigit.c.obj                  16      0         0      
       isspace.c.obj                  16      0         0      
       copy_decompress_none.c.obj     14      0         0      
       _lock.c.obj                    2       0         8      
       pre_init.c.obj                 4       0         0      
       div0.asm.obj                   2       0         0      
    +--+------------------------------+-------+---------+---------+
       Total:                         4392    257       944    
                                                               
       Heap:                          0       0         8      
       Stack:                         0       0         2048   
       Linker Generated:              0       145       0      
    +--+------------------------------+-------+---------+---------+
       Grand Total:                   13888   1293      3006   


LINKER GENERATED COPY TABLES

__TI_cinit_table @ 00003b58 records: 2, size/record: 8, table size: 16
	.data: load addr=00003ad0, load size=0000006d bytes, run addr=20000800, run size=000001ee bytes, compression=lzss
	.bss: load addr=00003b50, load size=00000008 bytes, run addr=200009f0, run size=000001c8 bytes, compression=zero_init


LINKER GENERATED HANDLER TABLE

__TI_handler_table @ 00003b40 records: 3, size/record: 4, table size: 12
	index: 0, handler: __TI_decompress_lzss
	index: 1, handler: __TI_decompress_none
	index: 2, handler: __TI_zero_init


GLOBAL SYMBOLS: SORTED ALPHABETICALLY BY Name 

address   name                                                           
-------   ----                                                           
000038b3  C$$EXIT                                                        
000034a3  C$$IO$$                                                        
00003621  GPIODirModeSet                                                 
000022ff  GPIOPadConfigSet                                               
00003891  GPIOPinRead                                                    
000037cd  GPIOPinTypeGPIOInput                                           
0000379d  GPIOPinTypeGPIOOutput                                          
00003897  GPIOPinWrite                                                   
0000326d  HOSTclose                                                      
00002db1  HOSTlseek                                                      
00002fb1  HOSTopen                                                       
00003129  HOSTread                                                       
00002e19  HOSTrename                                                     
000032b1  HOSTunlink                                                     
00003181  HOSTwrite                                                      
00003885  ResetISR                                                       
00002431  SysCtlClockGet                                                 
00002759  SysCtlClockSet                                                 
0000389d  SysCtlDelay                                                    
00003555  SysCtlPeripheralEnable                                         
0000343d  SysCtlPeripheralReady                                          
00003011  TimerConfigure                                                 
00003869  TimerEnable                                                    
000038a3  TimerLoadSet64                                                 
000037e3  TimerValueGet64                                                
000038a9  UARTClockSourceSet                                             
00001b45  UARTStdioConfig                                                
00001cbd  UARTgetc                                                       
00001bf7  UARTgets                                                       
00001feb  UARTprintf                                                     
00001cf1  UARTvprintf                                                    
00001ba5  UARTwrite                                                      
000020ad  _ZN12GeneralTimer10startTimerERy                               
0000371d  _ZN12GeneralTimer10tickToTimeERKy                              
000032f5  _ZN12GeneralTimer10timeToTickERKy                              
00002021  _ZN12GeneralTimer12getTimeStampEjj                             
200009ed  _ZN12GeneralTimer13_isConfiguredE                              
00002137  _ZN12GeneralTimer4waitERKy                                     
000020c5  _ZN12GeneralTimer9stopTimerERKy                                
00002037  _ZN12GeneralTimerC1E9TimerUnit                                 
00002037  _ZN12GeneralTimerC2E9TimerUnit                                 
0000030d  _ZN9lcddriver9LcdDriver11comMaintainERKb                       
00000391  _ZN9lcddriver9LcdDriver11configWriteEv                         
0000070d  _ZN9lcddriver9LcdDriver11ramDataReadEPhRKjRKhRKb               
00000acd  _ZN9lcddriver9LcdDriver12displayWriteEPKc                      
0000122b  _ZN9lcddriver9LcdDriver12pinDescCheckEPj                       
00001213  _ZN9lcddriver9LcdDriver12pinPadConfigEPKj                      
000005ed  _ZN9lcddriver9LcdDriver12ramDataWriteEPKhjRKb                  
00000c4d  _ZN9lcddriver9LcdDriver13backLedSwitchERKb                     
000004d1  _ZN9lcddriver9LcdDriver13beginSeqWriteEv                       
00000449  _ZN9lcddriver9LcdDriver13comModeSwitchERKb                     
00000b29  _ZN9lcddriver9LcdDriver13displayAppendEPKc                     
0000119b  _ZN9lcddriver9LcdDriver13pinModeSwitchEPKjRKb                  
00000565  _ZN9lcddriver9LcdDriver14getAddrCounterEv                      
0000037d  _ZN9lcddriver9LcdDriver14registerSelectERKb                    
0000045d  _ZN9lcddriver9LcdDriver15startupSeqWriteEv                     
00000b9d  _ZN9lcddriver9LcdDriver16addNewCustomCharEPKhRKj               
00000ee9  _ZN9lcddriver9LcdDriver16parallelDataReadERKbPhRKj             
0000057d  _ZN9lcddriver9LcdDriver17changeAddrCounterERKhRKb              
00000fe1  _ZN9lcddriver9LcdDriver17parallelDataWriteEPKhRKjRKb           
00001167  _ZN9lcddriver9LcdDriver18parallelModeSwitchERKb                
000005b9  _ZN9lcddriver9LcdDriver19instructionDataReadEv                 
00001717  _ZN9lcddriver9LcdDriver20createDisplayCommandERKbS2_S2_        
00000c01  _ZN9lcddriver9LcdDriver20cursorPositionChangeERKhS2_           
000013fd  _ZN9lcddriver9LcdDriver22createEntryModeCommandERKbS2_         
000010bb  _ZN9lcddriver9LcdDriver23parallelDataWriteSingleERKhRKb        
00001a9f  _ZN9lcddriver9LcdDriver24createFunctionSetCommandERKbS2_S2_    
00001afb  _ZN9lcddriver9LcdDriver31createCursorDisplayShiftCommandERKbS2_
0000077f  _ZN9lcddriver9LcdDriver4initEv                                 
000009ad  _ZN9lcddriver9LcdDriver6enableEv                               
0000054f  _ZN9lcddriver9LcdDriver6isBusyEv                               
000002cf  _ZN9lcddriver9LcdDriver7comStopEv                              
000011f7  _ZN9lcddriver9LcdDriver7pinReadEPKj                            
0000026d  _ZN9lcddriver9LcdDriver8comSetupERKbS2_                        
000011c5  _ZN9lcddriver9LcdDriver8pinWriteEPKjRKb                        
00000435  _ZN9lcddriver9LcdDriver9comSwitchERKb                          
00000757  _ZN9lcddriver9LcdDriverC1ERKNS_9LcdConfigE                     
00000757  _ZN9lcddriver9LcdDriverC2ERKNS_9LcdConfigE                     
00003a28  _ZZN12GeneralTimer10timeToTickERKyEs                           
200009f0  __CIOBUF_                                                      
20000800  __STACK_END                                                    
00000800  __STACK_SIZE                                                   
20000200  __STACK_TOP                                                    
00000008  __SYSMEM_SIZE                                                  
00003b58  __TI_CINIT_Base                                                
00003b68  __TI_CINIT_Limit                                               
00003b40  __TI_Handler_Table_Base                                        
00003b4c  __TI_Handler_Table_Limit                                       
00003339  __TI_auto_init_nobinit_nopinit                                 
00003589  __TI_cleanup                                                   
200009c8  __TI_cleanup_ptr                                               
00002d3d  __TI_closefile                                                 
00002e81  __TI_decompress_lzss                                           
00003877  __TI_decompress_none                                           
000031d9  __TI_doflush                                                   
200009cc  __TI_dtors_ptr                                                 
200009d0  __TI_enable_exit_profile_output                                
200009b8  __TI_ft_end                                                    
ffffffff  __TI_pprof_out_hndl                                            
ffffffff  __TI_prof_data_size                                            
ffffffff  __TI_prof_data_start                                           
000035bd  __TI_readmsg                                                   
00000000  __TI_static_base__                                             
20000b10  __TI_tmpnams                                                   
00003475  __TI_writemsg                                                  
00002f4d  __TI_wrt_ok                                                    
00003837  __TI_zero_init_nomemset                                        
00002b45  __aeabi_cdcmpeq                                                
00002b45  __aeabi_cdcmple                                                
000030cd  __aeabi_d2ulz                                                  
000021c9  __aeabi_ddiv                                                   
0000265d  __aeabi_dmul                                                   
00001b43  __aeabi_idiv0                                                  
00001b43  __aeabi_ldiv0                                                  
00002c49  __aeabi_memclr                                                 
00002c49  __aeabi_memclr4                                                
00002c49  __aeabi_memclr8                                                
00002aa9  __aeabi_memcpy                                                 
00002aa9  __aeabi_memcpy4                                                
00002aa9  __aeabi_memcpy8                                                
00002c4b  __aeabi_memset                                                 
00002c4b  __aeabi_memset4                                                
00002c4b  __aeabi_memset8                                                
200009c4  __aeabi_stderr                                                 
200009bc  __aeabi_stdin                                                  
200009c0  __aeabi_stdout                                                 
0000375f  __aeabi_ui2d                                                   
000033c1  __aeabi_uidiv                                                  
000033c1  __aeabi_uidivmod                                               
0000364d  __aeabi_ul2d                                                   
ffffffff  __binit__                                                      
ffffffff  __c_args__                                                     
UNDEFED   __mpu_init                                                     
20000000  __stack                                                        
00003781  _abort_msg                                                     
000034ad  _c_int00_noargs                                                
000038b8  _ctypes_                                                       
200008f0  _device                                                        
20000800  _ftable                                                        
200009e0  _lock                                                          
00000ee7  _nop                                                           
20000968  _stream                                                        
20000bb8  _sys_memory                                                    
UNDEFED   _system_post_cinit                                             
000038af  _system_pre_init                                               
200009e4  _unlock                                                        
000038b3  abort                                                          
ffffffff  binit                                                          
00003071  close                                                          
00003225  exit                                                           
00002bcd  fflush                                                         
000035f1  finddevice                                                     
00002549  fputs                                                          
00002929  free                                                           
00002ee9  fseek                                                          
00000000  g_pfnVectors                                                   
0000337d  getdevice                                                      
00003849  isdigit                                                        
00003859  isspace                                                        
000036a5  lseek                                                          
00002a01  main                                                           
00002cc5  malloc                                                         
0000373f  memchr                                                         
00002aa9  memcpy                                                         
00002c51  memset                                                         
000034e5  minit                                                          
20000bb0  parmbuf                                                        
00003679  remove                                                         
0000284d  setvbuf                                                        
000037f9  strchr                                                         
000037b5  strcmp                                                         
0000380f  strcpy                                                         
00003823  strlen                                                         
0000351d  strncpy                                                        
00003679  unlink                                                         
000036f5  write                                                          


GLOBAL SYMBOLS: SORTED BY Symbol Address 

address   name                                                           
-------   ----                                                           
00000000  __TI_static_base__                                             
00000000  g_pfnVectors                                                   
00000008  __SYSMEM_SIZE                                                  
0000026d  _ZN9lcddriver9LcdDriver8comSetupERKbS2_                        
000002cf  _ZN9lcddriver9LcdDriver7comStopEv                              
0000030d  _ZN9lcddriver9LcdDriver11comMaintainERKb                       
0000037d  _ZN9lcddriver9LcdDriver14registerSelectERKb                    
00000391  _ZN9lcddriver9LcdDriver11configWriteEv                         
00000435  _ZN9lcddriver9LcdDriver9comSwitchERKb                          
00000449  _ZN9lcddriver9LcdDriver13comModeSwitchERKb                     
0000045d  _ZN9lcddriver9LcdDriver15startupSeqWriteEv                     
000004d1  _ZN9lcddriver9LcdDriver13beginSeqWriteEv                       
0000054f  _ZN9lcddriver9LcdDriver6isBusyEv                               
00000565  _ZN9lcddriver9LcdDriver14getAddrCounterEv                      
0000057d  _ZN9lcddriver9LcdDriver17changeAddrCounterERKhRKb              
000005b9  _ZN9lcddriver9LcdDriver19instructionDataReadEv                 
000005ed  _ZN9lcddriver9LcdDriver12ramDataWriteEPKhjRKb                  
0000070d  _ZN9lcddriver9LcdDriver11ramDataReadEPhRKjRKhRKb               
00000757  _ZN9lcddriver9LcdDriverC1ERKNS_9LcdConfigE                     
00000757  _ZN9lcddriver9LcdDriverC2ERKNS_9LcdConfigE                     
0000077f  _ZN9lcddriver9LcdDriver4initEv                                 
00000800  __STACK_SIZE                                                   
000009ad  _ZN9lcddriver9LcdDriver6enableEv                               
00000acd  _ZN9lcddriver9LcdDriver12displayWriteEPKc                      
00000b29  _ZN9lcddriver9LcdDriver13displayAppendEPKc                     
00000b9d  _ZN9lcddriver9LcdDriver16addNewCustomCharEPKhRKj               
00000c01  _ZN9lcddriver9LcdDriver20cursorPositionChangeERKhS2_           
00000c4d  _ZN9lcddriver9LcdDriver13backLedSwitchERKb                     
00000ee7  _nop                                                           
00000ee9  _ZN9lcddriver9LcdDriver16parallelDataReadERKbPhRKj             
00000fe1  _ZN9lcddriver9LcdDriver17parallelDataWriteEPKhRKjRKb           
000010bb  _ZN9lcddriver9LcdDriver23parallelDataWriteSingleERKhRKb        
00001167  _ZN9lcddriver9LcdDriver18parallelModeSwitchERKb                
0000119b  _ZN9lcddriver9LcdDriver13pinModeSwitchEPKjRKb                  
000011c5  _ZN9lcddriver9LcdDriver8pinWriteEPKjRKb                        
000011f7  _ZN9lcddriver9LcdDriver7pinReadEPKj                            
00001213  _ZN9lcddriver9LcdDriver12pinPadConfigEPKj                      
0000122b  _ZN9lcddriver9LcdDriver12pinDescCheckEPj                       
000013fd  _ZN9lcddriver9LcdDriver22createEntryModeCommandERKbS2_         
00001717  _ZN9lcddriver9LcdDriver20createDisplayCommandERKbS2_S2_        
00001a9f  _ZN9lcddriver9LcdDriver24createFunctionSetCommandERKbS2_S2_    
00001afb  _ZN9lcddriver9LcdDriver31createCursorDisplayShiftCommandERKbS2_
00001b43  __aeabi_idiv0                                                  
00001b43  __aeabi_ldiv0                                                  
00001b45  UARTStdioConfig                                                
00001ba5  UARTwrite                                                      
00001bf7  UARTgets                                                       
00001cbd  UARTgetc                                                       
00001cf1  UARTvprintf                                                    
00001feb  UARTprintf                                                     
00002021  _ZN12GeneralTimer12getTimeStampEjj                             
00002037  _ZN12GeneralTimerC1E9TimerUnit                                 
00002037  _ZN12GeneralTimerC2E9TimerUnit                                 
000020ad  _ZN12GeneralTimer10startTimerERy                               
000020c5  _ZN12GeneralTimer9stopTimerERKy                                
00002137  _ZN12GeneralTimer4waitERKy                                     
000021c9  __aeabi_ddiv                                                   
000022ff  GPIOPadConfigSet                                               
00002431  SysCtlClockGet                                                 
00002549  fputs                                                          
0000265d  __aeabi_dmul                                                   
00002759  SysCtlClockSet                                                 
0000284d  setvbuf                                                        
00002929  free                                                           
00002a01  main                                                           
00002aa9  __aeabi_memcpy                                                 
00002aa9  __aeabi_memcpy4                                                
00002aa9  __aeabi_memcpy8                                                
00002aa9  memcpy                                                         
00002b45  __aeabi_cdcmpeq                                                
00002b45  __aeabi_cdcmple                                                
00002bcd  fflush                                                         
00002c49  __aeabi_memclr                                                 
00002c49  __aeabi_memclr4                                                
00002c49  __aeabi_memclr8                                                
00002c4b  __aeabi_memset                                                 
00002c4b  __aeabi_memset4                                                
00002c4b  __aeabi_memset8                                                
00002c51  memset                                                         
00002cc5  malloc                                                         
00002d3d  __TI_closefile                                                 
00002db1  HOSTlseek                                                      
00002e19  HOSTrename                                                     
00002e81  __TI_decompress_lzss                                           
00002ee9  fseek                                                          
00002f4d  __TI_wrt_ok                                                    
00002fb1  HOSTopen                                                       
00003011  TimerConfigure                                                 
00003071  close                                                          
000030cd  __aeabi_d2ulz                                                  
00003129  HOSTread                                                       
00003181  HOSTwrite                                                      
000031d9  __TI_doflush                                                   
00003225  exit                                                           
0000326d  HOSTclose                                                      
000032b1  HOSTunlink                                                     
000032f5  _ZN12GeneralTimer10timeToTickERKy                              
00003339  __TI_auto_init_nobinit_nopinit                                 
0000337d  getdevice                                                      
000033c1  __aeabi_uidiv                                                  
000033c1  __aeabi_uidivmod                                               
0000343d  SysCtlPeripheralReady                                          
00003475  __TI_writemsg                                                  
000034a3  C$$IO$$                                                        
000034ad  _c_int00_noargs                                                
000034e5  minit                                                          
0000351d  strncpy                                                        
00003555  SysCtlPeripheralEnable                                         
00003589  __TI_cleanup                                                   
000035bd  __TI_readmsg                                                   
000035f1  finddevice                                                     
00003621  GPIODirModeSet                                                 
0000364d  __aeabi_ul2d                                                   
00003679  remove                                                         
00003679  unlink                                                         
000036a5  lseek                                                          
000036f5  write                                                          
0000371d  _ZN12GeneralTimer10tickToTimeERKy                              
0000373f  memchr                                                         
0000375f  __aeabi_ui2d                                                   
00003781  _abort_msg                                                     
0000379d  GPIOPinTypeGPIOOutput                                          
000037b5  strcmp                                                         
000037cd  GPIOPinTypeGPIOInput                                           
000037e3  TimerValueGet64                                                
000037f9  strchr                                                         
0000380f  strcpy                                                         
00003823  strlen                                                         
00003837  __TI_zero_init_nomemset                                        
00003849  isdigit                                                        
00003859  isspace                                                        
00003869  TimerEnable                                                    
00003877  __TI_decompress_none                                           
00003885  ResetISR                                                       
00003891  GPIOPinRead                                                    
00003897  GPIOPinWrite                                                   
0000389d  SysCtlDelay                                                    
000038a3  TimerLoadSet64                                                 
000038a9  UARTClockSourceSet                                             
000038af  _system_pre_init                                               
000038b3  C$$EXIT                                                        
000038b3  abort                                                          
000038b8  _ctypes_                                                       
00003a28  _ZZN12GeneralTimer10timeToTickERKyEs                           
00003b40  __TI_Handler_Table_Base                                        
00003b4c  __TI_Handler_Table_Limit                                       
00003b58  __TI_CINIT_Base                                                
00003b68  __TI_CINIT_Limit                                               
20000000  __stack                                                        
20000200  __STACK_TOP                                                    
20000800  __STACK_END                                                    
20000800  _ftable                                                        
200008f0  _device                                                        
20000968  _stream                                                        
200009b8  __TI_ft_end                                                    
200009bc  __aeabi_stdin                                                  
200009c0  __aeabi_stdout                                                 
200009c4  __aeabi_stderr                                                 
200009c8  __TI_cleanup_ptr                                               
200009cc  __TI_dtors_ptr                                                 
200009d0  __TI_enable_exit_profile_output                                
200009e0  _lock                                                          
200009e4  _unlock                                                        
200009ed  _ZN12GeneralTimer13_isConfiguredE                              
200009f0  __CIOBUF_                                                      
20000b10  __TI_tmpnams                                                   
20000bb0  parmbuf                                                        
20000bb8  _sys_memory                                                    
ffffffff  __TI_pprof_out_hndl                                            
ffffffff  __TI_prof_data_size                                            
ffffffff  __TI_prof_data_start                                           
ffffffff  __binit__                                                      
ffffffff  __c_args__                                                     
ffffffff  binit                                                          
UNDEFED   __mpu_init                                                     
UNDEFED   _system_post_cinit                                             

[176 symbols]
