******************************************************************************
                  TI ARM Linker Unix v18.1.3                   
******************************************************************************
>> Linked Sat Sep 22 19:39:40 2018

OUTPUT FILE NAME:   <lcd_tiva.out>
ENTRY POINT SYMBOL: "_c_int00_noargs"  address: 0000314d


MEMORY CONFIGURATION

         name            origin    length      used     unused   attr    fill
----------------------  --------  ---------  --------  --------  ----  --------
  FLASH                 00000000   00040000  000037f2  0003c80e  R  X
  SRAM                  20000000   00008000  00000bbe  00007442  RW X


SEGMENT ALLOCATION MAP

run origin  load origin   length   init length attrs members
----------  ----------- ---------- ----------- ----- -------
00000000    00000000    000037f8   000037f8    r-x
  00000000    00000000    0000026c   0000026c    r-- .intvecs
  0000026c    0000026c    000032ea   000032ea    r-x .text
  00003558    00003558    00000204   00000204    r-- .const
  00003760    00003760    00000098   00000098    r-- .cinit
20000000    20000000    00000bc0   00000000    rw-
  20000000    20000000    00000800   00000000    rw- .stack
  20000800    20000800    000001ee   00000000    rw- .data
  200009f0    200009f0    000001c8   00000000    rw- .bss
  20000bb8    20000bb8    00000008   00000000    rw- .sysmem


SECTION ALLOCATION MAP

 output                                  attributes/
section   page    origin      length       input sections
--------  ----  ----------  ----------   ----------------
.intvecs   0    00000000    0000026c     
                  00000000    0000026c     tm4c123gh6pm_startup_ccs.obj (.intvecs)

.text      0    0000026c    000032ea     
                  0000026c    00000c26     lcd_utils.obj (.text)
                  00000e92    00000002     rtsv7M4_T_le_v4SPD16_eabi.lib : _lock.c.obj (.text:_nop)
                  00000e94    00000950     lcd_driver.obj (.text)
                  000017e4    000004dc     uartstdio.obj (.text)
                  00001cc0    000001a8     general_timer.obj (.text)
                  00001e68    00000136     rtsv7M4_T_le_v4SPD16_eabi.lib : fd_div_t2.asm.obj (.text)
                  00001f9e    00000132     driverlib.lib : gpio.obj (.text:GPIOPadConfigSet)
                  000020d0    00000118                   : sysctl.obj (.text:SysCtlClockGet)
                  000021e8    00000114     rtsv7M4_T_le_v4SPD16_eabi.lib : fputs.c.obj (.text:fputs)
                  000022fc    000000fc                                   : fd_mul_t2.asm.obj (.text)
                  000023f8    000000f4     driverlib.lib : sysctl.obj (.text:SysCtlClockSet)
                  000024ec    000000dc     rtsv7M4_T_le_v4SPD16_eabi.lib : setvbuf.c.obj (.text:setvbuf)
                  000025c8    000000d8                                   : memory.c.obj (.text:free)
                  000026a0    000000a8     main.obj (.text)
                  00002748    0000009c     rtsv7M4_T_le_v4SPD16_eabi.lib : memcpy_t2.asm.obj (.text)
                  000027e4    00000086                                   : fd_cmp_t2.asm.obj (.text:__aeabi_cdcmple)
                  0000286a    00000002                                   : div0.asm.obj (.text)
                  0000286c    0000007c                                   : fflush.c.obj (.text:fflush)
                  000028e8    0000007a                                   : memset_t2.asm.obj (.text)
                  00002962    00000002     --HOLE-- [fill = 0]
                  00002964    00000078                                   : memory.c.obj (.text:malloc)
                  000029dc    00000074                                   : fclose.c.obj (.text:__TI_closefile)
                  00002a50    00000068                                   : hostlseek.c.obj (.text:HOSTlseek)
                  00002ab8    00000068                                   : hostrename.c.obj (.text:HOSTrename)
                  00002b20    00000068                                   : copy_decompress_lzss.c.obj (.text:decompress:lzss:__TI_decompress_lzss)
                  00002b88    00000064                                   : fseek.c.obj (.text:fseek)
                  00002bec    00000062                                   : _io_perm.c.obj (.text:__TI_wrt_ok)
                  00002c4e    00000002     --HOLE-- [fill = 0]
                  00002c50    00000060                                   : hostopen.c.obj (.text:HOSTopen)
                  00002cb0    00000060     driverlib.lib : timer.obj (.text:TimerConfigure)
                  00002d10    0000005c     rtsv7M4_T_le_v4SPD16_eabi.lib : close.c.obj (.text:close)
                  00002d6c    0000005c                                   : fd_toull_t2.asm.obj (.text)
                  00002dc8    00000058                                   : hostread.c.obj (.text:HOSTread)
                  00002e20    00000058                                   : hostwrite.c.obj (.text:HOSTwrite)
                  00002e78    0000004c                                   : fflush.c.obj (.text:__TI_doflush)
                  00002ec4    00000048                                   : exit.c.obj (.text:exit)
                  00002f0c    00000044                                   : hostclose.c.obj (.text:HOSTclose)
                  00002f50    00000044                                   : hostunlink.c.obj (.text:HOSTunlink)
                  00002f94    00000044     general_timer.obj (.text:_ZN12GeneralTimer10timeToTickERKy)
                  00002fd8    00000044     rtsv7M4_T_le_v4SPD16_eabi.lib : autoinit.c.obj (.text:__TI_auto_init_nobinit_nopinit:__TI_auto_init_nobinit_nopinit)
                  0000301c    00000044                                   : getdevice.c.obj (.text:getdevice)
                  00003060    00000040                                   : u_divt2.asm.obj (.text)
                  000030a0    0000003c                                   : memory.c.obj (.text:minsert)
                  000030dc    00000038     driverlib.lib : sysctl.obj (.text:SysCtlPeripheralReady)
                  00003114    00000038     rtsv7M4_T_le_v4SPD16_eabi.lib : trgmsg.c.obj (.text:__TI_writemsg)
                  0000314c    00000038                                   : boot_cortex_m.c.obj (.text:_c_int00_noargs:_c_int00_noargs)
                  00003184    00000038                                   : memory.c.obj (.text:minit)
                  000031bc    00000036                                   : strncpy.c.obj (.text:strncpy)
                  000031f2    00000002     --HOLE-- [fill = 0]
                  000031f4    00000034     driverlib.lib : sysctl.obj (.text:SysCtlPeripheralEnable)
                  00003228    00000034     rtsv7M4_T_le_v4SPD16_eabi.lib : fopen.c.obj (.text:__TI_cleanup)
                  0000325c    00000034                                   : trgmsg.c.obj (.text:__TI_readmsg)
                  00003290    00000030                                   : getdevice.c.obj (.text:finddevice)
                  000032c0    0000002c     driverlib.lib : gpio.obj (.text:GPIODirModeSet)
                  000032ec    0000002c     rtsv7M4_T_le_v4SPD16_eabi.lib : ull_tofd_t2.asm.obj (.text)
                  00003318    0000002c                                   : unlink.c.obj (.text:unlink)
                  00003344    00000028                                   : lseek.c.obj (.text:lseek)
                  0000336c    00000028                                   : memory.c.obj (.text:mremove)
                  00003394    00000028                                   : write.c.obj (.text:write)
                  000033bc    00000022     general_timer.obj (.text:_ZN12GeneralTimer10tickToTimeERKy)
                  000033de    00000020     rtsv7M4_T_le_v4SPD16_eabi.lib : memchr.c.obj (.text:memchr)
                  000033fe    00000020                                   : u_tofd_t2.asm.obj (.text)
                  0000341e    00000002     --HOLE-- [fill = 0]
                  00003420    0000001c                                   : assert.c.obj (.text:_abort_msg)
                  0000343c    00000018     driverlib.lib : gpio.obj (.text:GPIOPinTypeGPIOOutput)
                  00003454    00000018     rtsv7M4_T_le_v4SPD16_eabi.lib : strcmp.c.obj (.text:strcmp)
                  0000346c    00000016     driverlib.lib : gpio.obj (.text:GPIOPinTypeGPIOInput)
                  00003482    00000016                   : timer.obj (.text:TimerValueGet64)
                  00003498    00000016     rtsv7M4_T_le_v4SPD16_eabi.lib : strchr.c.obj (.text:strchr)
                  000034ae    00000014                                   : strcpy.c.obj (.text:strcpy)
                  000034c2    00000014                                   : strlen.c.obj (.text:strlen)
                  000034d6    00000012                                   : copy_zero_init.c.obj (.text:decompress:ZI:__TI_zero_init_nomemset:__TI_zero_init_nomemset)
                  000034e8    00000010                                   : isalpha.c.obj (.text:isalpha)
                  000034f8    00000010                                   : isspace.c.obj (.text:isspace)
                  00003508    0000000e     driverlib.lib : timer.obj (.text:TimerEnable)
                  00003516    0000000e     rtsv7M4_T_le_v4SPD16_eabi.lib : copy_decompress_none.c.obj (.text:decompress:none:__TI_decompress_none)
                  00003524    0000000c     tm4c123gh6pm_startup_ccs.obj (.text)
                  00003530    00000006     driverlib.lib : gpio.obj (.text:GPIOPinRead)
                  00003536    00000006                   : gpio.obj (.text:GPIOPinWrite)
                  0000353c    00000006                   : sysctl.obj (.text:SysCtlDelay)
                  00003542    00000006                   : timer.obj (.text:TimerLoadSet64)
                  00003548    00000006                   : uart.obj (.text:UARTClockSourceSet)
                  0000354e    00000004     rtsv7M4_T_le_v4SPD16_eabi.lib : pre_init.c.obj (.text:_system_pre_init)
                  00003552    00000004                                   : exit.c.obj (.text:abort:abort)

.const     0    00003558    00000204     
                  00003558    00000101     rtsv7M4_T_le_v4SPD16_eabi.lib : ctype.c.obj (.const:.string:_ctypes_)
                  00003659    00000003     --HOLE-- [fill = 0]
                  0000365c    0000006c     driverlib.lib : sysctl.obj (.const:g_pui32Xtals)
                  000036c8    0000005d     general_timer.obj (.const:.string:_ZZN12GeneralTimer10timeToTickERKyEs)
                  00003725    00000003     --HOLE-- [fill = 0]
                  00003728    00000012     uartstdio.obj (.const:.string)
                  0000373a    00000002     --HOLE-- [fill = 0]
                  0000373c    0000000c     uartstdio.obj (.const:g_ui32UARTBase)
                  00003748    0000000c     uartstdio.obj (.const:g_ui32UARTPeriph)
                  00003754    00000004     lcd_driver.obj (.const:$P$T33$1)
                  00003758    00000004     uartstdio.obj (.const)

.cinit     0    00003760    00000098     
                  00003760    00000070     (.cinit..data.load) [load image, compression = lzss]
                  000037d0    0000000c     (__TI_handler_table)
                  000037dc    00000004     --HOLE-- [fill = 0]
                  000037e0    00000008     (.cinit..bss.load) [load image, compression = zero_init]
                  000037e8    00000010     (__TI_cinit_table)

.init_array 
*          0    00000000    00000000     UNINITIALIZED

.stack     0    20000000    00000800     UNINITIALIZED
                  20000000    00000004     rtsv7M4_T_le_v4SPD16_eabi.lib : boot_cortex_m.c.obj (.stack)
                  20000004    000007fc     --HOLE--

.data      0    20000800    000001ee     UNINITIALIZED
                  20000800    000000f0     rtsv7M4_T_le_v4SPD16_eabi.lib : defs.c.obj (.data:_ftable)
                  200008f0    00000078                                   : write.c.obj (.data:_device)
                  20000968    00000050                                   : write.c.obj (.data:_stream)
                  200009b8    00000010                                   : defs.c.obj (.data)
                  200009c8    0000000c                                   : exit.c.obj (.data:$O1$$)
                  200009d4    0000000c                                   : memory.c.obj (.data:$O1$$)
                  200009e0    00000008                                   : _lock.c.obj (.data:$O1$$)
                  200009e8    00000005     uartstdio.obj (.data)
                  200009ed    00000001     general_timer.obj (.data)

.bss       0    200009f0    000001c8     UNINITIALIZED
                  200009f0    00000120     rtsv7M4_T_le_v4SPD16_eabi.lib : trgmsg.c.obj (.bss:_CIOBUF_)
                  20000b10    000000a0     (.common:__TI_tmpnams)
                  20000bb0    00000008     (.common:parmbuf)

.sysmem    0    20000bb8    00000008     UNINITIALIZED
                  20000bb8    00000008     rtsv7M4_T_le_v4SPD16_eabi.lib : memory.c.obj (.sysmem)

MODULE SUMMARY

       Module                         code    ro data   rw data
       ------                         ----    -------   -------
    ./
       lcd_utils.obj                  3110    0         0      
       lcd_driver.obj                 2384    4         0      
       tm4c123gh6pm_startup_ccs.obj   12      620       0      
       main.obj                       168     0         0      
    +--+------------------------------+-------+---------+---------+
       Total:                         5674    624       0      
                                                               
    ./Tivaware_Dep/utils/
       uartstdio.obj                  1244    46        5      
    +--+------------------------------+-------+---------+---------+
       Total:                         1244    46        5      
                                                               
    ./general_timer/
       general_timer.obj              526     93        1      
    +--+------------------------------+-------+---------+---------+
       Total:                         526     93        1      
                                                               
    ../Tivaware_Dep/driverlib/ccs/Debug/driverlib.lib
       sysctl.obj                     638     108       0      
       gpio.obj                       408     0         0      
       timer.obj                      138     0         0      
       uart.obj                       6       0         0      
    +--+------------------------------+-------+---------+---------+
       Total:                         1190    108       0      
                                                               
    /home/kd/ti/ccsv8/tools/compiler/ti-cgt-arm_18.1.3.LTS/lib/rtsv7M4_T_le_v4SPD16_eabi.lib
       memory.c.obj                   492     0         12     
       defs.c.obj                     0       0         416    
       trgmsg.c.obj                   108     0         288    
       fd_div_t2.asm.obj              310     0         0      
       fputs.c.obj                    276     0         0      
       ctype.c.obj                    0       257       0      
       fd_mul_t2.asm.obj              252     0         0      
       write.c.obj                    40      0         200    
       setvbuf.c.obj                  220     0         0      
       fflush.c.obj                   200     0         0      
       memcpy_t2.asm.obj              156     0         0      
       fd_cmp_t2.asm.obj              134     0         0      
       memset_t2.asm.obj              122     0         0      
       fclose.c.obj                   116     0         0      
       getdevice.c.obj                116     0         0      
       copy_decompress_lzss.c.obj     104     0         0      
       hostlseek.c.obj                104     0         0      
       hostopen.c.obj                 96      0         8      
       hostrename.c.obj               104     0         0      
       fseek.c.obj                    100     0         0      
       _io_perm.c.obj                 98      0         0      
       close.c.obj                    92      0         0      
       fd_toull_t2.asm.obj            92      0         0      
       exit.c.obj                     76      0         12     
       hostread.c.obj                 88      0         0      
       hostwrite.c.obj                88      0         0      
       autoinit.c.obj                 68      0         0      
       hostclose.c.obj                68      0         0      
       hostunlink.c.obj               68      0         0      
       u_divt2.asm.obj                64      0         0      
       boot_cortex_m.c.obj            56      0         0      
       strncpy.c.obj                  54      0         0      
       fopen.c.obj                    52      0         0      
       ull_tofd_t2.asm.obj            44      0         0      
       unlink.c.obj                   44      0         0      
       lseek.c.obj                    40      0         0      
       memchr.c.obj                   32      0         0      
       u_tofd_t2.asm.obj              32      0         0      
       assert.c.obj                   28      0         0      
       strcmp.c.obj                   24      0         0      
       strchr.c.obj                   22      0         0      
       strcpy.c.obj                   20      0         0      
       strlen.c.obj                   20      0         0      
       copy_zero_init.c.obj           18      0         0      
       isalpha.c.obj                  16      0         0      
       isspace.c.obj                  16      0         0      
       copy_decompress_none.c.obj     14      0         0      
       _lock.c.obj                    2       0         8      
       pre_init.c.obj                 4       0         0      
       div0.asm.obj                   2       0         0      
    +--+------------------------------+-------+---------+---------+
       Total:                         4392    257       944    
                                                               
       Heap:                          0       0         8      
       Stack:                         0       0         2048   
       Linker Generated:              0       148       0      
    +--+------------------------------+-------+---------+---------+
       Grand Total:                   13026   1276      3006   


LINKER GENERATED COPY TABLES

__TI_cinit_table @ 000037e8 records: 2, size/record: 8, table size: 16
	.data: load addr=00003760, load size=00000070 bytes, run addr=20000800, run size=000001ee bytes, compression=lzss
	.bss: load addr=000037e0, load size=00000008 bytes, run addr=200009f0, run size=000001c8 bytes, compression=zero_init


LINKER GENERATED HANDLER TABLE

__TI_handler_table @ 000037d0 records: 3, size/record: 4, table size: 12
	index: 0, handler: __TI_decompress_lzss
	index: 1, handler: __TI_decompress_none
	index: 2, handler: __TI_zero_init


GLOBAL SYMBOLS: SORTED ALPHABETICALLY BY Name 

address   name                                                           
-------   ----                                                           
00003553  C$$EXIT                                                        
00003143  C$$IO$$                                                        
000032c1  GPIODirModeSet                                                 
00001f9f  GPIOPadConfigSet                                               
00003531  GPIOPinRead                                                    
0000346d  GPIOPinTypeGPIOInput                                           
0000343d  GPIOPinTypeGPIOOutput                                          
00003537  GPIOPinWrite                                                   
00002f0d  HOSTclose                                                      
00002a51  HOSTlseek                                                      
00002c51  HOSTopen                                                       
00002dc9  HOSTread                                                       
00002ab9  HOSTrename                                                     
00002f51  HOSTunlink                                                     
00002e21  HOSTwrite                                                      
00003525  ResetISR                                                       
000020d1  SysCtlClockGet                                                 
000023f9  SysCtlClockSet                                                 
0000353d  SysCtlDelay                                                    
000031f5  SysCtlPeripheralEnable                                         
000030dd  SysCtlPeripheralReady                                          
00002cb1  TimerConfigure                                                 
00003509  TimerEnable                                                    
00003543  TimerLoadSet64                                                 
00003483  TimerValueGet64                                                
00003549  UARTClockSourceSet                                             
000017e5  UARTStdioConfig                                                
0000195d  UARTgetc                                                       
00001897  UARTgets                                                       
00001c8b  UARTprintf                                                     
00001991  UARTvprintf                                                    
00001845  UARTwrite                                                      
00001d4d  _ZN12GeneralTimer10startTimerERy                               
000033bd  _ZN12GeneralTimer10tickToTimeERKy                              
00002f95  _ZN12GeneralTimer10timeToTickERKy                              
00001cc1  _ZN12GeneralTimer12getTimeStampEjj                             
200009ed  _ZN12GeneralTimer13_isConfiguredE                              
00001dd7  _ZN12GeneralTimer4waitERKy                                     
00001d65  _ZN12GeneralTimer9stopTimerERKy                                
00001cd7  _ZN12GeneralTimerC1E9TimerUnit                                 
00001cd7  _ZN12GeneralTimerC2E9TimerUnit                                 
00000f35  _ZN9lcddriver9LcdDriver11comMaintainERKb                       
00000fb9  _ZN9lcddriver9LcdDriver11configWriteEv                         
0000129b  _ZN9lcddriver9LcdDriver11ramDataReadEPhRKjRKh                  
00001539  _ZN9lcddriver9LcdDriver12displayWriteEPKc                      
000005d1  _ZN9lcddriver9LcdDriver12pinDescCheckEPj                       
000005b9  _ZN9lcddriver9LcdDriver12pinPadConfigEPKj                      
000011d9  _ZN9lcddriver9LcdDriver12ramDataWriteEPKc                      
0000167d  _ZN9lcddriver9LcdDriver13backLedSwitchERKb                     
000010f1  _ZN9lcddriver9LcdDriver13beginSeqWriteEv                       
00001069  _ZN9lcddriver9LcdDriver13comModeSwitchERKb                     
0000161b  _ZN9lcddriver9LcdDriver13displayAppendEPKc                     
00000541  _ZN9lcddriver9LcdDriver13pinModeSwitchEPKjRKb                  
00001185  _ZN9lcddriver9LcdDriver14getAddrCounterEv                      
00000fa5  _ZN9lcddriver9LcdDriver14registerSelectERKb                    
0000107d  _ZN9lcddriver9LcdDriver15startupSeqWriteEv                     
0000026d  _ZN9lcddriver9LcdDriver16parallelDataReadERKbPhRKj             
000003c5  _ZN9lcddriver9LcdDriver17parallelDataWriteEPKjRS1_RKb          
0000050d  _ZN9lcddriver9LcdDriver18parallelModeSwitchERKb                
0000119d  _ZN9lcddriver9LcdDriver19instructionDataReadEv                 
00000aa3  _ZN9lcddriver9LcdDriver20createDisplayCommandERKbS2_S2_        
00001627  _ZN9lcddriver9LcdDriver20cursorPositionChangeERKjS2_           
000007a5  _ZN9lcddriver9LcdDriver22createEntryModeCommandERKbS2_         
00000e13  _ZN9lcddriver9LcdDriver24createFunctionSetCommandERKbS2_S2_    
00000e5b  _ZN9lcddriver9LcdDriver31createCursorDisplayShiftCommandERKbS2_
0000131f  _ZN9lcddriver9LcdDriver4initEv                                 
00001465  _ZN9lcddriver9LcdDriver6enableEv                               
0000116f  _ZN9lcddriver9LcdDriver6isBusyEv                               
00000ef7  _ZN9lcddriver9LcdDriver7comStopEv                              
0000059d  _ZN9lcddriver9LcdDriver7pinReadEPKj                            
00000e95  _ZN9lcddriver9LcdDriver8comSetupERKbS2_                        
0000056b  _ZN9lcddriver9LcdDriver8pinWriteEPKjRKb                        
00001055  _ZN9lcddriver9LcdDriver9comSwitchERKb                          
000012f7  _ZN9lcddriver9LcdDriverC1ERKNS_9LcdConfigE                     
000012f7  _ZN9lcddriver9LcdDriverC2ERKNS_9LcdConfigE                     
000036c8  _ZZN12GeneralTimer10timeToTickERKyEs                           
200009f0  __CIOBUF_                                                      
20000800  __STACK_END                                                    
00000800  __STACK_SIZE                                                   
20000200  __STACK_TOP                                                    
00000008  __SYSMEM_SIZE                                                  
000037e8  __TI_CINIT_Base                                                
000037f8  __TI_CINIT_Limit                                               
000037d0  __TI_Handler_Table_Base                                        
000037dc  __TI_Handler_Table_Limit                                       
00002fd9  __TI_auto_init_nobinit_nopinit                                 
00003229  __TI_cleanup                                                   
200009c8  __TI_cleanup_ptr                                               
000029dd  __TI_closefile                                                 
00002b21  __TI_decompress_lzss                                           
00003517  __TI_decompress_none                                           
00002e79  __TI_doflush                                                   
200009cc  __TI_dtors_ptr                                                 
200009d0  __TI_enable_exit_profile_output                                
200009b8  __TI_ft_end                                                    
ffffffff  __TI_pprof_out_hndl                                            
ffffffff  __TI_prof_data_size                                            
ffffffff  __TI_prof_data_start                                           
0000325d  __TI_readmsg                                                   
00000000  __TI_static_base__                                             
20000b10  __TI_tmpnams                                                   
00003115  __TI_writemsg                                                  
00002bed  __TI_wrt_ok                                                    
000034d7  __TI_zero_init_nomemset                                        
000027e5  __aeabi_cdcmpeq                                                
000027e5  __aeabi_cdcmple                                                
00002d6d  __aeabi_d2ulz                                                  
00001e69  __aeabi_ddiv                                                   
000022fd  __aeabi_dmul                                                   
0000286b  __aeabi_idiv0                                                  
0000286b  __aeabi_ldiv0                                                  
000028e9  __aeabi_memclr                                                 
000028e9  __aeabi_memclr4                                                
000028e9  __aeabi_memclr8                                                
00002749  __aeabi_memcpy                                                 
00002749  __aeabi_memcpy4                                                
00002749  __aeabi_memcpy8                                                
000028eb  __aeabi_memset                                                 
000028eb  __aeabi_memset4                                                
000028eb  __aeabi_memset8                                                
200009c4  __aeabi_stderr                                                 
200009bc  __aeabi_stdin                                                  
200009c0  __aeabi_stdout                                                 
000033ff  __aeabi_ui2d                                                   
00003061  __aeabi_uidiv                                                  
00003061  __aeabi_uidivmod                                               
000032ed  __aeabi_ul2d                                                   
ffffffff  __binit__                                                      
ffffffff  __c_args__                                                     
UNDEFED   __mpu_init                                                     
20000000  __stack                                                        
00003421  _abort_msg                                                     
0000314d  _c_int00_noargs                                                
00003558  _ctypes_                                                       
200008f0  _device                                                        
20000800  _ftable                                                        
200009e0  _lock                                                          
00000e93  _nop                                                           
20000968  _stream                                                        
20000bb8  _sys_memory                                                    
UNDEFED   _system_post_cinit                                             
0000354f  _system_pre_init                                               
200009e4  _unlock                                                        
00003553  abort                                                          
ffffffff  binit                                                          
00002d11  close                                                          
00002ec5  exit                                                           
0000286d  fflush                                                         
00003291  finddevice                                                     
000021e9  fputs                                                          
000025c9  free                                                           
00002b89  fseek                                                          
00000000  g_pfnVectors                                                   
0000301d  getdevice                                                      
000034e9  isalpha                                                        
000034f9  isspace                                                        
00003345  lseek                                                          
000026a1  main                                                           
00002965  malloc                                                         
000033df  memchr                                                         
00002749  memcpy                                                         
000028f1  memset                                                         
00003185  minit                                                          
20000bb0  parmbuf                                                        
00003319  remove                                                         
000024ed  setvbuf                                                        
00003499  strchr                                                         
00003455  strcmp                                                         
000034af  strcpy                                                         
000034c3  strlen                                                         
000031bd  strncpy                                                        
00003319  unlink                                                         
00003395  write                                                          


GLOBAL SYMBOLS: SORTED BY Symbol Address 

address   name                                                           
-------   ----                                                           
00000000  __TI_static_base__                                             
00000000  g_pfnVectors                                                   
00000008  __SYSMEM_SIZE                                                  
0000026d  _ZN9lcddriver9LcdDriver16parallelDataReadERKbPhRKj             
000003c5  _ZN9lcddriver9LcdDriver17parallelDataWriteEPKjRS1_RKb          
0000050d  _ZN9lcddriver9LcdDriver18parallelModeSwitchERKb                
00000541  _ZN9lcddriver9LcdDriver13pinModeSwitchEPKjRKb                  
0000056b  _ZN9lcddriver9LcdDriver8pinWriteEPKjRKb                        
0000059d  _ZN9lcddriver9LcdDriver7pinReadEPKj                            
000005b9  _ZN9lcddriver9LcdDriver12pinPadConfigEPKj                      
000005d1  _ZN9lcddriver9LcdDriver12pinDescCheckEPj                       
000007a5  _ZN9lcddriver9LcdDriver22createEntryModeCommandERKbS2_         
00000800  __STACK_SIZE                                                   
00000aa3  _ZN9lcddriver9LcdDriver20createDisplayCommandERKbS2_S2_        
00000e13  _ZN9lcddriver9LcdDriver24createFunctionSetCommandERKbS2_S2_    
00000e5b  _ZN9lcddriver9LcdDriver31createCursorDisplayShiftCommandERKbS2_
00000e93  _nop                                                           
00000e95  _ZN9lcddriver9LcdDriver8comSetupERKbS2_                        
00000ef7  _ZN9lcddriver9LcdDriver7comStopEv                              
00000f35  _ZN9lcddriver9LcdDriver11comMaintainERKb                       
00000fa5  _ZN9lcddriver9LcdDriver14registerSelectERKb                    
00000fb9  _ZN9lcddriver9LcdDriver11configWriteEv                         
00001055  _ZN9lcddriver9LcdDriver9comSwitchERKb                          
00001069  _ZN9lcddriver9LcdDriver13comModeSwitchERKb                     
0000107d  _ZN9lcddriver9LcdDriver15startupSeqWriteEv                     
000010f1  _ZN9lcddriver9LcdDriver13beginSeqWriteEv                       
0000116f  _ZN9lcddriver9LcdDriver6isBusyEv                               
00001185  _ZN9lcddriver9LcdDriver14getAddrCounterEv                      
0000119d  _ZN9lcddriver9LcdDriver19instructionDataReadEv                 
000011d9  _ZN9lcddriver9LcdDriver12ramDataWriteEPKc                      
0000129b  _ZN9lcddriver9LcdDriver11ramDataReadEPhRKjRKh                  
000012f7  _ZN9lcddriver9LcdDriverC1ERKNS_9LcdConfigE                     
000012f7  _ZN9lcddriver9LcdDriverC2ERKNS_9LcdConfigE                     
0000131f  _ZN9lcddriver9LcdDriver4initEv                                 
00001465  _ZN9lcddriver9LcdDriver6enableEv                               
00001539  _ZN9lcddriver9LcdDriver12displayWriteEPKc                      
0000161b  _ZN9lcddriver9LcdDriver13displayAppendEPKc                     
00001627  _ZN9lcddriver9LcdDriver20cursorPositionChangeERKjS2_           
0000167d  _ZN9lcddriver9LcdDriver13backLedSwitchERKb                     
000017e5  UARTStdioConfig                                                
00001845  UARTwrite                                                      
00001897  UARTgets                                                       
0000195d  UARTgetc                                                       
00001991  UARTvprintf                                                    
00001c8b  UARTprintf                                                     
00001cc1  _ZN12GeneralTimer12getTimeStampEjj                             
00001cd7  _ZN12GeneralTimerC1E9TimerUnit                                 
00001cd7  _ZN12GeneralTimerC2E9TimerUnit                                 
00001d4d  _ZN12GeneralTimer10startTimerERy                               
00001d65  _ZN12GeneralTimer9stopTimerERKy                                
00001dd7  _ZN12GeneralTimer4waitERKy                                     
00001e69  __aeabi_ddiv                                                   
00001f9f  GPIOPadConfigSet                                               
000020d1  SysCtlClockGet                                                 
000021e9  fputs                                                          
000022fd  __aeabi_dmul                                                   
000023f9  SysCtlClockSet                                                 
000024ed  setvbuf                                                        
000025c9  free                                                           
000026a1  main                                                           
00002749  __aeabi_memcpy                                                 
00002749  __aeabi_memcpy4                                                
00002749  __aeabi_memcpy8                                                
00002749  memcpy                                                         
000027e5  __aeabi_cdcmpeq                                                
000027e5  __aeabi_cdcmple                                                
0000286b  __aeabi_idiv0                                                  
0000286b  __aeabi_ldiv0                                                  
0000286d  fflush                                                         
000028e9  __aeabi_memclr                                                 
000028e9  __aeabi_memclr4                                                
000028e9  __aeabi_memclr8                                                
000028eb  __aeabi_memset                                                 
000028eb  __aeabi_memset4                                                
000028eb  __aeabi_memset8                                                
000028f1  memset                                                         
00002965  malloc                                                         
000029dd  __TI_closefile                                                 
00002a51  HOSTlseek                                                      
00002ab9  HOSTrename                                                     
00002b21  __TI_decompress_lzss                                           
00002b89  fseek                                                          
00002bed  __TI_wrt_ok                                                    
00002c51  HOSTopen                                                       
00002cb1  TimerConfigure                                                 
00002d11  close                                                          
00002d6d  __aeabi_d2ulz                                                  
00002dc9  HOSTread                                                       
00002e21  HOSTwrite                                                      
00002e79  __TI_doflush                                                   
00002ec5  exit                                                           
00002f0d  HOSTclose                                                      
00002f51  HOSTunlink                                                     
00002f95  _ZN12GeneralTimer10timeToTickERKy                              
00002fd9  __TI_auto_init_nobinit_nopinit                                 
0000301d  getdevice                                                      
00003061  __aeabi_uidiv                                                  
00003061  __aeabi_uidivmod                                               
000030dd  SysCtlPeripheralReady                                          
00003115  __TI_writemsg                                                  
00003143  C$$IO$$                                                        
0000314d  _c_int00_noargs                                                
00003185  minit                                                          
000031bd  strncpy                                                        
000031f5  SysCtlPeripheralEnable                                         
00003229  __TI_cleanup                                                   
0000325d  __TI_readmsg                                                   
00003291  finddevice                                                     
000032c1  GPIODirModeSet                                                 
000032ed  __aeabi_ul2d                                                   
00003319  remove                                                         
00003319  unlink                                                         
00003345  lseek                                                          
00003395  write                                                          
000033bd  _ZN12GeneralTimer10tickToTimeERKy                              
000033df  memchr                                                         
000033ff  __aeabi_ui2d                                                   
00003421  _abort_msg                                                     
0000343d  GPIOPinTypeGPIOOutput                                          
00003455  strcmp                                                         
0000346d  GPIOPinTypeGPIOInput                                           
00003483  TimerValueGet64                                                
00003499  strchr                                                         
000034af  strcpy                                                         
000034c3  strlen                                                         
000034d7  __TI_zero_init_nomemset                                        
000034e9  isalpha                                                        
000034f9  isspace                                                        
00003509  TimerEnable                                                    
00003517  __TI_decompress_none                                           
00003525  ResetISR                                                       
00003531  GPIOPinRead                                                    
00003537  GPIOPinWrite                                                   
0000353d  SysCtlDelay                                                    
00003543  TimerLoadSet64                                                 
00003549  UARTClockSourceSet                                             
0000354f  _system_pre_init                                               
00003553  C$$EXIT                                                        
00003553  abort                                                          
00003558  _ctypes_                                                       
000036c8  _ZZN12GeneralTimer10timeToTickERKyEs                           
000037d0  __TI_Handler_Table_Base                                        
000037dc  __TI_Handler_Table_Limit                                       
000037e8  __TI_CINIT_Base                                                
000037f8  __TI_CINIT_Limit                                               
20000000  __stack                                                        
20000200  __STACK_TOP                                                    
20000800  __STACK_END                                                    
20000800  _ftable                                                        
200008f0  _device                                                        
20000968  _stream                                                        
200009b8  __TI_ft_end                                                    
200009bc  __aeabi_stdin                                                  
200009c0  __aeabi_stdout                                                 
200009c4  __aeabi_stderr                                                 
200009c8  __TI_cleanup_ptr                                               
200009cc  __TI_dtors_ptr                                                 
200009d0  __TI_enable_exit_profile_output                                
200009e0  _lock                                                          
200009e4  _unlock                                                        
200009ed  _ZN12GeneralTimer13_isConfiguredE                              
200009f0  __CIOBUF_                                                      
20000b10  __TI_tmpnams                                                   
20000bb0  parmbuf                                                        
20000bb8  _sys_memory                                                    
ffffffff  __TI_pprof_out_hndl                                            
ffffffff  __TI_prof_data_size                                            
ffffffff  __TI_prof_data_start                                           
ffffffff  __binit__                                                      
ffffffff  __c_args__                                                     
ffffffff  binit                                                          
UNDEFED   __mpu_init                                                     
UNDEFED   _system_post_cinit                                             

[173 symbols]
