******************************************************************************
                  TI ARM Linker Unix v18.1.3                   
******************************************************************************
>> Linked Sat Sep 22 23:36:10 2018

OUTPUT FILE NAME:   <lcd_tiva.out>
ENTRY POINT SYMBOL: "_c_int00_noargs"  address: 00002f05


MEMORY CONFIGURATION

         name            origin    length      used     unused   attr    fill
----------------------  --------  ---------  --------  --------  ----  --------
  FLASH                 00000000   00040000  00003585  0003ca7b  R  X
  SRAM                  20000000   00008000  00000bb9  00007447  RW X


SEGMENT ALLOCATION MAP

run origin  load origin   length   init length attrs members
----------  ----------- ---------- ----------- ----- -------
00000000    00000000    00003588   00003588    r-x
  00000000    00000000    0000026c   0000026c    r-- .intvecs
  0000026c    0000026c    0000309c   0000309c    r-x .text
  00003308    00003308    000001e5   000001e5    r-- .const
  000034f0    000034f0    00000098   00000098    r-- .cinit
20000000    20000000    00000bc0   00000000    rw-
  20000000    20000000    00000800   00000000    rw- .stack
  20000800    20000800    000001e9   00000000    rw- .data
  200009ec    200009ec    000001c8   00000000    rw- .bss
  20000bb8    20000bb8    00000008   00000000    rw- .sysmem


SECTION ALLOCATION MAP

 output                                  attributes/
section   page    origin      length       input sections
--------  ----  ----------  ----------   ----------------
.intvecs   0    00000000    0000026c     
                  00000000    0000026c     tm4c123gh6pm_startup_ccs.obj (.intvecs)

.text      0    0000026c    0000309c     
                  0000026c    00000ce2     lcd_utils.obj (.text)
                  00000f4e    00000002     rtsv7M4_T_le_v4SPD16_eabi.lib : _lock.c.obj (.text:_nop)
                  00000f50    00000aca     lcd_driver.obj (.text)
                  00001a1a    00000002     --HOLE-- [fill = 0]
                  00001a1c    000001a8     general_timer.obj (.text)
                  00001bc4    00000144     main.obj (.text)
                  00001d08    00000136     rtsv7M4_T_le_v4SPD16_eabi.lib : fd_div_t2.asm.obj (.text)
                  00001e3e    00000132     driverlib.lib : gpio.obj (.text:GPIOPadConfigSet)
                  00001f70    00000118                   : sysctl.obj (.text:SysCtlClockGet)
                  00002088    00000114     rtsv7M4_T_le_v4SPD16_eabi.lib : fputs.c.obj (.text:fputs)
                  0000219c    000000fc                                   : fd_mul_t2.asm.obj (.text)
                  00002298    000000f4     driverlib.lib : sysctl.obj (.text:SysCtlClockSet)
                  0000238c    000000dc     rtsv7M4_T_le_v4SPD16_eabi.lib : setvbuf.c.obj (.text:setvbuf)
                  00002468    000000d8                                   : memory.c.obj (.text:free)
                  00002540    0000009c                                   : memcpy_t2.asm.obj (.text)
                  000025dc    00000086                                   : fd_cmp_t2.asm.obj (.text:__aeabi_cdcmple)
                  00002662    00000002     --HOLE-- [fill = 0]
                  00002664    0000007c                                   : fflush.c.obj (.text:fflush)
                  000026e0    0000007a                                   : memset_t2.asm.obj (.text)
                  0000275a    00000002     --HOLE-- [fill = 0]
                  0000275c    00000078                                   : memory.c.obj (.text:malloc)
                  000027d4    00000074                                   : fclose.c.obj (.text:__TI_closefile)
                  00002848    00000068                                   : hostlseek.c.obj (.text:HOSTlseek)
                  000028b0    00000068                                   : hostrename.c.obj (.text:HOSTrename)
                  00002918    00000068                                   : copy_decompress_lzss.c.obj (.text:decompress:lzss:__TI_decompress_lzss)
                  00002980    00000064                                   : fseek.c.obj (.text:fseek)
                  000029e4    00000062                                   : _io_perm.c.obj (.text:__TI_wrt_ok)
                  00002a46    00000002     --HOLE-- [fill = 0]
                  00002a48    00000060                                   : hostopen.c.obj (.text:HOSTopen)
                  00002aa8    00000060     driverlib.lib : timer.obj (.text:TimerConfigure)
                  00002b08    0000005c     rtsv7M4_T_le_v4SPD16_eabi.lib : close.c.obj (.text:close)
                  00002b64    0000005c                                   : fd_toull_t2.asm.obj (.text)
                  00002bc0    00000058                                   : hostread.c.obj (.text:HOSTread)
                  00002c18    00000058                                   : hostwrite.c.obj (.text:HOSTwrite)
                  00002c70    0000004c                                   : fflush.c.obj (.text:__TI_doflush)
                  00002cbc    00000048                                   : exit.c.obj (.text:exit)
                  00002d04    00000044                                   : hostclose.c.obj (.text:HOSTclose)
                  00002d48    00000044                                   : hostunlink.c.obj (.text:HOSTunlink)
                  00002d8c    00000044     general_timer.obj (.text:_ZN12GeneralTimer10timeToTickERKy)
                  00002dd0    00000044     rtsv7M4_T_le_v4SPD16_eabi.lib : autoinit.c.obj (.text:__TI_auto_init_nobinit_nopinit:__TI_auto_init_nobinit_nopinit)
                  00002e14    00000044                                   : getdevice.c.obj (.text:getdevice)
                  00002e58    0000003c                                   : memory.c.obj (.text:minsert)
                  00002e94    00000038     driverlib.lib : sysctl.obj (.text:SysCtlPeripheralReady)
                  00002ecc    00000038     rtsv7M4_T_le_v4SPD16_eabi.lib : trgmsg.c.obj (.text:__TI_writemsg)
                  00002f04    00000038                                   : boot_cortex_m.c.obj (.text:_c_int00_noargs:_c_int00_noargs)
                  00002f3c    00000038                                   : memory.c.obj (.text:minit)
                  00002f74    00000036                                   : strncpy.c.obj (.text:strncpy)
                  00002faa    00000002     --HOLE-- [fill = 0]
                  00002fac    00000034     driverlib.lib : sysctl.obj (.text:SysCtlPeripheralEnable)
                  00002fe0    00000034     rtsv7M4_T_le_v4SPD16_eabi.lib : fopen.c.obj (.text:__TI_cleanup)
                  00003014    00000034                                   : trgmsg.c.obj (.text:__TI_readmsg)
                  00003048    00000030                                   : getdevice.c.obj (.text:finddevice)
                  00003078    0000002c     driverlib.lib : gpio.obj (.text:GPIODirModeSet)
                  000030a4    0000002c     rtsv7M4_T_le_v4SPD16_eabi.lib : ull_tofd_t2.asm.obj (.text)
                  000030d0    0000002c                                   : unlink.c.obj (.text:unlink)
                  000030fc    00000028                                   : lseek.c.obj (.text:lseek)
                  00003124    00000028                                   : memory.c.obj (.text:mremove)
                  0000314c    00000028                                   : write.c.obj (.text:write)
                  00003174    00000022     general_timer.obj (.text:_ZN12GeneralTimer10tickToTimeERKy)
                  00003196    00000020     rtsv7M4_T_le_v4SPD16_eabi.lib : memchr.c.obj (.text:memchr)
                  000031b6    00000020                                   : u_tofd_t2.asm.obj (.text)
                  000031d6    00000002     --HOLE-- [fill = 0]
                  000031d8    0000001c                                   : assert.c.obj (.text:_abort_msg)
                  000031f4    00000018     driverlib.lib : gpio.obj (.text:GPIOPinTypeGPIOOutput)
                  0000320c    00000018     rtsv7M4_T_le_v4SPD16_eabi.lib : strcmp.c.obj (.text:strcmp)
                  00003224    00000016     driverlib.lib : gpio.obj (.text:GPIOPinTypeGPIOInput)
                  0000323a    00000016                   : timer.obj (.text:TimerValueGet64)
                  00003250    00000016     rtsv7M4_T_le_v4SPD16_eabi.lib : strchr.c.obj (.text:strchr)
                  00003266    00000014                                   : strcpy.c.obj (.text:strcpy)
                  0000327a    00000014                                   : strlen.c.obj (.text:strlen)
                  0000328e    00000012                                   : copy_zero_init.c.obj (.text:decompress:ZI:__TI_zero_init_nomemset:__TI_zero_init_nomemset)
                  000032a0    00000010                                   : isdigit.c.obj (.text:isdigit)
                  000032b0    00000010                                   : isspace.c.obj (.text:isspace)
                  000032c0    0000000e     driverlib.lib : timer.obj (.text:TimerEnable)
                  000032ce    0000000e     rtsv7M4_T_le_v4SPD16_eabi.lib : copy_decompress_none.c.obj (.text:decompress:none:__TI_decompress_none)
                  000032dc    0000000c     tm4c123gh6pm_startup_ccs.obj (.text)
                  000032e8    00000006     driverlib.lib : gpio.obj (.text:GPIOPinRead)
                  000032ee    00000006                   : gpio.obj (.text:GPIOPinWrite)
                  000032f4    00000006                   : sysctl.obj (.text:SysCtlDelay)
                  000032fa    00000006                   : timer.obj (.text:TimerLoadSet64)
                  00003300    00000004     rtsv7M4_T_le_v4SPD16_eabi.lib : pre_init.c.obj (.text:_system_pre_init)
                  00003304    00000004                                   : exit.c.obj (.text:abort:abort)

.const     0    00003308    000001e5     
                  00003308    00000101     rtsv7M4_T_le_v4SPD16_eabi.lib : ctype.c.obj (.const:.string:_ctypes_)
                  00003409    00000003     --HOLE-- [fill = 0]
                  0000340c    0000006c     driverlib.lib : sysctl.obj (.const:g_pui32Xtals)
                  00003478    0000005d     general_timer.obj (.const:.string:_ZZN12GeneralTimer10timeToTickERKyEs)
                  000034d5    00000008     main.obj (.const:.string:$P$T1$1)
                  000034dd    00000008     main.obj (.const:.string:$P$T2$2)
                  000034e5    00000008     main.obj (.const:.string:$P$T3$3)

.cinit     0    000034f0    00000098     
                  000034f0    0000006f     (.cinit..data.load) [load image, compression = lzss]
                  0000355f    00000001     --HOLE-- [fill = 0]
                  00003560    0000000c     (__TI_handler_table)
                  0000356c    00000004     --HOLE-- [fill = 0]
                  00003570    00000008     (.cinit..bss.load) [load image, compression = zero_init]
                  00003578    00000010     (__TI_cinit_table)

.init_array 
*          0    00000000    00000000     UNINITIALIZED

.stack     0    20000000    00000800     UNINITIALIZED
                  20000000    00000004     rtsv7M4_T_le_v4SPD16_eabi.lib : boot_cortex_m.c.obj (.stack)
                  20000004    000007fc     --HOLE--

.data      0    20000800    000001e9     UNINITIALIZED
                  20000800    000000f0     rtsv7M4_T_le_v4SPD16_eabi.lib : defs.c.obj (.data:_ftable)
                  200008f0    00000078                                   : write.c.obj (.data:_device)
                  20000968    00000050                                   : write.c.obj (.data:_stream)
                  200009b8    00000010                                   : defs.c.obj (.data)
                  200009c8    0000000c                                   : exit.c.obj (.data:$O1$$)
                  200009d4    0000000c                                   : memory.c.obj (.data:$O1$$)
                  200009e0    00000008                                   : _lock.c.obj (.data:$O1$$)
                  200009e8    00000001     general_timer.obj (.data)

.bss       0    200009ec    000001c8     UNINITIALIZED
                  200009ec    00000120     rtsv7M4_T_le_v4SPD16_eabi.lib : trgmsg.c.obj (.bss:_CIOBUF_)
                  20000b0c    000000a0     (.common:__TI_tmpnams)
                  20000bac    00000008     (.common:parmbuf)

.sysmem    0    20000bb8    00000008     UNINITIALIZED
                  20000bb8    00000008     rtsv7M4_T_le_v4SPD16_eabi.lib : memory.c.obj (.sysmem)

MODULE SUMMARY

       Module                         code    ro data   rw data
       ------                         ----    -------   -------
    ./
       tm4c123gh6pm_startup_ccs.obj   12      620       0      
    +--+------------------------------+-------+---------+---------+
       Total:                         12      620       0      
                                                               
    ./general_timer/
       general_timer.obj              526     93        1      
    +--+------------------------------+-------+---------+---------+
       Total:                         526     93        1      
                                                               
    ./src/
       lcd_utils.obj                  3298    0         0      
       lcd_driver.obj                 2762    0         0      
       main.obj                       324     24        0      
    +--+------------------------------+-------+---------+---------+
       Total:                         6384    24        0      
                                                               
    ../Tivaware_Dep/driverlib/ccs/Debug/driverlib.lib
       sysctl.obj                     638     108       0      
       gpio.obj                       408     0         0      
       timer.obj                      138     0         0      
    +--+------------------------------+-------+---------+---------+
       Total:                         1184    108       0      
                                                               
    /home/kd/ti/ccsv8/tools/compiler/ti-cgt-arm_18.1.3.LTS/lib/rtsv7M4_T_le_v4SPD16_eabi.lib
       memory.c.obj                   492     0         12     
       defs.c.obj                     0       0         416    
       trgmsg.c.obj                   108     0         288    
       fd_div_t2.asm.obj              310     0         0      
       fputs.c.obj                    276     0         0      
       ctype.c.obj                    0       257       0      
       fd_mul_t2.asm.obj              252     0         0      
       write.c.obj                    40      0         200    
       setvbuf.c.obj                  220     0         0      
       fflush.c.obj                   200     0         0      
       memcpy_t2.asm.obj              156     0         0      
       fd_cmp_t2.asm.obj              134     0         0      
       memset_t2.asm.obj              122     0         0      
       fclose.c.obj                   116     0         0      
       getdevice.c.obj                116     0         0      
       copy_decompress_lzss.c.obj     104     0         0      
       hostlseek.c.obj                104     0         0      
       hostopen.c.obj                 96      0         8      
       hostrename.c.obj               104     0         0      
       fseek.c.obj                    100     0         0      
       _io_perm.c.obj                 98      0         0      
       close.c.obj                    92      0         0      
       fd_toull_t2.asm.obj            92      0         0      
       exit.c.obj                     76      0         12     
       hostread.c.obj                 88      0         0      
       hostwrite.c.obj                88      0         0      
       autoinit.c.obj                 68      0         0      
       hostclose.c.obj                68      0         0      
       hostunlink.c.obj               68      0         0      
       boot_cortex_m.c.obj            56      0         0      
       strncpy.c.obj                  54      0         0      
       fopen.c.obj                    52      0         0      
       ull_tofd_t2.asm.obj            44      0         0      
       unlink.c.obj                   44      0         0      
       lseek.c.obj                    40      0         0      
       memchr.c.obj                   32      0         0      
       u_tofd_t2.asm.obj              32      0         0      
       assert.c.obj                   28      0         0      
       strcmp.c.obj                   24      0         0      
       strchr.c.obj                   22      0         0      
       strcpy.c.obj                   20      0         0      
       strlen.c.obj                   20      0         0      
       copy_zero_init.c.obj           18      0         0      
       isdigit.c.obj                  16      0         0      
       isspace.c.obj                  16      0         0      
       copy_decompress_none.c.obj     14      0         0      
       _lock.c.obj                    2       0         8      
       pre_init.c.obj                 4       0         0      
    +--+------------------------------+-------+---------+---------+
       Total:                         4326    257       944    
                                                               
       Heap:                          0       0         8      
       Stack:                         0       0         2048   
       Linker Generated:              0       147       0      
    +--+------------------------------+-------+---------+---------+
       Grand Total:                   12432   1249      3001   


LINKER GENERATED COPY TABLES

__TI_cinit_table @ 00003578 records: 2, size/record: 8, table size: 16
	.data: load addr=000034f0, load size=0000006f bytes, run addr=20000800, run size=000001e9 bytes, compression=lzss
	.bss: load addr=00003570, load size=00000008 bytes, run addr=200009ec, run size=000001c8 bytes, compression=zero_init


LINKER GENERATED HANDLER TABLE

__TI_handler_table @ 00003560 records: 3, size/record: 4, table size: 12
	index: 0, handler: __TI_decompress_lzss
	index: 1, handler: __TI_decompress_none
	index: 2, handler: __TI_zero_init


GLOBAL SYMBOLS: SORTED ALPHABETICALLY BY Name 

address   name                                                           
-------   ----                                                           
00003305  C$$EXIT                                                        
00002efb  C$$IO$$                                                        
00003079  GPIODirModeSet                                                 
00001e3f  GPIOPadConfigSet                                               
000032e9  GPIOPinRead                                                    
00003225  GPIOPinTypeGPIOInput                                           
000031f5  GPIOPinTypeGPIOOutput                                          
000032ef  GPIOPinWrite                                                   
00002d05  HOSTclose                                                      
00002849  HOSTlseek                                                      
00002a49  HOSTopen                                                       
00002bc1  HOSTread                                                       
000028b1  HOSTrename                                                     
00002d49  HOSTunlink                                                     
00002c19  HOSTwrite                                                      
000032dd  ResetISR                                                       
00001f71  SysCtlClockGet                                                 
00002299  SysCtlClockSet                                                 
000032f5  SysCtlDelay                                                    
00002fad  SysCtlPeripheralEnable                                         
00002e95  SysCtlPeripheralReady                                          
00002aa9  TimerConfigure                                                 
000032c1  TimerEnable                                                    
000032fb  TimerLoadSet64                                                 
0000323b  TimerValueGet64                                                
00001aa9  _ZN12GeneralTimer10startTimerERy                               
00003175  _ZN12GeneralTimer10tickToTimeERKy                              
00002d8d  _ZN12GeneralTimer10timeToTickERKy                              
00001a1d  _ZN12GeneralTimer12getTimeStampEjj                             
200009e8  _ZN12GeneralTimer13_isConfiguredE                              
00001b33  _ZN12GeneralTimer4waitERKy                                     
00001ac1  _ZN12GeneralTimer9stopTimerERKy                                
00001a33  _ZN12GeneralTimerC1E9TimerUnit                                 
00001a33  _ZN12GeneralTimerC2E9TimerUnit                                 
00000ff1  _ZN9lcddriver9LcdDriver11comMaintainERKb                       
00001075  _ZN9lcddriver9LcdDriver11configWriteEv                         
00001311  _ZN9lcddriver9LcdDriver11ramDataReadEPhRKjRKhRKb               
0000159d  _ZN9lcddriver9LcdDriver12displayWriteEPKc                      
000005af  _ZN9lcddriver9LcdDriver12pinDescCheckEPj                       
00000597  _ZN9lcddriver9LcdDriver12pinPadConfigEPKj                      
000011f1  _ZN9lcddriver9LcdDriver12ramDataWriteEPKhjRKb                  
00001789  _ZN9lcddriver9LcdDriver13backLedSwitchERKb                     
0000113d  _ZN9lcddriver9LcdDriver13comModeSwitchERKb                     
00000a53  _ZN9lcddriver9LcdDriver13dataWrite4BitERKjRKb                  
0000168f  _ZN9lcddriver9LcdDriver13displayAppendEPKc                     
0000051f  _ZN9lcddriver9LcdDriver13pinModeSwitchEPKjRKb                  
00001167  _ZN9lcddriver9LcdDriver14addrCounterGetEv                      
00001061  _ZN9lcddriver9LcdDriver14registerSelectERKb                    
000016dd  _ZN9lcddriver9LcdDriver16newCustomCharAddEPKhRKj               
0000026d  _ZN9lcddriver9LcdDriver16parallelDataReadERKbPhRKj             
00001177  _ZN9lcddriver9LcdDriver17addrCounterChangeERKhRKb              
00000365  _ZN9lcddriver9LcdDriver17parallelDataWriteEPKhRKjRKb           
000004eb  _ZN9lcddriver9LcdDriver18parallelModeSwitchERKb                
000011ab  _ZN9lcddriver9LcdDriver19instructionDataReadEv                 
0000173d  _ZN9lcddriver9LcdDriver20cursorPositionChangeERKhS2_           
00000e4f  _ZN9lcddriver9LcdDriver20displayCommandCreateERKbS2_S2_        
00000e07  _ZN9lcddriver9LcdDriver22entryModeCommandCreateERKbS2_         
0000043f  _ZN9lcddriver9LcdDriver23parallelDataWriteSingleERKhRKb        
00000eab  _ZN9lcddriver9LcdDriver24functionSetCommandCreateERKbS2_S2_    
00000f07  _ZN9lcddriver9LcdDriver31cursorDisplayShiftCommandCreateERKbS2_
00001383  _ZN9lcddriver9LcdDriver4initEv                                 
00001515  _ZN9lcddriver9LcdDriver6enableEv                               
00000fb3  _ZN9lcddriver9LcdDriver7comStopEv                              
0000057b  _ZN9lcddriver9LcdDriver7pinReadEPKj                            
00000f51  _ZN9lcddriver9LcdDriver8comSetupERKbS2_                        
00000549  _ZN9lcddriver9LcdDriver8pinWriteEPKjRKb                        
00001129  _ZN9lcddriver9LcdDriver9comSwitchERKb                          
00001151  _ZN9lcddriver9LcdDriver9lcdIsBusyEv                            
0000135b  _ZN9lcddriver9LcdDriverC1ERKNS_9LcdConfigE                     
0000135b  _ZN9lcddriver9LcdDriverC2ERKNS_9LcdConfigE                     
00003478  _ZZN12GeneralTimer10timeToTickERKyEs                           
200009ec  __CIOBUF_                                                      
20000800  __STACK_END                                                    
00000800  __STACK_SIZE                                                   
20000200  __STACK_TOP                                                    
00000008  __SYSMEM_SIZE                                                  
00003578  __TI_CINIT_Base                                                
00003588  __TI_CINIT_Limit                                               
00003560  __TI_Handler_Table_Base                                        
0000356c  __TI_Handler_Table_Limit                                       
00002dd1  __TI_auto_init_nobinit_nopinit                                 
00002fe1  __TI_cleanup                                                   
200009c8  __TI_cleanup_ptr                                               
000027d5  __TI_closefile                                                 
00002919  __TI_decompress_lzss                                           
000032cf  __TI_decompress_none                                           
00002c71  __TI_doflush                                                   
200009cc  __TI_dtors_ptr                                                 
200009d0  __TI_enable_exit_profile_output                                
200009b8  __TI_ft_end                                                    
ffffffff  __TI_pprof_out_hndl                                            
ffffffff  __TI_prof_data_size                                            
ffffffff  __TI_prof_data_start                                           
00003015  __TI_readmsg                                                   
00000000  __TI_static_base__                                             
20000b0c  __TI_tmpnams                                                   
00002ecd  __TI_writemsg                                                  
000029e5  __TI_wrt_ok                                                    
0000328f  __TI_zero_init_nomemset                                        
000025dd  __aeabi_cdcmpeq                                                
000025dd  __aeabi_cdcmple                                                
00002b65  __aeabi_d2ulz                                                  
00001d09  __aeabi_ddiv                                                   
0000219d  __aeabi_dmul                                                   
000026e1  __aeabi_memclr                                                 
000026e1  __aeabi_memclr4                                                
000026e1  __aeabi_memclr8                                                
00002541  __aeabi_memcpy                                                 
00002541  __aeabi_memcpy4                                                
00002541  __aeabi_memcpy8                                                
000026e3  __aeabi_memset                                                 
000026e3  __aeabi_memset4                                                
000026e3  __aeabi_memset8                                                
200009c4  __aeabi_stderr                                                 
200009bc  __aeabi_stdin                                                  
200009c0  __aeabi_stdout                                                 
000031b7  __aeabi_ui2d                                                   
000030a5  __aeabi_ul2d                                                   
ffffffff  __binit__                                                      
ffffffff  __c_args__                                                     
UNDEFED   __mpu_init                                                     
20000000  __stack                                                        
000031d9  _abort_msg                                                     
00002f05  _c_int00_noargs                                                
00003308  _ctypes_                                                       
200008f0  _device                                                        
20000800  _ftable                                                        
200009e0  _lock                                                          
00000f4f  _nop                                                           
20000968  _stream                                                        
20000bb8  _sys_memory                                                    
UNDEFED   _system_post_cinit                                             
00003301  _system_pre_init                                               
200009e4  _unlock                                                        
00003305  abort                                                          
ffffffff  binit                                                          
00002b09  close                                                          
00002cbd  exit                                                           
00002665  fflush                                                         
00003049  finddevice                                                     
00002089  fputs                                                          
00002469  free                                                           
00002981  fseek                                                          
00000000  g_pfnVectors                                                   
00002e15  getdevice                                                      
000032a1  isdigit                                                        
000032b1  isspace                                                        
000030fd  lseek                                                          
00001bc5  main                                                           
0000275d  malloc                                                         
00003197  memchr                                                         
00002541  memcpy                                                         
000026e9  memset                                                         
00002f3d  minit                                                          
20000bac  parmbuf                                                        
000030d1  remove                                                         
0000238d  setvbuf                                                        
00003251  strchr                                                         
0000320d  strcmp                                                         
00003267  strcpy                                                         
0000327b  strlen                                                         
00002f75  strncpy                                                        
000030d1  unlink                                                         
0000314d  write                                                          


GLOBAL SYMBOLS: SORTED BY Symbol Address 

address   name                                                           
-------   ----                                                           
00000000  __TI_static_base__                                             
00000000  g_pfnVectors                                                   
00000008  __SYSMEM_SIZE                                                  
0000026d  _ZN9lcddriver9LcdDriver16parallelDataReadERKbPhRKj             
00000365  _ZN9lcddriver9LcdDriver17parallelDataWriteEPKhRKjRKb           
0000043f  _ZN9lcddriver9LcdDriver23parallelDataWriteSingleERKhRKb        
000004eb  _ZN9lcddriver9LcdDriver18parallelModeSwitchERKb                
0000051f  _ZN9lcddriver9LcdDriver13pinModeSwitchEPKjRKb                  
00000549  _ZN9lcddriver9LcdDriver8pinWriteEPKjRKb                        
0000057b  _ZN9lcddriver9LcdDriver7pinReadEPKj                            
00000597  _ZN9lcddriver9LcdDriver12pinPadConfigEPKj                      
000005af  _ZN9lcddriver9LcdDriver12pinDescCheckEPj                       
00000800  __STACK_SIZE                                                   
00000a53  _ZN9lcddriver9LcdDriver13dataWrite4BitERKjRKb                  
00000e07  _ZN9lcddriver9LcdDriver22entryModeCommandCreateERKbS2_         
00000e4f  _ZN9lcddriver9LcdDriver20displayCommandCreateERKbS2_S2_        
00000eab  _ZN9lcddriver9LcdDriver24functionSetCommandCreateERKbS2_S2_    
00000f07  _ZN9lcddriver9LcdDriver31cursorDisplayShiftCommandCreateERKbS2_
00000f4f  _nop                                                           
00000f51  _ZN9lcddriver9LcdDriver8comSetupERKbS2_                        
00000fb3  _ZN9lcddriver9LcdDriver7comStopEv                              
00000ff1  _ZN9lcddriver9LcdDriver11comMaintainERKb                       
00001061  _ZN9lcddriver9LcdDriver14registerSelectERKb                    
00001075  _ZN9lcddriver9LcdDriver11configWriteEv                         
00001129  _ZN9lcddriver9LcdDriver9comSwitchERKb                          
0000113d  _ZN9lcddriver9LcdDriver13comModeSwitchERKb                     
00001151  _ZN9lcddriver9LcdDriver9lcdIsBusyEv                            
00001167  _ZN9lcddriver9LcdDriver14addrCounterGetEv                      
00001177  _ZN9lcddriver9LcdDriver17addrCounterChangeERKhRKb              
000011ab  _ZN9lcddriver9LcdDriver19instructionDataReadEv                 
000011f1  _ZN9lcddriver9LcdDriver12ramDataWriteEPKhjRKb                  
00001311  _ZN9lcddriver9LcdDriver11ramDataReadEPhRKjRKhRKb               
0000135b  _ZN9lcddriver9LcdDriverC1ERKNS_9LcdConfigE                     
0000135b  _ZN9lcddriver9LcdDriverC2ERKNS_9LcdConfigE                     
00001383  _ZN9lcddriver9LcdDriver4initEv                                 
00001515  _ZN9lcddriver9LcdDriver6enableEv                               
0000159d  _ZN9lcddriver9LcdDriver12displayWriteEPKc                      
0000168f  _ZN9lcddriver9LcdDriver13displayAppendEPKc                     
000016dd  _ZN9lcddriver9LcdDriver16newCustomCharAddEPKhRKj               
0000173d  _ZN9lcddriver9LcdDriver20cursorPositionChangeERKhS2_           
00001789  _ZN9lcddriver9LcdDriver13backLedSwitchERKb                     
00001a1d  _ZN12GeneralTimer12getTimeStampEjj                             
00001a33  _ZN12GeneralTimerC1E9TimerUnit                                 
00001a33  _ZN12GeneralTimerC2E9TimerUnit                                 
00001aa9  _ZN12GeneralTimer10startTimerERy                               
00001ac1  _ZN12GeneralTimer9stopTimerERKy                                
00001b33  _ZN12GeneralTimer4waitERKy                                     
00001bc5  main                                                           
00001d09  __aeabi_ddiv                                                   
00001e3f  GPIOPadConfigSet                                               
00001f71  SysCtlClockGet                                                 
00002089  fputs                                                          
0000219d  __aeabi_dmul                                                   
00002299  SysCtlClockSet                                                 
0000238d  setvbuf                                                        
00002469  free                                                           
00002541  __aeabi_memcpy                                                 
00002541  __aeabi_memcpy4                                                
00002541  __aeabi_memcpy8                                                
00002541  memcpy                                                         
000025dd  __aeabi_cdcmpeq                                                
000025dd  __aeabi_cdcmple                                                
00002665  fflush                                                         
000026e1  __aeabi_memclr                                                 
000026e1  __aeabi_memclr4                                                
000026e1  __aeabi_memclr8                                                
000026e3  __aeabi_memset                                                 
000026e3  __aeabi_memset4                                                
000026e3  __aeabi_memset8                                                
000026e9  memset                                                         
0000275d  malloc                                                         
000027d5  __TI_closefile                                                 
00002849  HOSTlseek                                                      
000028b1  HOSTrename                                                     
00002919  __TI_decompress_lzss                                           
00002981  fseek                                                          
000029e5  __TI_wrt_ok                                                    
00002a49  HOSTopen                                                       
00002aa9  TimerConfigure                                                 
00002b09  close                                                          
00002b65  __aeabi_d2ulz                                                  
00002bc1  HOSTread                                                       
00002c19  HOSTwrite                                                      
00002c71  __TI_doflush                                                   
00002cbd  exit                                                           
00002d05  HOSTclose                                                      
00002d49  HOSTunlink                                                     
00002d8d  _ZN12GeneralTimer10timeToTickERKy                              
00002dd1  __TI_auto_init_nobinit_nopinit                                 
00002e15  getdevice                                                      
00002e95  SysCtlPeripheralReady                                          
00002ecd  __TI_writemsg                                                  
00002efb  C$$IO$$                                                        
00002f05  _c_int00_noargs                                                
00002f3d  minit                                                          
00002f75  strncpy                                                        
00002fad  SysCtlPeripheralEnable                                         
00002fe1  __TI_cleanup                                                   
00003015  __TI_readmsg                                                   
00003049  finddevice                                                     
00003079  GPIODirModeSet                                                 
000030a5  __aeabi_ul2d                                                   
000030d1  remove                                                         
000030d1  unlink                                                         
000030fd  lseek                                                          
0000314d  write                                                          
00003175  _ZN12GeneralTimer10tickToTimeERKy                              
00003197  memchr                                                         
000031b7  __aeabi_ui2d                                                   
000031d9  _abort_msg                                                     
000031f5  GPIOPinTypeGPIOOutput                                          
0000320d  strcmp                                                         
00003225  GPIOPinTypeGPIOInput                                           
0000323b  TimerValueGet64                                                
00003251  strchr                                                         
00003267  strcpy                                                         
0000327b  strlen                                                         
0000328f  __TI_zero_init_nomemset                                        
000032a1  isdigit                                                        
000032b1  isspace                                                        
000032c1  TimerEnable                                                    
000032cf  __TI_decompress_none                                           
000032dd  ResetISR                                                       
000032e9  GPIOPinRead                                                    
000032ef  GPIOPinWrite                                                   
000032f5  SysCtlDelay                                                    
000032fb  TimerLoadSet64                                                 
00003301  _system_pre_init                                               
00003305  C$$EXIT                                                        
00003305  abort                                                          
00003308  _ctypes_                                                       
00003478  _ZZN12GeneralTimer10timeToTickERKyEs                           
00003560  __TI_Handler_Table_Base                                        
0000356c  __TI_Handler_Table_Limit                                       
00003578  __TI_CINIT_Base                                                
00003588  __TI_CINIT_Limit                                               
20000000  __stack                                                        
20000200  __STACK_TOP                                                    
20000800  __STACK_END                                                    
20000800  _ftable                                                        
200008f0  _device                                                        
20000968  _stream                                                        
200009b8  __TI_ft_end                                                    
200009bc  __aeabi_stdin                                                  
200009c0  __aeabi_stdout                                                 
200009c4  __aeabi_stderr                                                 
200009c8  __TI_cleanup_ptr                                               
200009cc  __TI_dtors_ptr                                                 
200009d0  __TI_enable_exit_profile_output                                
200009e0  _lock                                                          
200009e4  _unlock                                                        
200009e8  _ZN12GeneralTimer13_isConfiguredE                              
200009ec  __CIOBUF_                                                      
20000b0c  __TI_tmpnams                                                   
20000bac  parmbuf                                                        
20000bb8  _sys_memory                                                    
ffffffff  __TI_pprof_out_hndl                                            
ffffffff  __TI_prof_data_size                                            
ffffffff  __TI_prof_data_start                                           
ffffffff  __binit__                                                      
ffffffff  __c_args__                                                     
ffffffff  binit                                                          
UNDEFED   __mpu_init                                                     
UNDEFED   _system_post_cinit                                             

[164 symbols]
